Archive member included to satisfy reference by file (symbol)

G:/devkitPro/libctru/lib\libcitro2d.a(base.o)
                              main.o (C2D_Init)
G:/devkitPro/libctru/lib\libcitro2d.a(text.o)
                              gui.o (C2D_TextBufNew)
G:/devkitPro/libctru/lib\libcitro2d.a(spritesheet.o)
                              gui.o (C2D_SpriteSheetLoad)
G:/devkitPro/libctru/lib\libcitro2d.a(font.o)
                              G:/devkitPro/libctru/lib\libcitro2d.a(text.o) (C2D_FontGlyphIndexFromCodePoint)
G:/devkitPro/libctru/lib\libcitro2d.a(render2d.shbin.o)
                              G:/devkitPro/libctru/lib\libcitro2d.a(base.o) (render2d_shbin)
G:/devkitPro/libctru/lib\libcitro3d.a(base.o)
                              main.o (C3D_Init)
G:/devkitPro/libctru/lib\libcitro3d.a(renderqueue.o)
                              G:/devkitPro/libctru/lib\libcitro3d.a(base.o) (C3Di_RenderQueueEnableVBlank)
G:/devkitPro/libctru/lib\libcitro3d.a(texture.o)
                              G:/devkitPro/libctru/lib\libcitro2d.a(base.o) (C3D_TexBind)
G:/devkitPro/libctru/lib\libcitro3d.a(tex3ds.o)
                              G:/devkitPro/libctru/lib\libcitro2d.a(spritesheet.o) (Tex3DS_TextureImport)
G:/devkitPro/libctru/lib\libcitro3d.a(framebuffer.o)
                              G:/devkitPro/libctru/lib\libcitro3d.a(renderqueue.o) (C3D_CalcColorBufSize)
G:/devkitPro/libctru/lib\libcitro3d.a(texenv.o)
                              G:/devkitPro/libctru/lib\libcitro2d.a(base.o) (C3D_GetTexEnv)
G:/devkitPro/libctru/lib\libcitro3d.a(proctex.o)
                              G:/devkitPro/libctru/lib\libcitro2d.a(base.o) (C3D_ProcTexInit)
G:/devkitPro/libctru/lib\libcitro3d.a(buffers.o)
                              G:/devkitPro/libctru/lib\libcitro2d.a(base.o) (BufInfo_Init)
G:/devkitPro/libctru/lib\libcitro3d.a(drawArrays.o)
                              G:/devkitPro/libctru/lib\libcitro2d.a(base.o) (C3D_DrawArrays)
G:/devkitPro/libctru/lib\libcitro3d.a(effect.o)
                              G:/devkitPro/libctru/lib\libcitro3d.a(base.o) (C3D_DepthMap)
G:/devkitPro/libctru/lib\libcitro3d.a(attribs.o)
                              G:/devkitPro/libctru/lib\libcitro2d.a(base.o) (AttrInfo_Init)
G:/devkitPro/libctru/lib\libcitro3d.a(immediate.o)
                              G:/devkitPro/libctru/lib\libcitro3d.a(base.o) (C3D_ImmSendAttrib)
G:/devkitPro/libctru/lib\libcitro3d.a(uniforms.o)
                              G:/devkitPro/libctru/lib\libcitro3d.a(base.o) (C3D_UpdateUniforms)
G:/devkitPro/libctru/lib\libcitro3d.a(mtx_ortho.o)
                              G:/devkitPro/libctru/lib\libcitro2d.a(base.o) (Mtx_Ortho)
G:/devkitPro/libctru/lib\libcitro3d.a(mtx_scale.o)
                              G:/devkitPro/libctru/lib\libcitro2d.a(base.o) (Mtx_Scale)
G:/devkitPro/libctru/lib\libcitro3d.a(mtx_multiply.o)
                              G:/devkitPro/libctru/lib\libcitro2d.a(base.o) (Mtx_Multiply)
G:/devkitPro/libctru/lib\libcitro3d.a(mtx_orthotilt.o)
                              G:/devkitPro/libctru/lib\libcitro2d.a(base.o) (Mtx_OrthoTilt)
G:/devkitPro/libctru/lib\libcitro3d.a(mtx_translate.o)
                              G:/devkitPro/libctru/lib\libcitro2d.a(base.o) (Mtx_Translate)
G:/devkitPro/libctru/lib\libcitro3d.a(mtx_rotatez.o)
                              G:/devkitPro/libctru/lib\libcitro2d.a(base.o) (Mtx_RotateZ)
G:/devkitPro/libctru/lib\libctru.a(vram.o)
                              G:/devkitPro/libctru/lib\libcitro3d.a(renderqueue.o) (vramAlloc)
G:/devkitPro/libctru/lib\libctru.a(linear.o)
                              G:/devkitPro/libctru/lib\libcitro2d.a(base.o) (linearAlloc)
G:/devkitPro/libctru/lib\libctru.a(mem_pool.o)
                              G:/devkitPro/libctru/lib\libctru.a(vram.o) (MemPool::Allocate(MemChunk&, unsigned long, int))
G:/devkitPro/libctru/lib\libctru.a(romfs_dev.o)
                              G:/devkitPro/libctru/lib\libcitro2d.a(font.o) (romfsMountFromTitle)
G:/devkitPro/libctru/lib\libctru.a(os.o)
                              G:/devkitPro/libctru/lib\libcitro3d.a(texture.o) (osConvertVirtToPhys)
G:/devkitPro/libctru/lib\libctru.a(path_buf.o)
                              G:/devkitPro/libctru/lib\libctru.a(romfs_dev.o) (__ctru_dev_utf16_buf)
G:/devkitPro/libctru/lib\libctru.a(font.o)
                              G:/devkitPro/libctru/lib\libcitro2d.a(text.o) (fontEnsureMapped)
G:/devkitPro/libctru/lib\libctru.a(gfx.o)
                              G:/devkitPro/libctru/lib\libcitro2d.a(base.o) (gfxIsWide)
G:/devkitPro/libctru/lib\libctru.a(shaderProgram.o)
                              G:/devkitPro/libctru/lib\libcitro2d.a(base.o) (shaderInstanceGetUniformLocation)
G:/devkitPro/libctru/lib\libctru.a(shbin.o)
                              G:/devkitPro/libctru/lib\libcitro2d.a(base.o) (DVLB_ParseFile)
G:/devkitPro/libctru/lib\libctru.a(gx.o)
                              G:/devkitPro/libctru/lib\libcitro3d.a(renderqueue.o) (GX_BindQueue)
[...]
Memory Configuration

Name             Origin             Length             Attributes
*default*        0x0000000000000000 0xffffffffffffffff

Linker script and memory map

                0x0000000000100000                PROVIDE (__start__ = 0x100000)
                0x0000000000100000                . = __start__

.text           0x0000000000100000    0x20d9c
 *(.crt0)
 .crt0          0x0000000000100000       0x94 g:/devkitpro/devkitarm/bin/../lib/gcc/arm-none-eabi/11.1.0/../../../../arm-none-eabi/lib/armv6k/fpu/3dsx_crt0.o
                0x0000000000100000                _start
                0x0000000000100008                __service_ptr
                0x000000000010000c                __apt_appid
                0x0000000000100010                __heap_size
                0x0000000000100014                __linear_heap_size
                0x0000000000100018                __system_arglist
                0x000000000010001c                __system_runflags
 *(.init)
 .init          0x0000000000100094        0xc g:/devkitpro/devkitarm/bin/../lib/gcc/arm-none-eabi/11.1.0/armv6k/fpu/crti.o
                0x0000000000100094                _init
 .init          0x00000000001000a0        0xc g:/devkitpro/devkitarm/bin/../lib/gcc/arm-none-eabi/11.1.0/armv6k/fpu/crtn.o
                0x00000000001000ac                . = ALIGN (0x4)
 *(.text)
 .text          0x00000000001000ac      0x20c g:/devkitpro/devkitarm/bin/../lib/gcc/arm-none-eabi/11.1.0/armv6k/fpu\libgcc.a(_udivsi3.o)
                0x00000000001000ac                __aeabi_uidiv
                0x00000000001000ac                __udivsi3
                0x0000000000100298                __aeabi_uidivmod
 .text          0x00000000001002b8      0x240 g:/devkitpro/devkitarm/bin/../lib/gcc/arm-none-eabi/11.1.0/armv6k/fpu\libgcc.a(_divsi3.o)
                0x00000000001002b8                __divsi3
                0x00000000001002b8                __aeabi_idiv
                0x00000000001004d8                __aeabi_idivmod
 .text          0x00000000001004f8        0x4 g:/devkitpro/devkitarm/bin/../lib/gcc/arm-none-eabi/11.1.0/armv6k/fpu\libgcc.a(_dvmd_tls.o)
                0x00000000001004f8                __aeabi_idiv0
                0x00000000001004f8                __aeabi_ldiv0
 .text          0x00000000001004fc       0xd4 g:/devkitpro/devkitarm/bin/../lib/gcc/arm-none-eabi/11.1.0/armv6k/fpu\libgcc.a(_aeabi_ldivmod.o)
                0x00000000001004fc                __aeabi_ldivmod
 .text          0x00000000001005d0       0x3c g:/devkitpro/devkitarm/bin/../lib/gcc/arm-none-eabi/11.1.0/armv6k/fpu\libgcc.a(_aeabi_uldivmod.o)
                0x00000000001005d0                __aeabi_uldivmod
 *fill*         0x000000000010060c       0x14 
 .text          0x0000000000100620      0x390 g:/devkitpro/devkitarm/bin/../lib/gcc/arm-none-eabi/11.1.0/../../../../arm-none-eabi/lib/armv6k/fpu\libg.a(lib_a-strcmp.o)
                0x0000000000100628                strcmp
 *(.text.*)
 .text.__do_global_dtors_aux
                0x00000000001009b0       0x40 g:/devkitpro/devkitarm/bin/../lib/gcc/arm-none-eabi/11.1.0/armv6k/fpu/crtbegin.o
 .text.frame_dummy
                0x00000000001009f0       0x2c g:/devkitpro/devkitarm/bin/../lib/gcc/arm-none-eabi/11.1.0/armv6k/fpu/crtbegin.o
 .text.MyCallback
                0x0000000000100a1c       0x60 app.o
 .text.downloadFromUrl
                0x0000000000100a7c       0x94 app.o
                0x0000000000100a7c                downloadFromUrl
 .text.checkStatus
                0x0000000000100b10       0x5c app.o
                0x0000000000100b10                checkStatus
 .text.app      0x0000000000100b6c      0x48c app.o
                0x0000000000100b6c                app
 .text.StartUp  0x0000000000100ff8       0xb0 app.o
                0x0000000000100ff8                StartUp
 .text.InitMenueScreen
                0x00000000001010a8       0x94 gui.o
                0x00000000001010a8                InitMenueScreen
 .text.InitMenueBar
                0x000000000010113c       0x7c gui.o
                0x000000000010113c                InitMenueBar
 .text.InitSearchScreen
                0x00000000001011b8       0x70 gui.o
                0x00000000001011b8                InitSearchScreen
 .text.InitSettingsScreen
                0x0000000000101228       0x7c gui.o
                0x0000000000101228                InitSettingsScreen
 .text.renderMenueBar
                0x00000000001012a4      0x140 gui.o
                0x00000000001012a4                renderMenueBar
 .text.renderBottomMenueScreen
                0x00000000001013e4       0x48 gui.o
                0x00000000001013e4                renderBottomMenueScreen
 .text.renderTopMenueScreen
                0x000000000010142c       0x9c gui.o
                0x000000000010142c                renderTopMenueScreen
 .text.renderBottomSearchScreen
                0x00000000001014c8      0x1e0 gui.o
                0x00000000001014c8                renderBottomSearchScreen
 .text.renderTopSearchScreen
                0x00000000001016a8      0x1f0 gui.o
                0x00000000001016a8                renderTopSearchScreen
 .text.renderBottomSettingsScreen
                0x0000000000101898      0x100 gui.o
                0x0000000000101898                renderBottomSettingsScreen
 .text.renderTopSettingsScreen
                0x0000000000101998       0x64 gui.o
                0x0000000000101998                renderTopSettingsScreen
 .text.MessageBox
                0x00000000001019fc      0x2c8 gui.o
                0x00000000001019fc                MessageBox
 .text.exitScene
                0x0000000000101cc4       0x38 gui.o
                0x0000000000101cc4                exitScene
 .text.getInput
                0x0000000000101cfc       0x3c input.o
                0x0000000000101cfc                getInput
 .text.C2D_SceneBegin
                0x0000000000101d38       0x28 main.o
 .text.startup.main
                0x0000000000101d60      0x278 main.o
                0x0000000000101d60                main
 .text.renderMsgBox
                0x0000000000101fd8       0x18 main.o
                0x0000000000101fd8                renderMsgBox
 .text.C2Di_FrameEndHook
                0x0000000000101ff0       0x34 G:/devkitPro/libctru/lib\libcitro2d.a(base.o)
 *fill*         0x0000000000102024        0x4 
 .text.C2D_Init
                0x0000000000102028      0x330 G:/devkitPro/libctru/lib\libcitro2d.a(base.o)
                0x0000000000102028                C2D_Init
 .text.C2D_Fini
                0x0000000000102358       0x44 G:/devkitPro/libctru/lib\libcitro2d.a(base.o)
                0x0000000000102358                C2D_Fini
 .text.C2D_Prepare
                0x000000000010239c       0xd0 G:/devkitPro/libctru/lib\libcitro2d.a(base.o)
                0x000000000010239c                C2D_Prepare
 .text.C2D_Flush
                0x000000000010246c       0x3c G:/devkitPro/libctru/lib\libcitro2d.a(base.o)
                0x000000000010246c                C2D_Flush
 .text.C2D_SceneSize
                0x00000000001024a8      0x108 G:/devkitPro/libctru/lib\libcitro2d.a(base.o)
                0x00000000001024a8                C2D_SceneSize
 .text.C2D_CreateScreenTarget
                0x00000000001025b0       0x58 G:/devkitPro/libctru/lib\libcitro2d.a(base.o)
                0x00000000001025b0                C2D_CreateScreenTarget
 .text.C2D_TargetClear
                0x0000000000102608       0x58 G:/devkitPro/libctru/lib\libcitro2d.a(base.o)
                0x0000000000102608                C2D_TargetClear
 .text.C2Di_AppendVtx
                0x0000000000102660       0x40 G:/devkitPro/libctru/lib\libcitro2d.a(base.o)
                0x0000000000102660                C2Di_AppendVtx
 .text.C2Di_Update
                0x00000000001026a0      0x22c G:/devkitPro/libctru/lib\libcitro2d.a(base.o)
                0x00000000001026a0                C2Di_Update
 .text.C2D_DrawRectangle
                0x00000000001028cc      0x1b0 G:/devkitPro/libctru/lib\libcitro2d.a(base.o)
                0x00000000001028cc                C2D_DrawRectangle
 .text.C2D_DrawEllipse
                0x0000000000102a7c      0x1a8 G:/devkitPro/libctru/lib\libcitro2d.a(base.o)
                0x0000000000102a7c                C2D_DrawEllipse
 .text.C2Di_GlyphComp
                0x0000000000102c24       0x18 G:/devkitPro/libctru/lib\libcitro2d.a(text.o)
 .text.C2Di_CalcLineWidths
                0x0000000000102c3c      0x140 G:/devkitPro/libctru/lib\libcitro2d.a(text.o)
 .text.C2D_TextBufNew
                0x0000000000102d7c      0x1d0 G:/devkitPro/libctru/lib\libcitro2d.a(text.o)
                0x0000000000102d7c                C2D_TextBufNew
 .text.C2D_TextBufDelete
                0x0000000000102f4c        0x4 G:/devkitPro/libctru/lib\libcitro2d.a(text.o)
                0x0000000000102f4c                C2D_TextBufDelete
 .text.C2D_TextBufClear
                0x0000000000102f50        0xc G:/devkitPro/libctru/lib\libcitro2d.a(text.o)
                0x0000000000102f50                C2D_TextBufClear
 .text.C2D_TextFontParseLine
                0x0000000000102f5c      0x1c8 G:/devkitPro/libctru/lib\libcitro2d.a(text.o)
                0x0000000000102f5c                C2D_TextFontParseLine
 .text.C2D_TextFontParse
                0x0000000000103124       0xa8 G:/devkitPro/libctru/lib\libcitro2d.a(text.o)
                0x0000000000103124                C2D_TextFontParse
 .text.C2D_TextParse
                0x00000000001031cc       0x14 G:/devkitPro/libctru/lib\libcitro2d.a(text.o)
                0x00000000001031cc                C2D_TextParse
 .text.C2D_TextOptimize
                0x00000000001031e0       0x30 G:/devkitPro/libctru/lib\libcitro2d.a(text.o)
                0x00000000001031e0                C2D_TextOptimize
 .text.C2D_DrawText
                0x0000000000103210     0x10d4 G:/devkitPro/libctru/lib\libcitro2d.a(text.o)
                0x0000000000103210                C2D_DrawText
 .text.C2D_FontGlyphIndexFromCodePoint
                0x00000000001042e4       0x44 G:/devkitPro/libctru/lib\libcitro2d.a(font.o)
                0x00000000001042e4                C2D_FontGlyphIndexFromCodePoint
 .text.C2D_FontCalcGlyphPos
                0x0000000000104328       0x78 G:/devkitPro/libctru/lib\libcitro2d.a(font.o)
                0x0000000000104328                C2D_FontCalcGlyphPos
 .text.C3Di_LightEnvUpdate
                0x00000000001043a0        0x4 G:/devkitPro/libctru/lib\libcitro3d.a(base.o)
                0x00000000001043a0                C3Di_LightEnvUpdate
 .text.C3Di_LightEnvDirty
                0x00000000001043a4        0x4 G:/devkitPro/libctru/lib\libcitro3d.a(base.o)
                0x00000000001043a4                C3Di_LightEnvDirty
 .text.C3Di_AptEventHook
                0x00000000001043a8       0xb4 G:/devkitPro/libctru/lib\libcitro3d.a(base.o)
 .text.C3Di_GasUpdate
                0x000000000010445c        0x4 G:/devkitPro/libctru/lib\libcitro3d.a(base.o)
                0x000000000010445c                C3Di_GasUpdate
 .text.C3D_Init
                0x0000000000104460      0x1e0 G:/devkitPro/libctru/lib\libcitro3d.a(base.o)
                0x0000000000104460                C3D_Init
 .text.C3D_SetViewport
                0x0000000000104640       0x98 G:/devkitPro/libctru/lib\libcitro3d.a(base.o)
                0x0000000000104640                C3D_SetViewport
 .text.C3Di_UpdateContext
                0x00000000001046d8      0x4ec G:/devkitPro/libctru/lib\libcitro3d.a(base.o)
                0x00000000001046d8                C3Di_UpdateContext
 .text.C3Di_SplitFrame
                0x0000000000104bc4       0xe0 G:/devkitPro/libctru/lib\libcitro3d.a(base.o)
                0x0000000000104bc4                C3Di_SplitFrame
 .text.C3D_Fini
                0x0000000000104ca4       0x44 G:/devkitPro/libctru/lib\libcitro3d.a(base.o)
                0x0000000000104ca4                C3D_Fini
 .text.C3D_BindProgram
                0x0000000000104ce8      0x108 G:/devkitPro/libctru/lib\libcitro3d.a(base.o)
                0x0000000000104ce8                C3D_BindProgram
 .text.onVBlank0
                0x0000000000104df0       0x4c G:/devkitPro/libctru/lib\libcitro3d.a(renderqueue.o)
 .text.onVBlank1
                0x0000000000104e3c       0x4c G:/devkitPro/libctru/lib\libcitro3d.a(renderqueue.o)
 .text.C3Di_RenderTargetDestroy
                0x0000000000104e88       0x80 G:/devkitPro/libctru/lib\libcitro3d.a(renderqueue.o)
 .text.onQueueFinish
                0x0000000000104f08       0xf4 G:/devkitPro/libctru/lib\libcitro3d.a(renderqueue.o)
 .text.C3Di_RenderQueueEnableVBlank
                0x0000000000104ffc       0x38 G:/devkitPro/libctru/lib\libcitro3d.a(renderqueue.o)
                0x0000000000104ffc                C3Di_RenderQueueEnableVBlank
 .text.C3Di_RenderQueueDisableVBlank
                0x0000000000105034       0x30 G:/devkitPro/libctru/lib\libcitro3d.a(renderqueue.o)
                0x0000000000105034                C3Di_RenderQueueDisableVBlank
 .text.C3Di_RenderQueueInit
                0x0000000000105064       0x60 G:/devkitPro/libctru/lib\libcitro3d.a(renderqueue.o)
                0x0000000000105064                C3Di_RenderQueueInit
 .text.C3Di_RenderQueueExit
                0x00000000001050c4       0xb0 G:/devkitPro/libctru/lib\libcitro3d.a(renderqueue.o)
                0x00000000001050c4                C3Di_RenderQueueExit
 .text.C3Di_RenderQueueWaitDone
                0x0000000000105174       0x34 G:/devkitPro/libctru/lib\libcitro3d.a(renderqueue.o)
                0x0000000000105174                C3Di_RenderQueueWaitDone
 .text.C3D_FrameBegin
                0x00000000001051a8       0xe4 G:/devkitPro/libctru/lib\libcitro3d.a(renderqueue.o)
                0x00000000001051a8                C3D_FrameBegin
 .text.C3D_FrameDrawOn
                0x000000000010528c       0x48 G:/devkitPro/libctru/lib\libcitro3d.a(renderqueue.o)
                0x000000000010528c                C3D_FrameDrawOn
 .text.C3D_FrameSplit
                0x00000000001052d4       0x58 G:/devkitPro/libctru/lib\libcitro3d.a(renderqueue.o)
                0x00000000001052d4                C3D_FrameSplit
 .text.C3D_FrameEnd
                0x000000000010532c      0x1d8 G:/devkitPro/libctru/lib\libcitro3d.a(renderqueue.o)
                0x000000000010532c                C3D_FrameEnd
 .text.C3D_FrameEndHook
                0x0000000000105504       0x1c G:/devkitPro/libctru/lib\libcitro3d.a(renderqueue.o)
                0x0000000000105504                C3D_FrameEndHook
 .text.C3D_RenderTargetCreate
                0x0000000000105520      0x128 G:/devkitPro/libctru/lib\libcitro3d.a(renderqueue.o)
                0x0000000000105520                C3D_RenderTargetCreate
 .text.C3D_RenderTargetSetOutput
                0x0000000000105648       0xa8 G:/devkitPro/libctru/lib\libcitro3d.a(renderqueue.o)
                0x0000000000105648                C3D_RenderTargetSetOutput
 .text.C3D_TexBind
                0x00000000001056f0       0x44 G:/devkitPro/libctru/lib\libcitro3d.a(texture.o)
                0x00000000001056f0                C3D_TexBind
 .text.C3Di_SetTex
                0x0000000000105734      0x16c G:/devkitPro/libctru/lib\libcitro3d.a(texture.o)
                0x0000000000105734                C3Di_SetTex
 .text.C3D_CalcColorBufSize
                0x00000000001058a0       0x1c G:/devkitPro/libctru/lib\libcitro3d.a(framebuffer.o)
                0x00000000001058a0                C3D_CalcColorBufSize
 .text.C3D_CalcDepthBufSize
                0x00000000001058bc       0x1c G:/devkitPro/libctru/lib\libcitro3d.a(framebuffer.o)
                0x00000000001058bc                C3D_CalcDepthBufSize
 .text.C3D_SetFrameBuf
                0x00000000001058d8       0x44 G:/devkitPro/libctru/lib\libcitro3d.a(framebuffer.o)
                0x00000000001058d8                C3D_SetFrameBuf
 .text.C3Di_FrameBufBind
                0x000000000010591c      0x16c G:/devkitPro/libctru/lib\libcitro3d.a(framebuffer.o)
                0x000000000010591c                C3Di_FrameBufBind
 .text.C3D_FrameBufClear
                0x0000000000105a88       0xcc G:/devkitPro/libctru/lib\libcitro3d.a(framebuffer.o)
                0x0000000000105a88                C3D_FrameBufClear
 .text.C3D_FrameBufTransfer
                0x0000000000105b54       0x44 G:/devkitPro/libctru/lib\libcitro3d.a(framebuffer.o)
                0x0000000000105b54                C3D_FrameBufTransfer
 .text.C3D_GetTexEnv
                0x0000000000105b98       0x34 G:/devkitPro/libctru/lib\libcitro3d.a(texenv.o)
                0x0000000000105b98                C3D_GetTexEnv
 .text.C3Di_TexEnvBind
                0x0000000000105bcc       0x24 G:/devkitPro/libctru/lib\libcitro3d.a(texenv.o)
                0x0000000000105bcc                C3Di_TexEnvBind
 .text.C3D_ProcTexInit
                0x0000000000105bf0       0x70 G:/devkitPro/libctru/lib\libcitro3d.a(proctex.o)
                0x0000000000105bf0                C3D_ProcTexInit
 .text.C3D_ProcTexBind
                0x0000000000105c60       0x54 G:/devkitPro/libctru/lib\libcitro3d.a(proctex.o)
                0x0000000000105c60                C3D_ProcTexBind
 .text.C3D_ProcTexLutBind
                0x0000000000105cb4       0x5c G:/devkitPro/libctru/lib\libcitro3d.a(proctex.o)
                0x0000000000105cb4                C3D_ProcTexLutBind
 .text.ProcTexLut_FromArray
                0x0000000000105d10       0xa4 G:/devkitPro/libctru/lib\libcitro3d.a(proctex.o)
                0x0000000000105d10                ProcTexLut_FromArray
 .text.C3Di_ProcTexUpdate
                0x0000000000105db4      0x17c G:/devkitPro/libctru/lib\libcitro3d.a(proctex.o)
                0x0000000000105db4                C3Di_ProcTexUpdate
 .text.C3Di_ProcTexDirty
                0x0000000000105f30       0x68 G:/devkitPro/libctru/lib\libcitro3d.a(proctex.o)
                0x0000000000105f30                C3Di_ProcTexDirty
 .text.BufInfo_Init
                0x0000000000105f98       0x24 G:/devkitPro/libctru/lib\libcitro3d.a(buffers.o)
                0x0000000000105f98                BufInfo_Init
 .text.BufInfo_Add
                0x0000000000105fbc       0x80 G:/devkitPro/libctru/lib\libcitro3d.a(buffers.o)
                0x0000000000105fbc                BufInfo_Add
 .text.C3D_SetBufInfo
                0x000000000010603c       0x40 G:/devkitPro/libctru/lib\libcitro3d.a(buffers.o)
                0x000000000010603c                C3D_SetBufInfo
 .text.C3Di_BufInfoBind
                0x000000000010607c       0x48 G:/devkitPro/libctru/lib\libcitro3d.a(buffers.o)
                0x000000000010607c                C3Di_BufInfoBind
 .text.C3D_DrawArrays
                0x00000000001060c4      0x148 G:/devkitPro/libctru/lib\libcitro3d.a(drawArrays.o)
                0x00000000001060c4                C3D_DrawArrays
 .text.C3D_DepthMap
                0x000000000010620c       0x40 G:/devkitPro/libctru/lib\libcitro3d.a(effect.o)
                0x000000000010620c                C3D_DepthMap
 .text.C3D_CullFace
                0x000000000010624c       0x1c G:/devkitPro/libctru/lib\libcitro3d.a(effect.o)
                0x000000000010624c                C3D_CullFace
 .text.C3D_StencilTest
                0x0000000000106268       0x40 G:/devkitPro/libctru/lib\libcitro3d.a(effect.o)
                0x0000000000106268                C3D_StencilTest
 .text.C3D_StencilOp
                0x00000000001062a8       0x24 G:/devkitPro/libctru/lib\libcitro3d.a(effect.o)
                0x00000000001062a8                C3D_StencilOp
 .text.C3D_BlendingColor
                0x00000000001062cc       0x1c G:/devkitPro/libctru/lib\libcitro3d.a(effect.o)
                0x00000000001062cc                C3D_BlendingColor
 .text.C3D_EarlyDepthTest
                0x00000000001062e8       0x24 G:/devkitPro/libctru/lib\libcitro3d.a(effect.o)
                0x00000000001062e8                C3D_EarlyDepthTest
 .text.C3D_DepthTest
                0x000000000010630c       0x2c G:/devkitPro/libctru/lib\libcitro3d.a(effect.o)
                0x000000000010630c                C3D_DepthTest
 .text.C3D_AlphaTest
                0x0000000000106338       0x2c G:/devkitPro/libctru/lib\libcitro3d.a(effect.o)
                0x0000000000106338                C3D_AlphaTest
 .text.C3D_AlphaBlend
                0x0000000000106364       0x50 G:/devkitPro/libctru/lib\libcitro3d.a(effect.o)
                0x0000000000106364                C3D_AlphaBlend
 .text.C3D_FragOpMode
                0x00000000001063b4       0x30 G:/devkitPro/libctru/lib\libcitro3d.a(effect.o)
                0x00000000001063b4                C3D_FragOpMode
 .text.C3D_FragOpShadow
                0x00000000001063e4       0x44 G:/devkitPro/libctru/lib\libcitro3d.a(effect.o)
                0x00000000001063e4                C3D_FragOpShadow
 .text.C3Di_EffectBind
                0x0000000000106428      0x1ac G:/devkitPro/libctru/lib\libcitro3d.a(effect.o)
                0x0000000000106428                C3Di_EffectBind
 .text.AttrInfo_Init
                0x00000000001065d4       0x28 G:/devkitPro/libctru/lib\libcitro3d.a(attribs.o)
                0x00000000001065d4                AttrInfo_Init
 .text.AttrInfo_AddLoader
                0x00000000001065fc       0x98 G:/devkitPro/libctru/lib\libcitro3d.a(attribs.o)
                0x00000000001065fc                AttrInfo_AddLoader
 .text.C3D_SetAttrInfo
                0x0000000000106694       0x54 G:/devkitPro/libctru/lib\libcitro3d.a(attribs.o)
                0x0000000000106694                C3D_SetAttrInfo
 .text.C3Di_AttrInfoBind
                0x00000000001066e8       0x80 G:/devkitPro/libctru/lib\libcitro3d.a(attribs.o)
                0x00000000001066e8                C3Di_AttrInfoBind
 .text.C3D_ImmSendAttrib
                0x0000000000106768       0xa8 G:/devkitPro/libctru/lib\libcitro3d.a(immediate.o)
                0x0000000000106768                C3D_ImmSendAttrib
 .text.C3D_UpdateUniforms
                0x0000000000106810      0x29c G:/devkitPro/libctru/lib\libcitro3d.a(uniforms.o)
                0x0000000000106810                C3D_UpdateUniforms
 .text.C3Di_DirtyUniforms
                0x0000000000106aac       0xc0 G:/devkitPro/libctru/lib\libcitro3d.a(uniforms.o)
                0x0000000000106aac                C3Di_DirtyUniforms
 .text.C3Di_LoadShaderUniforms
                0x0000000000106b6c       0xd8 G:/devkitPro/libctru/lib\libcitro3d.a(uniforms.o)
                0x0000000000106b6c                C3Di_LoadShaderUniforms
 .text.C3Di_ClearShaderUniforms
                0x0000000000106c44       0x28 G:/devkitPro/libctru/lib\libcitro3d.a(uniforms.o)
                0x0000000000106c44                C3Di_ClearShaderUniforms
 .text.Mtx_Ortho
                0x0000000000106c6c       0xcc G:/devkitPro/libctru/lib\libcitro3d.a(mtx_ortho.o)
                0x0000000000106c6c                Mtx_Ortho
 .text.Mtx_OrthoTilt
                0x0000000000106d38       0xcc G:/devkitPro/libctru/lib\libcitro3d.a(mtx_orthotilt.o)
                0x0000000000106d38                Mtx_OrthoTilt
 .text._ZL21addrMapNodeComparatorPK11rbtree_nodeS1_
                0x0000000000106e04       0x24 G:/devkitPro/libctru/lib\libctru.a(vram.o)
 .text._ZL21addrMapNodeDestructorP11rbtree_node
                0x0000000000106e28        0x4 G:/devkitPro/libctru/lib\libctru.a(vram.o)
 .text.vramMemAlign
                0x0000000000106e2c      0x114 G:/devkitPro/libctru/lib\libctru.a(vram.o)
                0x0000000000106e2c                vramMemAlign
 .text.vramAlloc
                0x0000000000106f40        0x8 G:/devkitPro/libctru/lib\libctru.a(vram.o)
                0x0000000000106f40                vramAlloc
 .text.vramFree
                0x0000000000106f48       0x5c G:/devkitPro/libctru/lib\libctru.a(vram.o)
                0x0000000000106f48                vramFree
 .text._ZL21addrMapNodeComparatorPK11rbtree_nodeS1_
                0x0000000000106fa4       0x24 G:/devkitPro/libctru/lib\libctru.a(linear.o)
 .text._ZL21addrMapNodeDestructorP11rbtree_node
                0x0000000000106fc8        0x4 G:/devkitPro/libctru/lib\libctru.a(linear.o)
 .text.linearMemAlign
                0x0000000000106fcc      0x120 G:/devkitPro/libctru/lib\libctru.a(linear.o)
                0x0000000000106fcc                linearMemAlign
 .text.linearAlloc
                0x00000000001070ec        0x8 G:/devkitPro/libctru/lib\libctru.a(linear.o)
                0x00000000001070ec                linearAlloc
 .text.linearFree
                0x00000000001070f4       0x5c G:/devkitPro/libctru/lib\libctru.a(linear.o)
                0x00000000001070f4                linearFree
 .text._ZN7MemPool13CoalesceRightEP8MemBlock
                0x0000000000107150       0x84 G:/devkitPro/libctru/lib\libctru.a(mem_pool.o)
                0x0000000000107150                MemPool::CoalesceRight(MemBlock*)
 .text._ZN7MemPool8AllocateER8MemChunkmi
                0x00000000001071d4      0x170 G:/devkitPro/libctru/lib\libctru.a(mem_pool.o)
                0x00000000001071d4                MemPool::Allocate(MemChunk&, unsigned long, int)
 .text._ZN7MemPool10DeallocateERK8MemChunk
                0x0000000000107344       0xfc G:/devkitPro/libctru/lib\libctru.a(mem_pool.o)
                0x0000000000107344                MemPool::Deallocate(MemChunk const&)
 .text.osConvertVirtToPhys
                0x0000000000107440       0x74 G:/devkitPro/libctru/lib\libctru.a(os.o)
                0x0000000000107440                osConvertVirtToPhys
 .text.osGetTimeRef
                0x00000000001074b4       0x54 G:/devkitPro/libctru/lib\libctru.a(os.o)
                0x00000000001074b4                osGetTimeRef
 .text.osGetTime
                0x0000000000107508       0xe4 G:/devkitPro/libctru/lib\libctru.a(os.o)
                0x0000000000107508                osGetTime
 .text.__libctru_gtod
                0x00000000001075ec       0x74 G:/devkitPro/libctru/lib\libctru.a(os.o)
                0x00000000001075ec                __libctru_gtod
 .text.__ctru_speedup_config
                0x0000000000107660       0x34 G:/devkitPro/libctru/lib\libctru.a(os.o)
                0x0000000000107660                __ctru_speedup_config
 .text.fontEnsureMapped
                0x0000000000107694       0x9c G:/devkitPro/libctru/lib\libctru.a(font.o)
                0x0000000000107694                fontEnsureMapped
 .text.fontGlyphIndexFromCodePoint
                0x0000000000107730       0xfc G:/devkitPro/libctru/lib\libctru.a(font.o)
                0x0000000000107730                fontGlyphIndexFromCodePoint
 .text.fontGetCharWidthInfo
                0x000000000010782c       0x6c G:/devkitPro/libctru/lib\libctru.a(font.o)
                0x000000000010782c                fontGetCharWidthInfo
 .text.fontCalcGlyphPos
                0x0000000000107898      0x1c0 G:/devkitPro/libctru/lib\libctru.a(font.o)
                0x0000000000107898                fontCalcGlyphPos
 .text.gfxPresentFramebuffer
                0x0000000000107a58       0xd0 G:/devkitPro/libctru/lib\libctru.a(gfx.o)
 .text.gfxIsWide
                0x0000000000107b28       0x1c G:/devkitPro/libctru/lib\libctru.a(gfx.o)
                0x0000000000107b28                gfxIsWide
 .text.gfxSetScreenFormat
                0x0000000000107b44       0xec G:/devkitPro/libctru/lib\libctru.a(gfx.o)
                0x0000000000107b44                gfxSetScreenFormat
 .text.gfxInit  0x0000000000107c30      0x108 G:/devkitPro/libctru/lib\libctru.a(gfx.o)
                0x0000000000107c30                gfxInit
 .text.gfxInitDefault
                0x0000000000107d38       0x10 G:/devkitPro/libctru/lib\libctru.a(gfx.o)
                0x0000000000107d38                gfxInitDefault
 .text.gfxExit  0x0000000000107d48       0xb4 G:/devkitPro/libctru/lib\libctru.a(gfx.o)
                0x0000000000107d48                gfxExit
 .text.gfxGetFramebuffer
                0x0000000000107dfc       0xa0 G:/devkitPro/libctru/lib\libctru.a(gfx.o)
                0x0000000000107dfc                gfxGetFramebuffer
 .text.gfxFlushBuffers
                0x0000000000107e9c      0x10c G:/devkitPro/libctru/lib\libctru.a(gfx.o)
                0x0000000000107e9c                gfxFlushBuffers
 .text.gfxScreenSwapBuffers
                0x0000000000107fa8       0x30 G:/devkitPro/libctru/lib\libctru.a(gfx.o)
                0x0000000000107fa8                gfxScreenSwapBuffers
 .text.shaderInstanceInit
                0x0000000000107fd8      0x1e0 G:/devkitPro/libctru/lib\libctru.a(shaderProgram.o)
                0x0000000000107fd8                shaderInstanceInit
 .text.shaderInstanceGetUniformLocation
                0x00000000001081b8       0x18 G:/devkitPro/libctru/lib\libctru.a(shaderProgram.o)
                0x00000000001081b8                shaderInstanceGetUniformLocation
 .text.shaderProgramInit
                0x00000000001081d0       0x1c G:/devkitPro/libctru/lib\libctru.a(shaderProgram.o)
                0x00000000001081d0                shaderProgramInit
 .text.shaderProgramFree
                0x00000000001081ec       0x64 G:/devkitPro/libctru/lib\libctru.a(shaderProgram.o)
                0x00000000001081ec                shaderProgramFree
 .text.shaderProgramSetVsh
                0x0000000000108250       0x80 G:/devkitPro/libctru/lib\libctru.a(shaderProgram.o)
                0x0000000000108250                shaderProgramSetVsh
 .text.shaderProgramConfigure
                0x00000000001082d0      0x8c0 G:/devkitPro/libctru/lib\libctru.a(shaderProgram.o)
                0x00000000001082d0                shaderProgramConfigure
 .text.DVLE_GenerateOutmap.part.0
                0x0000000000108b90      0x1f8 G:/devkitPro/libctru/lib\libctru.a(shbin.o)
 .text.DVLB_ParseFile
                0x0000000000108d88      0x1cc G:/devkitPro/libctru/lib\libctru.a(shbin.o)
                0x0000000000108d88                DVLB_ParseFile
 .text.DVLB_Free
                0x0000000000108f54       0x38 G:/devkitPro/libctru/lib\libctru.a(shbin.o)
                0x0000000000108f54                DVLB_Free
 .text.DVLE_GetUniformRegister
                0x0000000000108f8c       0x74 G:/devkitPro/libctru/lib\libctru.a(shbin.o)
                0x0000000000108f8c                DVLE_GetUniformRegister
 .text.GX_BindQueue
                0x0000000000109000       0x10 G:/devkitPro/libctru/lib\libctru.a(gx.o)
                0x0000000000109000                GX_BindQueue
 .text.GX_ProcessCommandList
                0x0000000000109010       0x78 G:/devkitPro/libctru/lib\libctru.a(gx.o)
                0x0000000000109010                GX_ProcessCommandList
 .text.GX_MemoryFill
                0x0000000000109088       0x74 G:/devkitPro/libctru/lib\libctru.a(gx.o)
                0x0000000000109088                GX_MemoryFill
 .text.GX_DisplayTransfer
                0x00000000001090fc       0x70 G:/devkitPro/libctru/lib\libctru.a(gx.o)
                0x00000000001090fc                GX_DisplayTransfer
 .text.gxCmdQueueDoCommands.part.0
                0x000000000010916c       0x68 G:/devkitPro/libctru/lib\libctru.a(gxqueue.o)
 .text.gxCmdQueueInterrupt
                0x00000000001091d4       0xc8 G:/devkitPro/libctru/lib\libctru.a(gxqueue.o)
                0x00000000001091d4                gxCmdQueueInterrupt
 .text.gxCmdQueueClear
                0x000000000010929c       0x4c G:/devkitPro/libctru/lib\libctru.a(gxqueue.o)
                0x000000000010929c                gxCmdQueueClear
 .text.gxCmdQueueAdd
                0x00000000001092e8       0xf8 G:/devkitPro/libctru/lib\libctru.a(gxqueue.o)
                0x00000000001092e8                gxCmdQueueAdd
 .text.gxCmdQueueRun
                0x00000000001093e0       0x80 G:/devkitPro/libctru/lib\libctru.a(gxqueue.o)
                0x00000000001093e0                gxCmdQueueRun
 .text.gxCmdQueueStop
                0x0000000000109460       0x60 G:/devkitPro/libctru/lib\libctru.a(gxqueue.o)
                0x0000000000109460                gxCmdQueueStop
 .text.gxCmdQueueWait
                0x00000000001094c0       0x74 G:/devkitPro/libctru/lib\libctru.a(gxqueue.o)
                0x00000000001094c0                gxCmdQueueWait
 .text.GPUCMD_Add
                0x0000000000109534      0x13c G:/devkitPro/libctru/lib\libctru.a(gpu.o)
                0x0000000000109534                GPUCMD_Add
 .text.GPUCMD_Split
                0x0000000000109670       0xac G:/devkitPro/libctru/lib\libctru.a(gpu.o)
                0x0000000000109670                GPUCMD_Split
 .text.f32tof16
                0x000000000010971c       0x40 G:/devkitPro/libctru/lib\libctru.a(gpu.o)
                0x000000000010971c                f32tof16
 .text.f32tof24
                0x000000000010975c       0x40 G:/devkitPro/libctru/lib\libctru.a(gpu.o)
                0x000000000010975c                f32tof24
 .text.f32tof31
                0x000000000010979c       0x44 G:/devkitPro/libctru/lib\libctru.a(gpu.o)
                0x000000000010979c                f32tof31
 .text.gspHardwareInit
                0x00000000001097e0      0xc58 G:/devkitPro/libctru/lib\libctru.a(gspgpu.o)
 .text.gspInit  0x000000000010a438      0x254 G:/devkitPro/libctru/lib\libctru.a(gspgpu.o)
                0x000000000010a438                gspInit
 .text.gspExit  0x000000000010a68c       0xf0 G:/devkitPro/libctru/lib\libctru.a(gspgpu.o)
                0x000000000010a68c                gspExit
 .text.gspHasGpuRight
                0x000000000010a77c       0x10 G:/devkitPro/libctru/lib\libctru.a(gspgpu.o)
                0x000000000010a77c                gspHasGpuRight
 .text.gspPresentBuffer
                0x000000000010a78c       0x98 G:/devkitPro/libctru/lib\libctru.a(gspgpu.o)
                0x000000000010a78c                gspPresentBuffer
 .text.gspSetEventCallback
                0x000000000010a824       0x30 G:/devkitPro/libctru/lib\libctru.a(gspgpu.o)
                0x000000000010a824                gspSetEventCallback
 .text.gspWaitForEvent
                0x000000000010a854       0x50 G:/devkitPro/libctru/lib\libctru.a(gspgpu.o)
                0x000000000010a854                gspWaitForEvent
 .text.gspWaitForAnyEvent
                0x000000000010a8a4       0x4c G:/devkitPro/libctru/lib\libctru.a(gspgpu.o)
                0x000000000010a8a4                gspWaitForAnyEvent
 .text.gspEventThreadMain
                0x000000000010a8f0      0x160 G:/devkitPro/libctru/lib\libctru.a(gspgpu.o)
 .text.gspSubmitGxCommand
                0x000000000010aa50      0x130 G:/devkitPro/libctru/lib\libctru.a(gspgpu.o)
                0x000000000010aa50                gspSubmitGxCommand
 .text.GSPGPU_FlushDataCache
                0x000000000010ab80       0x50 G:/devkitPro/libctru/lib\libctru.a(gspgpu.o)
                0x000000000010ab80                GSPGPU_FlushDataCache
 .text.GSPGPU_SetLcdForceBlack
                0x000000000010abd0       0x34 G:/devkitPro/libctru/lib\libctru.a(gspgpu.o)
                0x000000000010abd0                GSPGPU_SetLcdForceBlack
 .text.GSPGPU_AcquireRight
                0x000000000010ac04       0x68 G:/devkitPro/libctru/lib\libctru.a(gspgpu.o)
                0x000000000010ac04                GSPGPU_AcquireRight
 .text.GSPGPU_ReleaseRight
                0x000000000010ac6c       0x48 G:/devkitPro/libctru/lib\libctru.a(gspgpu.o)
                0x000000000010ac6c                GSPGPU_ReleaseRight
 .text.GSPGPU_ImportDisplayCaptureInfo
                0x000000000010acb4       0x7c G:/devkitPro/libctru/lib\libctru.a(gspgpu.o)
                0x000000000010acb4                GSPGPU_ImportDisplayCaptureInfo
 .text.GSPGPU_SaveVramSysArea
                0x000000000010ad30       0x2c G:/devkitPro/libctru/lib\libctru.a(gspgpu.o)
                0x000000000010ad30                GSPGPU_SaveVramSysArea
 .text.GSPGPU_RestoreVramSysArea
                0x000000000010ad5c       0x2c G:/devkitPro/libctru/lib\libctru.a(gspgpu.o)
                0x000000000010ad5c                GSPGPU_RestoreVramSysArea
 .text.aptConvertScreenForCapture
                0x000000000010ad88      0x1b0 G:/devkitPro/libctru/lib\libctru.a(apt.o)
 .text.aptDspSleep
                0x000000000010af38        0x8 G:/devkitPro/libctru/lib\libctru.a(apt.o)
                0x000000000010af38                aptDspSleep
 .text.aptDspWakeup
                0x000000000010af40        0x4 G:/devkitPro/libctru/lib\libctru.a(apt.o)
                0x000000000010af40                aptDspWakeup
 .text.aptDspCancel
                0x000000000010af44        0x4 G:/devkitPro/libctru/lib\libctru.a(apt.o)
                0x000000000010af44                aptDspCancel
 .text.aptSendCommand
                0x000000000010af48      0x15c G:/devkitPro/libctru/lib\libctru.a(apt.o)
                0x000000000010af48                aptSendCommand
 .text.aptExitProcess
                0x000000000010b0a4       0x38 G:/devkitPro/libctru/lib\libctru.a(apt.o)
 .text.aptExit  0x000000000010b0dc      0x2f0 G:/devkitPro/libctru/lib\libctru.a(apt.o)
                0x000000000010b0dc                aptExit
 .text.aptHandleSleep
                0x000000000010b3cc       0xd8 G:/devkitPro/libctru/lib\libctru.a(apt.o)
                0x000000000010b3cc                aptHandleSleep
 .text.aptHook  0x000000000010b4a4       0x30 G:/devkitPro/libctru/lib\libctru.a(apt.o)
                0x000000000010b4a4                aptHook
 .text.aptUnhook
                0x000000000010b4d4       0x30 G:/devkitPro/libctru/lib\libctru.a(apt.o)
                0x000000000010b4d4                aptUnhook
 .text.aptSetMessageCallback
                0x000000000010b504       0x1c G:/devkitPro/libctru/lib\libctru.a(apt.o)
                0x000000000010b504                aptSetMessageCallback
 .text.APT_SleepIfShellClosed
                0x000000000010b520       0x84 G:/devkitPro/libctru/lib\libctru.a(apt.o)
                0x000000000010b520                APT_SleepIfShellClosed
 .text.aptSetSleepAllowed
                0x000000000010b5a4       0x84 G:/devkitPro/libctru/lib\libctru.a(apt.o)
                0x000000000010b5a4                aptSetSleepAllowed
 .text.APT_UnlockTransition
                0x000000000010b628       0x84 G:/devkitPro/libctru/lib\libctru.a(apt.o)
                0x000000000010b628                APT_UnlockTransition
 *fill*         0x000000000010b6ac        0x4 
 .text.aptEventHandler
                0x000000000010b6b0      0x484 G:/devkitPro/libctru/lib\libctru.a(apt.o)
 .text.APT_ReceiveParameter
                0x000000000010bb34       0xb0 G:/devkitPro/libctru/lib\libctru.a(apt.o)
                0x000000000010bb34                APT_ReceiveParameter
 .text.aptReceiveParameter.constprop.0
                0x000000000010bbe4       0xb0 G:/devkitPro/libctru/lib\libctru.a(apt.o)
 *fill*         0x000000000010bc94        0x4 
 .text.aptScreenTransfer
                0x000000000010bc98      0x2bc G:/devkitPro/libctru/lib\libctru.a(apt.o)
 .text.aptWaitForWakeUp.isra.0
                0x000000000010bf54      0x2d0 G:/devkitPro/libctru/lib\libctru.a(apt.o)
 .text.aptLaunchLibraryApplet
                0x000000000010c224      0x118 G:/devkitPro/libctru/lib\libctru.a(apt.o)
                0x000000000010c224                aptLaunchLibraryApplet
 .text.aptJumpToHomeMenu
                0x000000000010c33c       0xf8 G:/devkitPro/libctru/lib\libctru.a(apt.o)
                0x000000000010c33c                aptJumpToHomeMenu
 .text.aptMainLoop
                0x000000000010c434       0x4c G:/devkitPro/libctru/lib\libctru.a(apt.o)
                0x000000000010c434                aptMainLoop
 .text.aptInit  0x000000000010c480      0x234 G:/devkitPro/libctru/lib\libctru.a(apt.o)
                0x000000000010c480                aptInit
 .text.APT_SendParameter
                0x000000000010c6b4       0x5c G:/devkitPro/libctru/lib\libctru.a(apt.o)
                0x000000000010c6b4                APT_SendParameter
 .text.APT_CheckNew3DS
                0x000000000010c710       0x7c G:/devkitPro/libctru/lib\libctru.a(apt.o)
                0x000000000010c710                APT_CheckNew3DS
 .text.APT_GetSharedFont
                0x000000000010c78c       0x48 G:/devkitPro/libctru/lib\libctru.a(apt.o)
                0x000000000010c78c                APT_GetSharedFont
 .text.hidShouldUseIrrst
                0x000000000010c7d4       0x24 G:/devkitPro/libctru/lib\libctru.a(hid.o)
                0x000000000010c7d4                hidShouldUseIrrst
 .text.hidInit  0x000000000010c7f8      0x18c G:/devkitPro/libctru/lib\libctru.a(hid.o)
                0x000000000010c7f8                hidInit
 .text.hidExit  0x000000000010c984       0xe8 G:/devkitPro/libctru/lib\libctru.a(hid.o)
                0x000000000010c984                hidExit
 .text.hidScanInput
                0x000000000010ca6c      0x294 G:/devkitPro/libctru/lib\libctru.a(hid.o)
                0x000000000010ca6c                hidScanInput
 .text.hidKeysDown
                0x000000000010cd00       0x10 G:/devkitPro/libctru/lib\libctru.a(hid.o)
                0x000000000010cd00                hidKeysDown
 .text.hidTouchRead
                0x000000000010cd10       0x18 G:/devkitPro/libctru/lib\libctru.a(hid.o)
                0x000000000010cd10                hidTouchRead
 .text.ptmSysmInit
                0x000000000010cd28       0x74 G:/devkitPro/libctru/lib\libctru.a(ptmsysm.o)
                0x000000000010cd28                ptmSysmInit
 .text.ptmSysmExit
                0x000000000010cd9c       0x3c G:/devkitPro/libctru/lib\libctru.a(ptmsysm.o)
                0x000000000010cd9c                ptmSysmExit
 .text.PTMSYSM_ConfigureNew3DSCPU
                0x000000000010cdd8       0x34 G:/devkitPro/libctru/lib\libctru.a(ptmsysm.o)
                0x000000000010cdd8                PTMSYSM_ConfigureNew3DSCPU
 .text.httpcInit
                0x000000000010ce0c      0x19c G:/devkitPro/libctru/lib\libctru.a(httpc.o)
                0x000000000010ce0c                httpcInit
 .text.httpcOpenContext
                0x000000000010cfa8      0x150 G:/devkitPro/libctru/lib\libctru.a(httpc.o)
                0x000000000010cfa8                httpcOpenContext
 .text.httpcDownloadData
                0x000000000010d0f8      0x12c G:/devkitPro/libctru/lib\libctru.a(httpc.o)
                0x000000000010d0f8                httpcDownloadData
 .text.httpcBeginRequest
                0x000000000010d224       0x30 G:/devkitPro/libctru/lib\libctru.a(httpc.o)
                0x000000000010d224                httpcBeginRequest
 .text.httpcGetDownloadSizeState
                0x000000000010d254       0x54 G:/devkitPro/libctru/lib\libctru.a(httpc.o)
                0x000000000010d254                httpcGetDownloadSizeState
 .text.httpcGetResponseStatusCode
                0x000000000010d2a8       0x3c G:/devkitPro/libctru/lib\libctru.a(httpc.o)
                0x000000000010d2a8                httpcGetResponseStatusCode
 .text.fsInit   0x000000000010d2e4       0xc8 G:/devkitPro/libctru/lib\libctru.a(fs.o)
                0x000000000010d2e4                fsInit
 .text.fsExit   0x000000000010d3ac       0x3c G:/devkitPro/libctru/lib\libctru.a(fs.o)
                0x000000000010d3ac                fsExit
 .text.fsExemptFromSession
                0x000000000010d3e8       0x60 G:/devkitPro/libctru/lib\libctru.a(fs.o)
                0x000000000010d3e8                fsExemptFromSession
 .text.fsUnexemptFromSession
                0x000000000010d448       0x50 G:/devkitPro/libctru/lib\libctru.a(fs.o)
                0x000000000010d448                fsUnexemptFromSession
 .text.FSUSER_OpenFile
                0x000000000010d498       0xcc G:/devkitPro/libctru/lib\libctru.a(fs.o)
                0x000000000010d498                FSUSER_OpenFile
 .text.FSUSER_DeleteFile
                0x000000000010d564       0xbc G:/devkitPro/libctru/lib\libctru.a(fs.o)
                0x000000000010d564                FSUSER_DeleteFile
 .text.FSUSER_RenameFile
                0x000000000010d620       0xf8 G:/devkitPro/libctru/lib\libctru.a(fs.o)
                0x000000000010d620                FSUSER_RenameFile
 .text.FSUSER_DeleteDirectory
                0x000000000010d718       0xbc G:/devkitPro/libctru/lib\libctru.a(fs.o)
                0x000000000010d718                FSUSER_DeleteDirectory
 .text.FSUSER_CreateFile
                0x000000000010d7d4       0xd4 G:/devkitPro/libctru/lib\libctru.a(fs.o)
                0x000000000010d7d4                FSUSER_CreateFile
 .text.FSUSER_CreateDirectory
                0x000000000010d8a8       0xc4 G:/devkitPro/libctru/lib\libctru.a(fs.o)
                0x000000000010d8a8                FSUSER_CreateDirectory
 .text.FSUSER_RenameDirectory
                0x000000000010d96c       0xf8 G:/devkitPro/libctru/lib\libctru.a(fs.o)
                0x000000000010d96c                FSUSER_RenameDirectory
 .text.FSUSER_OpenDirectory
                0x000000000010da64       0xb4 G:/devkitPro/libctru/lib\libctru.a(fs.o)
                0x000000000010da64                FSUSER_OpenDirectory
 .text.FSUSER_OpenArchive
                0x000000000010db18       0x94 G:/devkitPro/libctru/lib\libctru.a(fs.o)
                0x000000000010db18                FSUSER_OpenArchive
 .text.FSUSER_CloseArchive
                0x000000000010dbac       0x8c G:/devkitPro/libctru/lib\libctru.a(fs.o)
                0x000000000010dbac                FSUSER_CloseArchive
 .text.FSUSER_GetSdmcArchiveResource
                0x000000000010dc38       0x74 G:/devkitPro/libctru/lib\libctru.a(fs.o)
                0x000000000010dc38                FSUSER_GetSdmcArchiveResource
 .text.FSUSER_IsSdmcWritable
                0x000000000010dcac       0x64 G:/devkitPro/libctru/lib\libctru.a(fs.o)
                0x000000000010dcac                FSUSER_IsSdmcWritable
 .text.FSFILE_Read
                0x000000000010dd10       0x58 G:/devkitPro/libctru/lib\libctru.a(fs.o)
                0x000000000010dd10                FSFILE_Read
 .text.FSFILE_Write
                0x000000000010dd68       0x60 G:/devkitPro/libctru/lib\libctru.a(fs.o)
                0x000000000010dd68                FSFILE_Write
 .text.FSFILE_GetSize
                0x000000000010ddc8       0x38 G:/devkitPro/libctru/lib\libctru.a(fs.o)
                0x000000000010ddc8                FSFILE_GetSize
 .text.FSFILE_SetSize
                0x000000000010de00       0x28 G:/devkitPro/libctru/lib\libctru.a(fs.o)
                0x000000000010de00                FSFILE_SetSize
 .text.FSFILE_Close
                0x000000000010de28       0x3c G:/devkitPro/libctru/lib\libctru.a(fs.o)
                0x000000000010de28                FSFILE_Close
 .text.FSFILE_Flush
                0x000000000010de64       0x24 G:/devkitPro/libctru/lib\libctru.a(fs.o)
                0x000000000010de64                FSFILE_Flush
 .text.FSDIR_Read
                0x000000000010de88       0x50 G:/devkitPro/libctru/lib\libctru.a(fs.o)
                0x000000000010de88                FSDIR_Read
 .text.FSDIR_Close
                0x000000000010ded8       0x3c G:/devkitPro/libctru/lib\libctru.a(fs.o)
                0x000000000010ded8                FSDIR_Close
 .text.swkbdMessageCallback
                0x000000000010df14      0x178 G:/devkitPro/libctru/lib\libctru.a(swkbd.o)
 .text.swkbdInit
                0x000000000010e08c       0x78 G:/devkitPro/libctru/lib\libctru.a(swkbd.o)
                0x000000000010e08c                swkbdInit
 .text.swkbdSetFeatures
                0x000000000010e104       0x3c G:/devkitPro/libctru/lib\libctru.a(swkbd.o)
                0x000000000010e104                swkbdSetFeatures
 .text.swkbdSetHintText
                0x000000000010e140       0x50 G:/devkitPro/libctru/lib\libctru.a(swkbd.o)
                0x000000000010e140                swkbdSetHintText
 .text.swkbdSetButton
                0x000000000010e190       0x6c G:/devkitPro/libctru/lib\libctru.a(swkbd.o)
                0x000000000010e190                swkbdSetButton
 .text.swkbdSetStatusData
                0x000000000010e1fc       0x30 G:/devkitPro/libctru/lib\libctru.a(swkbd.o)
                0x000000000010e1fc                swkbdSetStatusData
 .text.swkbdSetLearningData
                0x000000000010e22c       0x30 G:/devkitPro/libctru/lib\libctru.a(swkbd.o)
                0x000000000010e22c                swkbdSetLearningData
 .text.swkbdSetFilterCallback
                0x000000000010e25c       0x14 G:/devkitPro/libctru/lib\libctru.a(swkbd.o)
                0x000000000010e25c                swkbdSetFilterCallback
 .text.swkbdInputText
                0x000000000010e270      0x3ac G:/devkitPro/libctru/lib\libctru.a(swkbd.o)
                0x000000000010e270                swkbdInputText
 .text.rbtree_init
                0x000000000010e61c       0x10 G:/devkitPro/libctru/lib\libctru.a(rbtree_init.o)
                0x000000000010e61c                rbtree_init
 .text.do_insert
                0x000000000010e62c      0x1a0 G:/devkitPro/libctru/lib\libctru.a(rbtree_insert.o)
 .text.rbtree_insert
                0x000000000010e7cc        0x8 G:/devkitPro/libctru/lib\libctru.a(rbtree_insert.o)
                0x000000000010e7cc                rbtree_insert
 .text.rbtree_rotate
                0x000000000010e7d4       0x90 G:/devkitPro/libctru/lib\libctru.a(rbtree_rotate.o)
                0x000000000010e7d4                rbtree_rotate
 .text.rbtree_remove
                0x000000000010e864      0x338 G:/devkitPro/libctru/lib\libctru.a(rbtree_remove.o)
                0x000000000010e864                rbtree_remove
 .text.rbtree_find
                0x000000000010eb9c       0x74 G:/devkitPro/libctru/lib\libctru.a(rbtree_find.o)
                0x000000000010eb9c                rbtree_find
 .text.utf16_to_utf8
                0x000000000010ec10       0xe8 G:/devkitPro/libctru/lib\libctru.a(utf16_to_utf8.o)
                0x000000000010ec10                utf16_to_utf8
 .text.decode_utf16
                0x000000000010ecf8       0x64 G:/devkitPro/libctru/lib\libctru.a(decode_utf16.o)
                0x000000000010ecf8                decode_utf16
 .text.decode_utf8
                0x000000000010ed5c      0x13c G:/devkitPro/libctru/lib\libctru.a(decode_utf8.o)
                0x000000000010ed5c                decode_utf8
 .text.utf8_to_utf16
                0x000000000010ee98       0xc0 G:/devkitPro/libctru/lib\libctru.a(utf8_to_utf16.o)
                0x000000000010ee98                utf8_to_utf16
 .text.__system_allocateHeaps
                0x000000000010ef58      0x1e0 G:/devkitPro/libctru/lib\libctru.a(allocateHeaps.o)
                0x000000000010ef58                __system_allocateHeaps
 .text.__libctru_init
                0x000000000010f138       0x38 G:/devkitPro/libctru/lib\libctru.a(ctru_init.o)
                0x000000000010f138                __libctru_init
 .text.__system_initArgv
                0x000000000010f170       0xf0 G:/devkitPro/libctru/lib\libctru.a(initArgv.o)
                0x000000000010f170                __system_initArgv
 .text.svcControlMemory
                0x000000000010f260       0x20 G:/devkitPro/libctru/lib\libctru.a(svc.o)
                0x000000000010f260                svcControlMemory
 .text.svcQueryMemory
                0x000000000010f280       0x30 G:/devkitPro/libctru/lib\libctru.a(svc.o)
                0x000000000010f280                svcQueryMemory
 .text.svcExitProcess
                0x000000000010f2b0        0x8 G:/devkitPro/libctru/lib\libctru.a(svc.o)
                0x000000000010f2b0                svcExitProcess
 .text.svcCreateThread
                0x000000000010f2b8       0x20 G:/devkitPro/libctru/lib\libctru.a(svc.o)
                0x000000000010f2b8                svcCreateThread
 .text.svcExitThread
                0x000000000010f2d8        0x8 G:/devkitPro/libctru/lib\libctru.a(svc.o)
                0x000000000010f2d8                svcExitThread
 .text.svcSleepThread
                0x000000000010f2e0        0x8 G:/devkitPro/libctru/lib\libctru.a(svc.o)
                0x000000000010f2e0                svcSleepThread
 .text.svcReleaseMutex
                0x000000000010f2e8        0x8 G:/devkitPro/libctru/lib\libctru.a(svc.o)
                0x000000000010f2e8                svcReleaseMutex
 .text.svcCreateEvent
                0x000000000010f2f0       0x14 G:/devkitPro/libctru/lib\libctru.a(svc.o)
                0x000000000010f2f0                svcCreateEvent
 .text.svcSignalEvent
                0x000000000010f304        0x8 G:/devkitPro/libctru/lib\libctru.a(svc.o)
                0x000000000010f304                svcSignalEvent
 .text.svcClearEvent
                0x000000000010f30c        0x8 G:/devkitPro/libctru/lib\libctru.a(svc.o)
                0x000000000010f30c                svcClearEvent
 .text.svcCreateMemoryBlock
                0x000000000010f314       0x18 G:/devkitPro/libctru/lib\libctru.a(svc.o)
                0x000000000010f314                svcCreateMemoryBlock
 .text.svcMapMemoryBlock
                0x000000000010f32c        0x8 G:/devkitPro/libctru/lib\libctru.a(svc.o)
                0x000000000010f32c                svcMapMemoryBlock
 .text.svcUnmapMemoryBlock
                0x000000000010f334        0x8 G:/devkitPro/libctru/lib\libctru.a(svc.o)
                0x000000000010f334                svcUnmapMemoryBlock
 .text.svcCreateAddressArbiter
                0x000000000010f33c       0x14 G:/devkitPro/libctru/lib\libctru.a(svc.o)
                0x000000000010f33c                svcCreateAddressArbiter
 .text.svcArbitrateAddressNoTimeout
                0x000000000010f350        0x8 G:/devkitPro/libctru/lib\libctru.a(svc.o)
                0x000000000010f350                svcArbitrateAddressNoTimeout
 .text.svcCloseHandle
                0x000000000010f358        0x8 G:/devkitPro/libctru/lib\libctru.a(svc.o)
                0x000000000010f358                svcCloseHandle
 .text.svcWaitSynchronization
                0x000000000010f360        0x8 G:/devkitPro/libctru/lib\libctru.a(svc.o)
                0x000000000010f360                svcWaitSynchronization
 .text.svcWaitSynchronizationN
                0x000000000010f368       0x28 G:/devkitPro/libctru/lib\libctru.a(svc.o)
                0x000000000010f368                svcWaitSynchronizationN
 .text.svcDuplicateHandle
                0x000000000010f390       0x14 G:/devkitPro/libctru/lib\libctru.a(svc.o)
                0x000000000010f390                svcDuplicateHandle
 .text.svcGetSystemTick
                0x000000000010f3a4        0x8 G:/devkitPro/libctru/lib\libctru.a(svc.o)
                0x000000000010f3a4                svcGetSystemTick
 .text.svcConnectToPort
                0x000000000010f3ac       0x14 G:/devkitPro/libctru/lib\libctru.a(svc.o)
                0x000000000010f3ac                svcConnectToPort
 .text.svcSendSyncRequest
                0x000000000010f3c0        0x8 G:/devkitPro/libctru/lib\libctru.a(svc.o)
                0x000000000010f3c0                svcSendSyncRequest
 .text.svcGetResourceLimit
                0x000000000010f3c8       0x14 G:/devkitPro/libctru/lib\libctru.a(svc.o)
                0x000000000010f3c8                svcGetResourceLimit
 .text.svcGetResourceLimitLimitValues
                0x000000000010f3dc        0x8 G:/devkitPro/libctru/lib\libctru.a(svc.o)
                0x000000000010f3dc                svcGetResourceLimitLimitValues
 .text.svcGetResourceLimitCurrentValues
                0x000000000010f3e4        0x8 G:/devkitPro/libctru/lib\libctru.a(svc.o)
                0x000000000010f3e4                svcGetResourceLimitCurrentValues
 .text.svcBreak
                0x000000000010f3ec        0x8 G:/devkitPro/libctru/lib\libctru.a(svc.o)
                0x000000000010f3ec                svcBreak
 .text.initSystem
                0x000000000010f3f4       0x50 G:/devkitPro/libctru/lib\libctru.a(stack_adjust.o)
                0x000000000010f3f4                initSystem
 .text.__ctru_exit
                0x000000000010f444       0x18 G:/devkitPro/libctru/lib\libctru.a(stack_adjust.o)
                0x000000000010f444                __ctru_exit
 .text.__aeabi_read_tp
                0x000000000010f45c        0xc G:/devkitPro/libctru/lib\libctru.a(readtp.o)
                0x000000000010f45c                __aeabi_read_tp
 .text.__sync_init
                0x000000000010f468        0xc G:/devkitPro/libctru/lib\libctru.a(synchronization.o)
                0x000000000010f468                __sync_init
 .text.__sync_fini
                0x000000000010f474       0x18 G:/devkitPro/libctru/lib\libctru.a(synchronization.o)
                0x000000000010f474                __sync_fini
 .text.syncArbitrateAddress
                0x000000000010f48c       0x2c G:/devkitPro/libctru/lib\libctru.a(synchronization.o)
                0x000000000010f48c                syncArbitrateAddress
 .text.LightLock_Init
                0x000000000010f4b8       0x1c G:/devkitPro/libctru/lib\libctru.a(synchronization.o)
                0x000000000010f4b8                LightLock_Init
 .text.LightLock_Lock
                0x000000000010f4d4       0x94 G:/devkitPro/libctru/lib\libctru.a(synchronization.o)
                0x000000000010f4d4                LightLock_Lock
 .text.LightLock_TryLock
                0x000000000010f568       0x44 G:/devkitPro/libctru/lib\libctru.a(synchronization.o)
                0x000000000010f568                LightLock_TryLock
 .text.LightLock_Unlock
                0x000000000010f5ac       0x40 G:/devkitPro/libctru/lib\libctru.a(synchronization.o)
                0x000000000010f5ac                LightLock_Unlock
 .text.RecursiveLock_Init
                0x000000000010f5ec       0x24 G:/devkitPro/libctru/lib\libctru.a(synchronization.o)
                0x000000000010f5ec                RecursiveLock_Init
 .text.RecursiveLock_Lock
                0x000000000010f610       0x30 G:/devkitPro/libctru/lib\libctru.a(synchronization.o)
                0x000000000010f610                RecursiveLock_Lock
 .text.RecursiveLock_TryLock
                0x000000000010f640       0x78 G:/devkitPro/libctru/lib\libctru.a(synchronization.o)
                0x000000000010f640                RecursiveLock_TryLock
 .text.RecursiveLock_Unlock
                0x000000000010f6b8       0x54 G:/devkitPro/libctru/lib\libctru.a(synchronization.o)
                0x000000000010f6b8                RecursiveLock_Unlock
 .text.LightEvent_Init
                0x000000000010f70c       0x40 G:/devkitPro/libctru/lib\libctru.a(synchronization.o)
                0x000000000010f70c                LightEvent_Init
 .text.LightEvent_Clear
                0x000000000010f74c       0xa4 G:/devkitPro/libctru/lib\libctru.a(synchronization.o)
                0x000000000010f74c                LightEvent_Clear
 .text.LightEvent_Signal
                0x000000000010f7f0       0xc8 G:/devkitPro/libctru/lib\libctru.a(synchronization.o)
                0x000000000010f7f0                LightEvent_Signal
 .text.LightEvent_TryWait
                0x000000000010f8b8       0x58 G:/devkitPro/libctru/lib\libctru.a(synchronization.o)
                0x000000000010f8b8                LightEvent_TryWait
 .text.LightEvent_Wait
                0x000000000010f910       0xb0 G:/devkitPro/libctru/lib\libctru.a(synchronization.o)
                0x000000000010f910                LightEvent_Wait
 .text.envGetHandle
                0x000000000010f9c0       0x84 G:/devkitPro/libctru/lib\libctru.a(env.o)
                0x000000000010f9c0                envGetHandle
 .text.envDestroyHandles
                0x000000000010fa44       0x50 G:/devkitPro/libctru/lib\libctru.a(env.o)
                0x000000000010fa44                envDestroyHandles
 .text.srvInit  0x000000000010fa94      0x124 G:/devkitPro/libctru/lib\libctru.a(srv.o)
                0x000000000010fa94                srvInit
 .text.srvExit  0x000000000010fbb8       0x58 G:/devkitPro/libctru/lib\libctru.a(srv.o)
                0x000000000010fbb8                srvExit
 .text.srvGetServiceHandleDirect
                0x000000000010fc10       0x80 G:/devkitPro/libctru/lib\libctru.a(srv.o)
                0x000000000010fc10                srvGetServiceHandleDirect
 .text.srvGetServiceHandle
                0x000000000010fc90       0x48 G:/devkitPro/libctru/lib\libctru.a(srv.o)
                0x000000000010fc90                srvGetServiceHandle
 .text.srvPublishToSubscriber
                0x000000000010fcd8       0x38 G:/devkitPro/libctru/lib\libctru.a(srv.o)
                0x000000000010fcd8                srvPublishToSubscriber
 .text.threadCreate
                0x000000000010fd10      0x188 G:/devkitPro/libctru/lib\libctru.a(thread.o)
                0x000000000010fd10                threadCreate
 .text.threadFree
                0x000000000010fe98       0x2c G:/devkitPro/libctru/lib\libctru.a(thread.o)
                0x000000000010fe98                threadFree
 .text.threadJoin
                0x000000000010fec4       0x24 G:/devkitPro/libctru/lib\libctru.a(thread.o)
                0x000000000010fec4                threadJoin
 .text.threadGetCurrent
                0x000000000010fee8       0x30 G:/devkitPro/libctru/lib\libctru.a(thread.o)
                0x000000000010fee8                threadGetCurrent
 .text.threadExit
                0x000000000010ff18       0x40 G:/devkitPro/libctru/lib\libctru.a(thread.o)
                0x000000000010ff18                threadExit
 .text._thread_begin
                0x000000000010ff58       0x44 G:/devkitPro/libctru/lib\libctru.a(thread.o)
 .text.mappableFindAddressWithin
                0x000000000010ff9c       0x94 G:/devkitPro/libctru/lib\libctru.a(mappable.o)
 .text.mappableInit
                0x0000000000110030       0x28 G:/devkitPro/libctru/lib\libctru.a(mappable.o)
                0x0000000000110030                mappableInit
 .text.mappableAlloc
                0x0000000000110058       0x80 G:/devkitPro/libctru/lib\libctru.a(mappable.o)
                0x0000000000110058                mappableAlloc
 .text.mappableFree
                0x00000000001100d8        0x4 G:/devkitPro/libctru/lib\libctru.a(mappable.o)
                0x00000000001100d8                mappableFree
 .text.irrstInit
                0x00000000001100dc      0x160 G:/devkitPro/libctru/lib\libctru.a(irrst.o)
                0x00000000001100dc                irrstInit
 .text.irrstExit
                0x000000000011023c       0xcc G:/devkitPro/libctru/lib\libctru.a(irrst.o)
                0x000000000011023c                irrstExit
 .text.irrstScanInput
                0x0000000000110308       0xb0 G:/devkitPro/libctru/lib\libctru.a(irrst.o)
                0x0000000000110308                irrstScanInput
 .text.irrstKeysHeld
                0x00000000001103b8       0x24 G:/devkitPro/libctru/lib\libctru.a(irrst.o)
                0x00000000001103b8                irrstKeysHeld
 .text.srvPmGetSessionHandle
                0x00000000001103dc        0xc G:/devkitPro/libctru/lib\libctru.a(srvpm.o)
                0x00000000001103dc                srvPmGetSessionHandle
 .text.rbtree_node_next
                0x00000000001103e8       0x50 G:/devkitPro/libctru/lib\libctru.a(rbtree_iterator.o)
                0x00000000001103e8                rbtree_node_next
 .text.encode_utf16
                0x0000000000110438       0x60 G:/devkitPro/libctru/lib\libctru.a(encode_utf16.o)
                0x0000000000110438                encode_utf16
 .text.encode_utf8
                0x0000000000110498       0xfc G:/devkitPro/libctru/lib\libctru.a(encode_utf8.o)
                0x0000000000110498                encode_utf8
 .text.__appInit
                0x0000000000110594       0x30 G:/devkitPro/libctru/lib\libctru.a(appInit.o)
                0x0000000000110594                __appInit
 .text.__libctru_nanosleep
                0x00000000001105c4       0x30 G:/devkitPro/libctru/lib\libctru.a(syscalls.o)
 .text.__libctru_get_reent
                0x00000000001105f4       0x30 G:/devkitPro/libctru/lib\libctru.a(syscalls.o)
 .text.__system_initSyscalls
                0x0000000000110624       0xf8 G:/devkitPro/libctru/lib\libctru.a(syscalls.o)
                0x0000000000110624                __system_initSyscalls
 .text.__appExit
                0x000000000011071c       0x30 G:/devkitPro/libctru/lib\libctru.a(appExit.o)
                0x000000000011071c                __appExit
 .text.__libctru_exit
                0x000000000011074c       0x90 G:/devkitPro/libctru/lib\libctru.a(ctru_exit.o)
                0x000000000011074c                __libctru_exit
 .text.archive_link
                0x00000000001107dc       0x14 G:/devkitPro/libctru/lib\libctru.a(archive_dev.o)
 .text.archive_dirreset
                0x00000000001107f0       0x14 G:/devkitPro/libctru/lib\libctru.a(archive_dev.o)
 .text.archive_chmod
                0x0000000000110804       0x14 G:/devkitPro/libctru/lib\libctru.a(archive_dev.o)
 .text.error_cmp
                0x0000000000110818       0x24 G:/devkitPro/libctru/lib\libctru.a(archive_dev.o)
 .text.archive_translate_error
                0x000000000011083c       0x50 G:/devkitPro/libctru/lib\libctru.a(archive_dev.o)
 .text.archive_seek
                0x000000000011088c       0xd4 G:/devkitPro/libctru/lib\libctru.a(archive_dev.o)
 .text._archiveInit.part.0
                0x0000000000110960       0x7c G:/devkitPro/libctru/lib\libctru.a(archive_dev.o)
 .text.archiveFindDevice.part.0
                0x00000000001109dc       0x8c G:/devkitPro/libctru/lib\libctru.a(archive_dev.o)
 .text.archive_utf16path
                0x0000000000110a68      0x294 G:/devkitPro/libctru/lib\libctru.a(archive_dev.o)
 .text._archiveUnmountDeviceStruct.part.0
                0x0000000000110cfc       0xa0 G:/devkitPro/libctru/lib\libctru.a(archive_dev.o)
 .text.archive_fchmod
                0x0000000000110d9c       0x14 G:/devkitPro/libctru/lib\libctru.a(archive_dev.o)
 .text.archive_statvfs
                0x0000000000110db0       0x14 G:/devkitPro/libctru/lib\libctru.a(archive_dev.o)
 .text._archiveMountDevice
                0x0000000000110dc4      0x158 G:/devkitPro/libctru/lib\libctru.a(archive_dev.o)
 .text.archive_diropen
                0x0000000000110f1c       0xe8 G:/devkitPro/libctru/lib\libctru.a(archive_dev.o)
 .text.archive_fstat
                0x0000000000111004       0xa4 G:/devkitPro/libctru/lib\libctru.a(archive_dev.o)
 .text.archive_close
                0x00000000001110a8       0x6c G:/devkitPro/libctru/lib\libctru.a(archive_dev.o)
 .text.archive_fsync
                0x0000000000111114       0x6c G:/devkitPro/libctru/lib\libctru.a(archive_dev.o)
 .text.archive_dirclose
                0x0000000000111180       0x70 G:/devkitPro/libctru/lib\libctru.a(archive_dev.o)
 .text.sdmc_statvfs
                0x00000000001111f0       0xe8 G:/devkitPro/libctru/lib\libctru.a(archive_dev.o)
 .text.archive_ftruncate
                0x00000000001112d8       0x80 G:/devkitPro/libctru/lib\libctru.a(archive_dev.o)
 .text.archive_chdir
                0x0000000000111358       0xfc G:/devkitPro/libctru/lib\libctru.a(archive_dev.o)
 .text.archive_read
                0x0000000000111454       0xb0 G:/devkitPro/libctru/lib\libctru.a(archive_dev.o)
 .text.archive_unlink
                0x0000000000111504       0xac G:/devkitPro/libctru/lib\libctru.a(archive_dev.o)
 .text.archive_rmdir
                0x00000000001115b0       0xc8 G:/devkitPro/libctru/lib\libctru.a(archive_dev.o)
 .text.archive_mkdir
                0x0000000000111678       0xec G:/devkitPro/libctru/lib\libctru.a(archive_dev.o)
 .text.archive_stat
                0x0000000000111764      0x1a8 G:/devkitPro/libctru/lib\libctru.a(archive_dev.o)
 .text.archive_rename
                0x000000000011190c      0x184 G:/devkitPro/libctru/lib\libctru.a(archive_dev.o)
 .text.archive_dirnext
                0x0000000000111a90      0x168 G:/devkitPro/libctru/lib\libctru.a(archive_dev.o)
 .text.archive_write
                0x0000000000111bf8      0x12c G:/devkitPro/libctru/lib\libctru.a(archive_dev.o)
 .text.archive_open
                0x0000000000111d24      0x1f0 G:/devkitPro/libctru/lib\libctru.a(archive_dev.o)
 .text.archiveMountSdmc
                0x0000000000111f14      0x1a4 G:/devkitPro/libctru/lib\libctru.a(archive_dev.o)
                0x0000000000111f14                archiveMountSdmc
 .text.archiveUnmountAll
                0x00000000001120b8       0x54 G:/devkitPro/libctru/lib\libctru.a(archive_dev.o)
                0x00000000001120b8                archiveUnmountAll
 .text.ceilf    0x000000000011210c       0xb8 g:/devkitpro/devkitarm/bin/../lib/gcc/arm-none-eabi/11.1.0/../../../../arm-none-eabi/lib/armv6k/fpu\libm.a(lib_a-sf_ceil.o)
                0x000000000011210c                ceilf
 .text.__udivmoddi4
                0x00000000001121c4      0x120 g:/devkitpro/devkitarm/bin/../lib/gcc/arm-none-eabi/11.1.0/armv6k/fpu\libgcc.a(_udivmoddi4.o)
                0x00000000001121c4                __udivmoddi4
 .text.bsearch  0x00000000001122e4       0x78 g:/devkitpro/devkitarm/bin/../lib/gcc/arm-none-eabi/11.1.0/../../../../arm-none-eabi/lib/armv6k/fpu\libg.a(lib_a-bsearch.o)
                0x00000000001122e4                bsearch
 .text.calloc   0x000000000011235c       0x28 g:/devkitpro/devkitarm/bin/../lib/gcc/arm-none-eabi/11.1.0/../../../../arm-none-eabi/lib/armv6k/fpu\libg.a(lib_a-calloc.o)
                0x000000000011235c                calloc
 .text._calloc_r
                0x0000000000112384       0xbc g:/devkitpro/devkitarm/bin/../lib/gcc/arm-none-eabi/11.1.0/../../../../arm-none-eabi/lib/armv6k/fpu\libg.a(lib_a-callocr.o)
                0x0000000000112384                _calloc_r
 .text.__errno  0x0000000000112440        0xc g:/devkitpro/devkitarm/bin/../lib/gcc/arm-none-eabi/11.1.0/../../../../arm-none-eabi/lib/armv6k/fpu\libg.a(lib_a-errno.o)
                0x0000000000112440                __errno
 .text.exit     0x000000000011244c       0x34 g:/devkitpro/devkitarm/bin/../lib/gcc/arm-none-eabi/11.1.0/../../../../arm-none-eabi/lib/armv6k/fpu\libg.a(lib_a-exit.o)
                0x000000000011244c                exit
 .text._fclose_r
                0x0000000000112480      0x160 g:/devkitpro/devkitarm/bin/../lib/gcc/arm-none-eabi/11.1.0/../../../../arm-none-eabi/lib/armv6k/fpu\libg.a(lib_a-fclose.o)
                0x0000000000112480                _fclose_r
 .text.fclose   0x00000000001125e0       0x20 g:/devkitpro/devkitarm/bin/../lib/gcc/arm-none-eabi/11.1.0/../../../../arm-none-eabi/lib/armv6k/fpu\libg.a(lib_a-fclose.o)
                0x00000000001125e0                fclose
 .text.__sflush_r
                0x0000000000112600      0x258 g:/devkitpro/devkitarm/bin/../lib/gcc/arm-none-eabi/11.1.0/../../../../arm-none-eabi/lib/armv6k/fpu\libg.a(lib_a-fflush.o)
                0x0000000000112600                __sflush_r
 .text._fflush_r
                0x0000000000112858       0x94 g:/devkitpro/devkitarm/bin/../lib/gcc/arm-none-eabi/11.1.0/../../../../arm-none-eabi/lib/armv6k/fpu\libg.a(lib_a-fflush.o)
                0x0000000000112858                _fflush_r
 .text.fflush   0x00000000001128ec       0x38 g:/devkitpro/devkitarm/bin/../lib/gcc/arm-none-eabi/11.1.0/../../../../arm-none-eabi/lib/armv6k/fpu\libg.a(lib_a-fflush.o)
                0x00000000001128ec                fflush
 .text._cleanup_r
                0x0000000000112924        0xc g:/devkitpro/devkitarm/bin/../lib/gcc/arm-none-eabi/11.1.0/../../../../arm-none-eabi/lib/armv6k/fpu\libg.a(lib_a-findfp.o)
                0x0000000000112924                _cleanup_r
 .text.__sinit  0x0000000000112930      0x184 g:/devkitpro/devkitarm/bin/../lib/gcc/arm-none-eabi/11.1.0/../../../../arm-none-eabi/lib/armv6k/fpu\libg.a(lib_a-findfp.o)
                0x0000000000112930                __sinit
 .text.__sfp    0x0000000000112ab4      0x134 g:/devkitpro/devkitarm/bin/../lib/gcc/arm-none-eabi/11.1.0/../../../../arm-none-eabi/lib/armv6k/fpu\libg.a(lib_a-findfp.o)
                0x0000000000112ab4                __sfp
 .text.__sfp_lock_acquire
                0x0000000000112be8        0xc g:/devkitpro/devkitarm/bin/../lib/gcc/arm-none-eabi/11.1.0/../../../../arm-none-eabi/lib/armv6k/fpu\libg.a(lib_a-findfp.o)
                0x0000000000112be8                __sfp_lock_acquire
 .text.__sfp_lock_release
                0x0000000000112bf4        0xc g:/devkitpro/devkitarm/bin/../lib/gcc/arm-none-eabi/11.1.0/../../../../arm-none-eabi/lib/armv6k/fpu\libg.a(lib_a-findfp.o)
                0x0000000000112bf4                __sfp_lock_release
 .text.__libc_fini_array
                0x0000000000112c00       0x3c g:/devkitpro/devkitarm/bin/../lib/gcc/arm-none-eabi/11.1.0/../../../../arm-none-eabi/lib/armv6k/fpu\libg.a(lib_a-fini.o)
                0x0000000000112c00                __libc_fini_array
 .text._fopen_r
                0x0000000000112c3c      0x140 g:/devkitpro/devkitarm/bin/../lib/gcc/arm-none-eabi/11.1.0/../../../../arm-none-eabi/lib/armv6k/fpu\libg.a(lib_a-fopen.o)
                0x0000000000112c3c                _fopen_r
 .text.fopen    0x0000000000112d7c       0x28 g:/devkitpro/devkitarm/bin/../lib/gcc/arm-none-eabi/11.1.0/../../../../arm-none-eabi/lib/armv6k/fpu\libg.a(lib_a-fopen.o)
                0x0000000000112d7c                fopen
 .text._fread_r
                0x0000000000112da4      0x2d4 g:/devkitpro/devkitarm/bin/../lib/gcc/arm-none-eabi/11.1.0/../../../../arm-none-eabi/lib/armv6k/fpu\libg.a(lib_a-fread.o)
                0x0000000000112da4                _fread_r
 .text.fread    0x0000000000113078       0x38 g:/devkitpro/devkitarm/bin/../lib/gcc/arm-none-eabi/11.1.0/../../../../arm-none-eabi/lib/armv6k/fpu\libg.a(lib_a-fread.o)
                0x0000000000113078                fread
 .text._malloc_trim_r
                0x00000000001130b0       0xf8 g:/devkitpro/devkitarm/bin/../lib/gcc/arm-none-eabi/11.1.0/../../../../arm-none-eabi/lib/armv6k/fpu\libg.a(lib_a-freer.o)
                0x00000000001130b0                _malloc_trim_r
 .text._free_r  0x00000000001131a8      0x2e4 g:/devkitpro/devkitarm/bin/../lib/gcc/arm-none-eabi/11.1.0/../../../../arm-none-eabi/lib/armv6k/fpu\libg.a(lib_a-freer.o)
                0x00000000001131a8                _free_r
 .text._fseek_r
                0x000000000011348c       0x1c g:/devkitpro/devkitarm/bin/../lib/gcc/arm-none-eabi/11.1.0/../../../../arm-none-eabi/lib/armv6k/fpu\libg.a(lib_a-fseek.o)
                0x000000000011348c                _fseek_r
 .text._fseeko_r
                0x00000000001134a8      0x598 g:/devkitpro/devkitarm/bin/../lib/gcc/arm-none-eabi/11.1.0/../../../../arm-none-eabi/lib/armv6k/fpu\libg.a(lib_a-fseeko.o)
                0x00000000001134a8                _fseeko_r
 .text._fwalk   0x0000000000113a40       0x68 g:/devkitpro/devkitarm/bin/../lib/gcc/arm-none-eabi/11.1.0/../../../../arm-none-eabi/lib/armv6k/fpu\libg.a(lib_a-fwalk.o)
                0x0000000000113a40                _fwalk
 .text._fwalk_reent
                0x0000000000113aa8       0x70 g:/devkitpro/devkitarm/bin/../lib/gcc/arm-none-eabi/11.1.0/../../../../arm-none-eabi/lib/armv6k/fpu\libg.a(lib_a-fwalk.o)
                0x0000000000113aa8                _fwalk_reent
 .text._fwrite_r
                0x0000000000113b18       0xf8 g:/devkitpro/devkitarm/bin/../lib/gcc/arm-none-eabi/11.1.0/../../../../arm-none-eabi/lib/armv6k/fpu\libg.a(lib_a-fwrite.o)
                0x0000000000113b18                _fwrite_r
 .text.fwrite   0x0000000000113c10       0x38 g:/devkitpro/devkitarm/bin/../lib/gcc/arm-none-eabi/11.1.0/../../../../arm-none-eabi/lib/armv6k/fpu\libg.a(lib_a-fwrite.o)
                0x0000000000113c10                fwrite
 .text.__libc_init_array
                0x0000000000113c48       0x7c g:/devkitpro/devkitarm/bin/../lib/gcc/arm-none-eabi/11.1.0/../../../../arm-none-eabi/lib/armv6k/fpu\libg.a(lib_a-init.o)
                0x0000000000113c48                __libc_init_array
 .text.__smakebuf_r
                0x0000000000113cc4      0x138 g:/devkitpro/devkitarm/bin/../lib/gcc/arm-none-eabi/11.1.0/../../../../arm-none-eabi/lib/armv6k/fpu\libg.a(lib_a-makebuf.o)
                0x0000000000113cc4                __smakebuf_r
 .text.memalign
                0x0000000000113dfc       0x28 g:/devkitpro/devkitarm/bin/../lib/gcc/arm-none-eabi/11.1.0/../../../../arm-none-eabi/lib/armv6k/fpu\libg.a(lib_a-malign.o)
                0x0000000000113dfc                memalign
 .text._memalign_r
                0x0000000000113e24      0x150 g:/devkitpro/devkitarm/bin/../lib/gcc/arm-none-eabi/11.1.0/../../../../arm-none-eabi/lib/armv6k/fpu\libg.a(lib_a-malignr.o)
                0x0000000000113e24                _memalign_r
 .text.malloc   0x0000000000113f74       0x20 g:/devkitpro/devkitarm/bin/../lib/gcc/arm-none-eabi/11.1.0/../../../../arm-none-eabi/lib/armv6k/fpu\libg.a(lib_a-malloc.o)
                0x0000000000113f74                malloc
 .text.free     0x0000000000113f94       0x20 g:/devkitpro/devkitarm/bin/../lib/gcc/arm-none-eabi/11.1.0/../../../../arm-none-eabi/lib/armv6k/fpu\libg.a(lib_a-malloc.o)
                0x0000000000113f94                free
 .text._malloc_r
                0x0000000000113fb4      0x7e0 g:/devkitpro/devkitarm/bin/../lib/gcc/arm-none-eabi/11.1.0/../../../../arm-none-eabi/lib/armv6k/fpu\libg.a(lib_a-mallocr.o)
                0x0000000000113fb4                _malloc_r
 .text.memcmp   0x0000000000114794       0xa8 g:/devkitpro/devkitarm/bin/../lib/gcc/arm-none-eabi/11.1.0/../../../../arm-none-eabi/lib/armv6k/fpu\libg.a(lib_a-memcmp.o)
                0x0000000000114794                memcmp
 .text.memcpy   0x000000000011483c      0x11c g:/devkitpro/devkitarm/bin/../lib/gcc/arm-none-eabi/11.1.0/../../../../arm-none-eabi/lib/armv6k/fpu\libg.a(lib_a-memcpy-stub.o)
                0x000000000011483c                memcpy
 .text.memset   0x0000000000114958      0x118 g:/devkitpro/devkitarm/bin/../lib/gcc/arm-none-eabi/11.1.0/../../../../arm-none-eabi/lib/armv6k/fpu\libg.a(lib_a-memset.o)
                0x0000000000114958                memset
 .text.__malloc_lock
                0x0000000000114a70        0xc g:/devkitpro/devkitarm/bin/../lib/gcc/arm-none-eabi/11.1.0/../../../../arm-none-eabi/lib/armv6k/fpu\libg.a(lib_a-mlock.o)
                0x0000000000114a70                __malloc_lock
 .text.__malloc_unlock
                0x0000000000114a7c        0xc g:/devkitpro/devkitarm/bin/../lib/gcc/arm-none-eabi/11.1.0/../../../../arm-none-eabi/lib/armv6k/fpu\libg.a(lib_a-mlock.o)
                0x0000000000114a7c                __malloc_unlock
 .text.qsort    0x0000000000114a88      0x958 g:/devkitpro/devkitarm/bin/../lib/gcc/arm-none-eabi/11.1.0/../../../../arm-none-eabi/lib/armv6k/fpu\libg.a(lib_a-qsort.o)
                0x0000000000114a88                qsort
 .text._realloc_r
                0x00000000001153e0      0x558 g:/devkitpro/devkitarm/bin/../lib/gcc/arm-none-eabi/11.1.0/../../../../arm-none-eabi/lib/armv6k/fpu\libg.a(lib_a-reallocr.o)
                0x00000000001153e0                _realloc_r
 .text.lflush   0x0000000000115938       0x1c g:/devkitpro/devkitarm/bin/../lib/gcc/arm-none-eabi/11.1.0/../../../../arm-none-eabi/lib/armv6k/fpu\libg.a(lib_a-refill.o)
 .text.__srefill_r
                0x0000000000115954      0x1ac g:/devkitpro/devkitarm/bin/../lib/gcc/arm-none-eabi/11.1.0/../../../../arm-none-eabi/lib/armv6k/fpu\libg.a(lib_a-refill.o)
                0x0000000000115954                __srefill_r
 .text.snprintf
                0x0000000000115b00       0xcc g:/devkitpro/devkitarm/bin/../lib/gcc/arm-none-eabi/11.1.0/../../../../arm-none-eabi/lib/armv6k/fpu\libg.a(lib_a-snprintf.o)
                0x0000000000115b00                snprintf
 .text.__sread  0x0000000000115bcc       0x44 g:/devkitpro/devkitarm/bin/../lib/gcc/arm-none-eabi/11.1.0/../../../../arm-none-eabi/lib/armv6k/fpu\libg.a(lib_a-stdio.o)
                0x0000000000115bcc                __sread
 .text.__swrite
                0x0000000000115c10       0x68 g:/devkitpro/devkitarm/bin/../lib/gcc/arm-none-eabi/11.1.0/../../../../arm-none-eabi/lib/armv6k/fpu\libg.a(lib_a-stdio.o)
                0x0000000000115c10                __swrite
 .text.__sseek  0x0000000000115c78       0x48 g:/devkitpro/devkitarm/bin/../lib/gcc/arm-none-eabi/11.1.0/../../../../arm-none-eabi/lib/armv6k/fpu\libg.a(lib_a-stdio.o)
                0x0000000000115c78                __sseek
 .text.__sclose
                0x0000000000115cc0        0x8 g:/devkitpro/devkitarm/bin/../lib/gcc/arm-none-eabi/11.1.0/../../../../arm-none-eabi/lib/armv6k/fpu\libg.a(lib_a-stdio.o)
                0x0000000000115cc0                __sclose
 .text.strchr   0x0000000000115cc8      0x12c g:/devkitpro/devkitarm/bin/../lib/gcc/arm-none-eabi/11.1.0/../../../../arm-none-eabi/lib/armv6k/fpu\libg.a(lib_a-strchr.o)
                0x0000000000115cc8                strchr
 .text.strlen   0x0000000000115df4       0x5c g:/devkitpro/devkitarm/bin/../lib/gcc/arm-none-eabi/11.1.0/../../../../arm-none-eabi/lib/armv6k/fpu\libg.a(lib_a-strlen-stub.o)
                0x0000000000115df4                strlen
 .text.strncat  0x0000000000115e50       0xec g:/devkitpro/devkitarm/bin/../lib/gcc/arm-none-eabi/11.1.0/../../../../arm-none-eabi/lib/armv6k/fpu\libg.a(lib_a-strncat.o)
                0x0000000000115e50                strncat
 .text.strncmp  0x0000000000115f3c       0xdc g:/devkitpro/devkitarm/bin/../lib/gcc/arm-none-eabi/11.1.0/../../../../arm-none-eabi/lib/armv6k/fpu\libg.a(lib_a-strncmp.o)
                0x0000000000115f3c                strncmp
 .text.strncpy  0x0000000000116018       0xc0 g:/devkitpro/devkitarm/bin/../lib/gcc/arm-none-eabi/11.1.0/../../../../arm-none-eabi/lib/armv6k/fpu\libg.a(lib_a-strncpy.o)
                0x0000000000116018                strncpy
 .text.strnlen  0x00000000001160d8       0x48 g:/devkitpro/devkitarm/bin/../lib/gcc/arm-none-eabi/11.1.0/../../../../arm-none-eabi/lib/armv6k/fpu\libg.a(lib_a-strnlen.o)
                0x00000000001160d8                strnlen
 .text.two_way_long_needle
                0x0000000000116120      0x430 g:/devkitpro/devkitarm/bin/../lib/gcc/arm-none-eabi/11.1.0/../../../../arm-none-eabi/lib/armv6k/fpu\libg.a(lib_a-strstr.o)
 .text.strstr   0x0000000000116550      0x248 g:/devkitpro/devkitarm/bin/../lib/gcc/arm-none-eabi/11.1.0/../../../../arm-none-eabi/lib/armv6k/fpu\libg.a(lib_a-strstr.o)
                0x0000000000116550                strstr
 .text.get_arg  0x0000000000116798      0x628 g:/devkitpro/devkitarm/bin/../lib/gcc/arm-none-eabi/11.1.0/../../../../arm-none-eabi/lib/armv6k/fpu\libg.a(lib_a-svfprintf.o)
 .text._svfprintf_r
                0x0000000000116dc0     0x35b8 g:/devkitpro/devkitarm/bin/../lib/gcc/arm-none-eabi/11.1.0/../../../../arm-none-eabi/lib/armv6k/fpu\libg.a(lib_a-svfprintf.o)
                0x0000000000116dc0                _svfprintf_r
 .text._wcrtomb_r
                0x000000000011a378       0x54 g:/devkitpro/devkitarm/bin/../lib/gcc/arm-none-eabi/11.1.0/../../../../arm-none-eabi/lib/armv6k/fpu\libg.a(lib_a-wcrtomb.o)
                0x000000000011a378                _wcrtomb_r
 .text._wcsrtombs_r
                0x000000000011a3cc       0x28 g:/devkitpro/devkitarm/bin/../lib/gcc/arm-none-eabi/11.1.0/../../../../arm-none-eabi/lib/armv6k/fpu\libg.a(lib_a-wcsrtombs.o)
                0x000000000011a3cc                _wcsrtombs_r
 .text.__call_exitprocs
                0x000000000011a3f4      0x114 g:/devkitpro/devkitarm/bin/../lib/gcc/arm-none-eabi/11.1.0/../../../../arm-none-eabi/lib/armv6k/fpu\libg.a(lib_a-__call_atexit.o)
                0x000000000011a3f4                __call_exitprocs
 .text.quorem   0x000000000011a508      0x1ac g:/devkitpro/devkitarm/bin/../lib/gcc/arm-none-eabi/11.1.0/../../../../arm-none-eabi/lib/armv6k/fpu\libg.a(lib_a-dtoa.o)
 *fill*         0x000000000011a6b4        0x4 
 .text._dtoa_r  0x000000000011a6b8     0x12cc g:/devkitpro/devkitarm/bin/../lib/gcc/arm-none-eabi/11.1.0/../../../../arm-none-eabi/lib/armv6k/fpu\libg.a(lib_a-dtoa.o)
                0x000000000011a6b8                _dtoa_r
 .text.__sflags
                0x000000000011b984       0xcc g:/devkitpro/devkitarm/bin/../lib/gcc/arm-none-eabi/11.1.0/../../../../arm-none-eabi/lib/armv6k/fpu\libg.a(lib_a-flags.o)
                0x000000000011b984                __sflags
 .text.__sfvwrite_r
                0x000000000011ba50      0x4c0 g:/devkitpro/devkitarm/bin/../lib/gcc/arm-none-eabi/11.1.0/../../../../arm-none-eabi/lib/armv6k/fpu\libg.a(lib_a-fvwrite.o)
                0x000000000011ba50                __sfvwrite_r
 .text._localeconv_r
                0x000000000011bf10        0xc g:/devkitpro/devkitarm/bin/../lib/gcc/arm-none-eabi/11.1.0/../../../../arm-none-eabi/lib/armv6k/fpu\libg.a(lib_a-localeconv.o)
                0x000000000011bf10                _localeconv_r
 .text.__locale_mb_cur_max
                0x000000000011bf1c       0x10 g:/devkitpro/devkitarm/bin/../lib/gcc/arm-none-eabi/11.1.0/../../../../arm-none-eabi/lib/armv6k/fpu\libg.a(lib_a-locale.o)
                0x000000000011bf1c                __locale_mb_cur_max
 .text.__utf8_mbtowc
                0x000000000011bf2c      0x2e4 g:/devkitpro/devkitarm/bin/../lib/gcc/arm-none-eabi/11.1.0/../../../../arm-none-eabi/lib/armv6k/fpu\libg.a(lib_a-mbtowc_r.o)
                0x000000000011bf2c                __utf8_mbtowc
 .text.memchr   0x000000000011c210       0xe0 g:/devkitpro/devkitarm/bin/../lib/gcc/arm-none-eabi/11.1.0/../../../../arm-none-eabi/lib/armv6k/fpu\libg.a(lib_a-memchr-stub.o)
                0x000000000011c210                memchr
 .text.memmove  0x000000000011c2f0      0x154 g:/devkitpro/devkitarm/bin/../lib/gcc/arm-none-eabi/11.1.0/../../../../arm-none-eabi/lib/armv6k/fpu\libg.a(lib_a-memmove.o)
                0x000000000011c2f0                memmove
 .text._Balloc  0x000000000011c444       0x88 g:/devkitpro/devkitarm/bin/../lib/gcc/arm-none-eabi/11.1.0/../../../../arm-none-eabi/lib/armv6k/fpu\libg.a(lib_a-mprec.o)
                0x000000000011c444                _Balloc
 .text._Bfree   0x000000000011c4cc       0x1c g:/devkitpro/devkitarm/bin/../lib/gcc/arm-none-eabi/11.1.0/../../../../arm-none-eabi/lib/armv6k/fpu\libg.a(lib_a-mprec.o)
                0x000000000011c4cc                _Bfree
 .text.__multadd
                0x000000000011c4e8       0xf4 g:/devkitpro/devkitarm/bin/../lib/gcc/arm-none-eabi/11.1.0/../../../../arm-none-eabi/lib/armv6k/fpu\libg.a(lib_a-mprec.o)
                0x000000000011c4e8                __multadd
 .text.__hi0bits
                0x000000000011c5dc       0x58 g:/devkitpro/devkitarm/bin/../lib/gcc/arm-none-eabi/11.1.0/../../../../arm-none-eabi/lib/armv6k/fpu\libg.a(lib_a-mprec.o)
                0x000000000011c5dc                __hi0bits
 .text.__lo0bits
                0x000000000011c634       0x94 g:/devkitpro/devkitarm/bin/../lib/gcc/arm-none-eabi/11.1.0/../../../../arm-none-eabi/lib/armv6k/fpu\libg.a(lib_a-mprec.o)
                0x000000000011c634                __lo0bits
 .text.__i2b    0x000000000011c6c8       0xa4 g:/devkitpro/devkitarm/bin/../lib/gcc/arm-none-eabi/11.1.0/../../../../arm-none-eabi/lib/armv6k/fpu\libg.a(lib_a-mprec.o)
                0x000000000011c6c8                __i2b
 .text.__multiply
                0x000000000011c76c      0x204 g:/devkitpro/devkitarm/bin/../lib/gcc/arm-none-eabi/11.1.0/../../../../arm-none-eabi/lib/armv6k/fpu\libg.a(lib_a-mprec.o)
                0x000000000011c76c                __multiply
 .text.__pow5mult
                0x000000000011c970      0x120 g:/devkitpro/devkitarm/bin/../lib/gcc/arm-none-eabi/11.1.0/../../../../arm-none-eabi/lib/armv6k/fpu\libg.a(lib_a-mprec.o)
                0x000000000011c970                __pow5mult
 .text.__lshift
                0x000000000011ca90      0x13c g:/devkitpro/devkitarm/bin/../lib/gcc/arm-none-eabi/11.1.0/../../../../arm-none-eabi/lib/armv6k/fpu\libg.a(lib_a-mprec.o)
                0x000000000011ca90                __lshift
 .text.__mcmp   0x000000000011cbcc       0x58 g:/devkitpro/devkitarm/bin/../lib/gcc/arm-none-eabi/11.1.0/../../../../arm-none-eabi/lib/armv6k/fpu\libg.a(lib_a-mprec.o)
                0x000000000011cbcc                __mcmp
 .text.__mdiff  0x000000000011cc24      0x1cc g:/devkitpro/devkitarm/bin/../lib/gcc/arm-none-eabi/11.1.0/../../../../arm-none-eabi/lib/armv6k/fpu\libg.a(lib_a-mprec.o)
                0x000000000011cc24                __mdiff
 .text.__d2b    0x000000000011cdf0      0x124 g:/devkitpro/devkitarm/bin/../lib/gcc/arm-none-eabi/11.1.0/../../../../arm-none-eabi/lib/armv6k/fpu\libg.a(lib_a-mprec.o)
                0x000000000011cdf0                __d2b
 *fill*         0x000000000011cf14        0x4 
 .text.frexp    0x000000000011cf18       0xa8 g:/devkitpro/devkitarm/bin/../lib/gcc/arm-none-eabi/11.1.0/../../../../arm-none-eabi/lib/armv6k/fpu\libg.a(lib_a-s_frexp.o)
                0x000000000011cf18                frexp
 .text.__ssprint_r
                0x000000000011cfc0      0x190 g:/devkitpro/devkitarm/bin/../lib/gcc/arm-none-eabi/11.1.0/../../../../arm-none-eabi/lib/armv6k/fpu\libg.a(lib_a-svfiprintf.o)
                0x000000000011cfc0                __ssprint_r
 .text._wcsnrtombs_l
                0x000000000011d150      0x190 g:/devkitpro/devkitarm/bin/../lib/gcc/arm-none-eabi/11.1.0/../../../../arm-none-eabi/lib/armv6k/fpu\libg.a(lib_a-wcsnrtombs.o)
                0x000000000011d150                _wcsnrtombs_l
 .text._wcsnrtombs_r
                0x000000000011d2e0       0x4c g:/devkitpro/devkitarm/bin/../lib/gcc/arm-none-eabi/11.1.0/../../../../arm-none-eabi/lib/armv6k/fpu\libg.a(lib_a-wcsnrtombs.o)
                0x000000000011d2e0                _wcsnrtombs_r
 .text.__utf8_wctomb
                0x000000000011d32c       0xf0 g:/devkitpro/devkitarm/bin/../lib/gcc/arm-none-eabi/11.1.0/../../../../arm-none-eabi/lib/armv6k/fpu\libg.a(lib_a-wctomb_r.o)
                0x000000000011d32c                __utf8_wctomb
 .text.__swsetup_r
                0x000000000011d41c      0x154 g:/devkitpro/devkitarm/bin/../lib/gcc/arm-none-eabi/11.1.0/../../../../arm-none-eabi/lib/armv6k/fpu\libg.a(lib_a-wsetup.o)
                0x000000000011d41c                __swsetup_r
 .text.__assert_func
                0x000000000011d570       0x54 g:/devkitpro/devkitarm/bin/../lib/gcc/arm-none-eabi/11.1.0/../../../../arm-none-eabi/lib/armv6k/fpu\libg.a(lib_a-assert.o)
                0x000000000011d570                __assert_func
 .text.fiprintf
                0x000000000011d5c4       0x3c g:/devkitpro/devkitarm/bin/../lib/gcc/arm-none-eabi/11.1.0/../../../../arm-none-eabi/lib/armv6k/fpu\libg.a(lib_a-fiprintf.o)
                0x000000000011d5c4                fiprintf
 .text.get_arg  0x000000000011d600      0x628 g:/devkitpro/devkitarm/bin/../lib/gcc/arm-none-eabi/11.1.0/../../../../arm-none-eabi/lib/armv6k/fpu\libg.a(lib_a-vfiprintf.o)
 .text.__sprint_r
                0x000000000011dc28       0x30 g:/devkitpro/devkitarm/bin/../lib/gcc/arm-none-eabi/11.1.0/../../../../arm-none-eabi/lib/armv6k/fpu\libg.a(lib_a-vfiprintf.o)
                0x000000000011dc28                __sprint_r
 .text._vfiprintf_r
                0x000000000011dc58     0x233c g:/devkitpro/devkitarm/bin/../lib/gcc/arm-none-eabi/11.1.0/../../../../arm-none-eabi/lib/armv6k/fpu\libg.a(lib_a-vfiprintf.o)
                0x000000000011dc58                _vfiprintf_r
 .text.__sbprintf
                0x000000000011ff94       0xd4 g:/devkitpro/devkitarm/bin/../lib/gcc/arm-none-eabi/11.1.0/../../../../arm-none-eabi/lib/armv6k/fpu\libg.a(lib_a-vfiprintf.o)
 .text.abort    0x0000000000120068       0x14 g:/devkitpro/devkitarm/bin/../lib/gcc/arm-none-eabi/11.1.0/../../../../arm-none-eabi/lib/armv6k/fpu\libg.a(lib_a-abort.o)
                0x0000000000120068                abort
 .text._raise_r
                0x000000000012007c       0x98 g:/devkitpro/devkitarm/bin/../lib/gcc/arm-none-eabi/11.1.0/../../../../arm-none-eabi/lib/armv6k/fpu\libg.a(lib_a-signal.o)
                0x000000000012007c                _raise_r
 .text.raise    0x0000000000120114       0x20 g:/devkitpro/devkitarm/bin/../lib/gcc/arm-none-eabi/11.1.0/../../../../arm-none-eabi/lib/armv6k/fpu\libg.a(lib_a-signal.o)
                0x0000000000120114                raise
 .text.null_write
                0x0000000000120134        0x8 g:/devkitpro/devkitarm/bin/../lib/gcc/arm-none-eabi/11.1.0/../../../../arm-none-eabi/lib/armv6k/fpu\libsysbase.a(iosupport.o)
 .text.setDefaultDevice
                0x000000000012013c       0x18 g:/devkitpro/devkitarm/bin/../lib/gcc/arm-none-eabi/11.1.0/../../../../arm-none-eabi/lib/armv6k/fpu\libsysbase.a(iosupport.o)
                0x000000000012013c                setDefaultDevice
 .text.FindDevice
                0x0000000000120154       0xc8 g:/devkitpro/devkitarm/bin/../lib/gcc/arm-none-eabi/11.1.0/../../../../arm-none-eabi/lib/armv6k/fpu\libsysbase.a(iosupport.o)
                0x0000000000120154                FindDevice
 .text.RemoveDevice
                0x000000000012021c       0x28 g:/devkitpro/devkitarm/bin/../lib/gcc/arm-none-eabi/11.1.0/../../../../arm-none-eabi/lib/armv6k/fpu\libsysbase.a(iosupport.o)
                0x000000000012021c                RemoveDevice
 .text.AddDevice
                0x0000000000120244       0x9c g:/devkitpro/devkitarm/bin/../lib/gcc/arm-none-eabi/11.1.0/../../../../arm-none-eabi/lib/armv6k/fpu\libsysbase.a(iosupport.o)
                0x0000000000120244                AddDevice
 .text.GetDeviceOpTab
                0x00000000001202e0       0x20 g:/devkitpro/devkitarm/bin/../lib/gcc/arm-none-eabi/11.1.0/../../../../arm-none-eabi/lib/armv6k/fpu\libsysbase.a(iosupport.o)
                0x00000000001202e0                GetDeviceOpTab
 .text._fstat_r
                0x0000000000120300       0x78 g:/devkitpro/devkitarm/bin/../lib/gcc/arm-none-eabi/11.1.0/../../../../arm-none-eabi/lib/armv6k/fpu\libsysbase.a(fstat.o)
                0x0000000000120300                _fstat_r
 .text._getpid_r
                0x0000000000120378       0x14 g:/devkitpro/devkitarm/bin/../lib/gcc/arm-none-eabi/11.1.0/../../../../arm-none-eabi/lib/armv6k/fpu\libsysbase.a(getpid.o)
                0x0000000000120378                _getpid_r
 .text._isatty_r
                0x000000000012038c        0x8 g:/devkitpro/devkitarm/bin/../lib/gcc/arm-none-eabi/11.1.0/../../../../arm-none-eabi/lib/armv6k/fpu\libsysbase.a(isatty.o)
                0x000000000012038c                _isatty_r
 .text._kill_r  0x0000000000120394       0x14 g:/devkitpro/devkitarm/bin/../lib/gcc/arm-none-eabi/11.1.0/../../../../arm-none-eabi/lib/armv6k/fpu\libsysbase.a(kill.o)
                0x0000000000120394                _kill_r
 .text._lseek_r