Archive member included to satisfy reference by file (symbol)

G:/devkitPro/libctru/lib\libcitro2d.a(base.o)
                              main.o (C2D_Init)
G:/devkitPro/libctru/lib\libcitro2d.a(text.o)
                              gui.o (C2D_TextBufNew)
G:/devkitPro/libctru/lib\libcitro2d.a(spritesheet.o)
                              gui.o (C2D_SpriteSheetLoad)
G:/devkitPro/libctru/lib\libcitro2d.a(font.o)
                              G:/devkitPro/libctru/lib\libcitro2d.a(text.o) (C2D_FontGlyphIndexFromCodePoint)
G:/devkitPro/libctru/lib\libcitro2d.a(render2d.shbin.o)
                              G:/devkitPro/libctru/lib\libcitro2d.a(base.o) (render2d_shbin)
G:/devkitPro/libctru/lib\libcitro3d.a(base.o)
                              main.o (C3D_Init)
G:/devkitPro/libctru/lib\libcitro3d.a(renderqueue.o)
                              G:/devkitPro/libctru/lib\libcitro3d.a(base.o) (C3Di_RenderQueueEnableVBlank)
G:/devkitPro/libctru/lib\libcitro3d.a(texture.o)
                              G:/devkitPro/libctru/lib\libcitro2d.a(base.o) (C3D_TexBind)
G:/devkitPro/libctru/lib\libcitro3d.a(tex3ds.o)
                              G:/devkitPro/libctru/lib\libcitro2d.a(spritesheet.o) (Tex3DS_TextureImport)
G:/devkitPro/libctru/lib\libcitro3d.a(framebuffer.o)
                              G:/devkitPro/libctru/lib\libcitro3d.a(renderqueue.o) (C3D_CalcColorBufSize)
G:/devkitPro/libctru/lib\libcitro3d.a(texenv.o)
                              G:/devkitPro/libctru/lib\libcitro2d.a(base.o) (C3D_GetTexEnv)
G:/devkitPro/libctru/lib\libcitro3d.a(proctex.o)
                              G:/devkitPro/libctru/lib\libcitro2d.a(base.o) (C3D_ProcTexInit)
G:/devkitPro/libctru/lib\libcitro3d.a(buffers.o)
                              G:/devkitPro/libctru/lib\libcitro2d.a(base.o) (BufInfo_Init)
G:/devkitPro/libctru/lib\libcitro3d.a(drawArrays.o)
                              G:/devkitPro/libctru/lib\libcitro2d.a(base.o) (C3D_DrawArrays)
G:/devkitPro/libctru/lib\libcitro3d.a(effect.o)
                              G:/devkitPro/libctru/lib\libcitro3d.a(base.o) (C3D_DepthMap)
G:/devkitPro/libctru/lib\libcitro3d.a(attribs.o)
                              G:/devkitPro/libctru/lib\libcitro2d.a(base.o) (AttrInfo_Init)
G:/devkitPro/libctru/lib\libcitro3d.a(immediate.o)
                              G:/devkitPro/libctru/lib\libcitro3d.a(base.o) (C3D_ImmSendAttrib)
G:/devkitPro/libctru/lib\libcitro3d.a(uniforms.o)
                              G:/devkitPro/libctru/lib\libcitro3d.a(base.o) (C3D_UpdateUniforms)
G:/devkitPro/libctru/lib\libcitro3d.a(mtx_ortho.o)
                              G:/devkitPro/libctru/lib\libcitro2d.a(base.o) (Mtx_Ortho)
G:/devkitPro/libctru/lib\libcitro3d.a(mtx_scale.o)
                              G:/devkitPro/libctru/lib\libcitro2d.a(base.o) (Mtx_Scale)
G:/devkitPro/libctru/lib\libcitro3d.a(mtx_multiply.o)
                              G:/devkitPro/libctru/lib\libcitro2d.a(base.o) (Mtx_Multiply)
G:/devkitPro/libctru/lib\libcitro3d.a(mtx_orthotilt.o)
                              G:/devkitPro/libctru/lib\libcitro2d.a(base.o) (Mtx_OrthoTilt)
G:/devkitPro/libctru/lib\libcitro3d.a(mtx_translate.o)
                              G:/devkitPro/libctru/lib\libcitro2d.a(base.o) (Mtx_Translate)
G:/devkitPro/libctru/lib\libcitro3d.a(mtx_rotatez.o)
                              G:/devkitPro/libctru/lib\libcitro2d.a(base.o) (Mtx_RotateZ)
G:/devkitPro/libctru/lib\libctru.a(vram.o)
                              G:/devkitPro/libctru/lib\libcitro3d.a(renderqueue.o) (vramAlloc)
G:/devkitPro/libctru/lib\libctru.a(linear.o)
                              G:/devkitPro/libctru/lib\libcitro2d.a(base.o) (linearAlloc)
G:/devkitPro/libctru/lib\libctru.a(mem_pool.o)
                              G:/devkitPro/libctru/lib\libctru.a(vram.o) (MemPool::Allocate(MemChunk&, unsigned long, int))
G:/devkitPro/libctru/lib\libctru.a(romfs_dev.o)
                              G:/devkitPro/libctru/lib\libcitro2d.a(font.o) (romfsMountFromTitle)
G:/devkitPro/libctru/lib\libctru.a(os.o)
                              G:/devkitPro/libctru/lib\libcitro3d.a(texture.o) (osConvertVirtToPhys)
G:/devkitPro/libctru/lib\libctru.a(path_buf.o)
                              G:/devkitPro/libctru/lib\libctru.a(romfs_dev.o) (__ctru_dev_utf16_buf)
G:/devkitPro/libctru/lib\libctru.a(font.o)
                              G:/devkitPro/libctru/lib\libcitro2d.a(text.o) (fontEnsureMapped)
G:/devkitPro/libctru/lib\libctru.a(gfx.o)
                              G:/devkitPro/libctru/lib\libcitro2d.a(base.o) (gfxIsWide)
G:/devkitPro/libctru/lib\libctru.a(shaderProgram.o)
                              G:/devkitPro/libctru/lib\libcitro2d.a(base.o) (shaderInstanceGetUniformLocation)
G:/devkitPro/libctru/lib\libctru.a(shbin.o)
                              G:/devkitPro/libctru/lib\libcitro2d.a(base.o) (DVLB_ParseFile)
G:/devkitPro/libctru/lib\libctru.a(gx.o)
                              G:/devkitPro/libctru/lib\libcitro3d.a(renderqueue.o) (GX_BindQueue)
[...]
Memory Configuration

Name             Origin             Length             Attributes
*default*        0x0000000000000000 0xffffffffffffffff

Linker script and memory map

                0x0000000000100000                PROVIDE (__start__ = 0x100000)
                0x0000000000100000                . = __start__

.text           0x0000000000100000    0x12fdc
 *(.crt0)
 .crt0          0x0000000000100000       0x94 g:/devkitpro/devkitarm/bin/../lib/gcc/arm-none-eabi/11.1.0/../../../../arm-none-eabi/lib/armv6k/fpu/3dsx_crt0.o
                0x0000000000100000                _start
                0x0000000000100008                __service_ptr
                0x000000000010000c                __apt_appid
                0x0000000000100010                __heap_size
                0x0000000000100014                __linear_heap_size
                0x0000000000100018                __system_arglist
                0x000000000010001c                __system_runflags
 *(.init)
 .init          0x0000000000100094        0xc g:/devkitpro/devkitarm/bin/../lib/gcc/arm-none-eabi/11.1.0/armv6k/fpu/crti.o
                0x0000000000100094                _init
 .init          0x00000000001000a0        0xc g:/devkitpro/devkitarm/bin/../lib/gcc/arm-none-eabi/11.1.0/armv6k/fpu/crtn.o
                0x00000000001000ac                . = ALIGN (0x4)
 *(.text)
 .text          0x00000000001000ac      0x20c g:/devkitpro/devkitarm/bin/../lib/gcc/arm-none-eabi/11.1.0/armv6k/fpu\libgcc.a(_udivsi3.o)
                0x00000000001000ac                __aeabi_uidiv
                0x00000000001000ac                __udivsi3
                0x0000000000100298                __aeabi_uidivmod
 .text          0x00000000001002b8      0x240 g:/devkitpro/devkitarm/bin/../lib/gcc/arm-none-eabi/11.1.0/armv6k/fpu\libgcc.a(_divsi3.o)
                0x00000000001002b8                __divsi3
                0x00000000001002b8                __aeabi_idiv
                0x00000000001004d8                __aeabi_idivmod
 .text          0x00000000001004f8        0x4 g:/devkitpro/devkitarm/bin/../lib/gcc/arm-none-eabi/11.1.0/armv6k/fpu\libgcc.a(_dvmd_tls.o)
                0x00000000001004f8                __aeabi_idiv0
                0x00000000001004f8                __aeabi_ldiv0
 .text          0x00000000001004fc       0xd4 g:/devkitpro/devkitarm/bin/../lib/gcc/arm-none-eabi/11.1.0/armv6k/fpu\libgcc.a(_aeabi_ldivmod.o)
                0x00000000001004fc                __aeabi_ldivmod
 *fill*         0x00000000001005d0       0x10 
 .text          0x00000000001005e0      0x390 g:/devkitpro/devkitarm/bin/../lib/gcc/arm-none-eabi/11.1.0/../../../../arm-none-eabi/lib/armv6k/fpu\libg.a(lib_a-strcmp.o)
                0x00000000001005e8                strcmp
 *(.text.*)
 .text.__do_global_dtors_aux
                0x0000000000100970       0x40 g:/devkitpro/devkitarm/bin/../lib/gcc/arm-none-eabi/11.1.0/armv6k/fpu/crtbegin.o
 .text.frame_dummy
                0x00000000001009b0       0x2c g:/devkitpro/devkitarm/bin/../lib/gcc/arm-none-eabi/11.1.0/armv6k/fpu/crtbegin.o
 .text.downloadFromUrl
                0x00000000001009dc       0x94 app.o
                0x00000000001009dc                downloadFromUrl
 .text.checkStatus
                0x0000000000100a70       0x5c app.o
                0x0000000000100a70                checkStatus
 .text.StartUp  0x0000000000100acc       0xb0 app.o
                0x0000000000100acc                StartUp
 .text.InitMenueScreen
                0x0000000000100b7c       0x94 gui.o
                0x0000000000100b7c                InitMenueScreen
 .text.InitMenueBar
                0x0000000000100c10       0x7c gui.o
                0x0000000000100c10                InitMenueBar
 .text.InitSearchScreen
                0x0000000000100c8c       0x70 gui.o
                0x0000000000100c8c                InitSearchScreen
 .text.InitSettingsScreen
                0x0000000000100cfc       0x5c gui.o
                0x0000000000100cfc                InitSettingsScreen
 .text.exitScene
                0x0000000000100d58       0x38 gui.o
                0x0000000000100d58                exitScene
 .text.startup.main
                0x0000000000100d90       0xa0 main.o
                0x0000000000100d90                main
 .text.C2Di_FrameEndHook
                0x0000000000100e30       0x34 G:/devkitPro/libctru/lib\libcitro2d.a(base.o)
 *fill*         0x0000000000100e64        0x4 
 .text.C2D_Init
                0x0000000000100e68      0x330 G:/devkitPro/libctru/lib\libcitro2d.a(base.o)
                0x0000000000100e68                C2D_Init
 .text.C2D_Fini
                0x0000000000101198       0x44 G:/devkitPro/libctru/lib\libcitro2d.a(base.o)
                0x0000000000101198                C2D_Fini
 .text.C2D_Prepare
                0x00000000001011dc       0xd0 G:/devkitPro/libctru/lib\libcitro2d.a(base.o)
                0x00000000001011dc                C2D_Prepare
 .text.C2D_CreateScreenTarget
                0x00000000001012ac       0x58 G:/devkitPro/libctru/lib\libcitro2d.a(base.o)
                0x00000000001012ac                C2D_CreateScreenTarget
 .text.C2Di_GlyphComp
                0x0000000000101304       0x18 G:/devkitPro/libctru/lib\libcitro2d.a(text.o)
 .text.C2D_TextBufNew
                0x000000000010131c      0x1d0 G:/devkitPro/libctru/lib\libcitro2d.a(text.o)
                0x000000000010131c                C2D_TextBufNew
 .text.C2D_TextBufDelete
                0x00000000001014ec        0x4 G:/devkitPro/libctru/lib\libcitro2d.a(text.o)
                0x00000000001014ec                C2D_TextBufDelete
 .text.C2D_TextFontParseLine
                0x00000000001014f0      0x1c8 G:/devkitPro/libctru/lib\libcitro2d.a(text.o)
                0x00000000001014f0                C2D_TextFontParseLine
 .text.C2D_TextFontParse
                0x00000000001016b8       0xa8 G:/devkitPro/libctru/lib\libcitro2d.a(text.o)
                0x00000000001016b8                C2D_TextFontParse
 .text.C2D_TextParse
                0x0000000000101760       0x14 G:/devkitPro/libctru/lib\libcitro2d.a(text.o)
                0x0000000000101760                C2D_TextParse
 .text.C2D_TextOptimize
                0x0000000000101774       0x30 G:/devkitPro/libctru/lib\libcitro2d.a(text.o)
                0x0000000000101774                C2D_TextOptimize
 .text.C2D_FontGlyphIndexFromCodePoint
                0x00000000001017a4       0x44 G:/devkitPro/libctru/lib\libcitro2d.a(font.o)
                0x00000000001017a4                C2D_FontGlyphIndexFromCodePoint
 .text.C2D_FontCalcGlyphPos
                0x00000000001017e8       0x78 G:/devkitPro/libctru/lib\libcitro2d.a(font.o)
                0x00000000001017e8                C2D_FontCalcGlyphPos
 .text.C3Di_LightEnvUpdate
                0x0000000000101860        0x4 G:/devkitPro/libctru/lib\libcitro3d.a(base.o)
                0x0000000000101860                C3Di_LightEnvUpdate
 .text.C3Di_LightEnvDirty
                0x0000000000101864        0x4 G:/devkitPro/libctru/lib\libcitro3d.a(base.o)
                0x0000000000101864                C3Di_LightEnvDirty
 .text.C3Di_AptEventHook
                0x0000000000101868       0xb4 G:/devkitPro/libctru/lib\libcitro3d.a(base.o)
 .text.C3Di_GasUpdate
                0x000000000010191c        0x4 G:/devkitPro/libctru/lib\libcitro3d.a(base.o)
                0x000000000010191c                C3Di_GasUpdate
 .text.C3D_Init
                0x0000000000101920      0x1e0 G:/devkitPro/libctru/lib\libcitro3d.a(base.o)
                0x0000000000101920                C3D_Init
 .text.C3Di_UpdateContext
                0x0000000000101b00      0x4ec G:/devkitPro/libctru/lib\libcitro3d.a(base.o)
                0x0000000000101b00                C3Di_UpdateContext
 .text.C3D_Fini
                0x0000000000101fec       0x44 G:/devkitPro/libctru/lib\libcitro3d.a(base.o)
                0x0000000000101fec                C3D_Fini
 .text.C3D_BindProgram
                0x0000000000102030      0x108 G:/devkitPro/libctru/lib\libcitro3d.a(base.o)
                0x0000000000102030                C3D_BindProgram
 .text.onVBlank0
                0x0000000000102138       0x4c G:/devkitPro/libctru/lib\libcitro3d.a(renderqueue.o)
 .text.onVBlank1
                0x0000000000102184       0x4c G:/devkitPro/libctru/lib\libcitro3d.a(renderqueue.o)
 .text.C3Di_RenderTargetDestroy
                0x00000000001021d0       0x80 G:/devkitPro/libctru/lib\libcitro3d.a(renderqueue.o)
 .text.onQueueFinish
                0x0000000000102250       0xf4 G:/devkitPro/libctru/lib\libcitro3d.a(renderqueue.o)
 .text.C3Di_RenderQueueEnableVBlank
                0x0000000000102344       0x38 G:/devkitPro/libctru/lib\libcitro3d.a(renderqueue.o)
                0x0000000000102344                C3Di_RenderQueueEnableVBlank
 .text.C3Di_RenderQueueDisableVBlank
                0x000000000010237c       0x30 G:/devkitPro/libctru/lib\libcitro3d.a(renderqueue.o)
                0x000000000010237c                C3Di_RenderQueueDisableVBlank
 .text.C3Di_RenderQueueInit
                0x00000000001023ac       0x60 G:/devkitPro/libctru/lib\libcitro3d.a(renderqueue.o)
                0x00000000001023ac                C3Di_RenderQueueInit
 .text.C3Di_RenderQueueExit
                0x000000000010240c       0xb0 G:/devkitPro/libctru/lib\libcitro3d.a(renderqueue.o)
                0x000000000010240c                C3Di_RenderQueueExit
 .text.C3Di_RenderQueueWaitDone
                0x00000000001024bc       0x34 G:/devkitPro/libctru/lib\libcitro3d.a(renderqueue.o)
                0x00000000001024bc                C3Di_RenderQueueWaitDone
 .text.C3D_FrameEndHook
                0x00000000001024f0       0x1c G:/devkitPro/libctru/lib\libcitro3d.a(renderqueue.o)
                0x00000000001024f0                C3D_FrameEndHook
 .text.C3D_RenderTargetCreate
                0x000000000010250c      0x128 G:/devkitPro/libctru/lib\libcitro3d.a(renderqueue.o)
                0x000000000010250c                C3D_RenderTargetCreate
 .text.C3D_RenderTargetSetOutput
                0x0000000000102634       0xa8 G:/devkitPro/libctru/lib\libcitro3d.a(renderqueue.o)
                0x0000000000102634                C3D_RenderTargetSetOutput
 .text.C3Di_SetTex
                0x00000000001026dc      0x16c G:/devkitPro/libctru/lib\libcitro3d.a(texture.o)
                0x00000000001026dc                C3Di_SetTex
 .text.C3D_CalcColorBufSize
                0x0000000000102848       0x1c G:/devkitPro/libctru/lib\libcitro3d.a(framebuffer.o)
                0x0000000000102848                C3D_CalcColorBufSize
 .text.C3D_CalcDepthBufSize
                0x0000000000102864       0x1c G:/devkitPro/libctru/lib\libcitro3d.a(framebuffer.o)
                0x0000000000102864                C3D_CalcDepthBufSize
 .text.C3Di_FrameBufBind
                0x0000000000102880      0x16c G:/devkitPro/libctru/lib\libcitro3d.a(framebuffer.o)
                0x0000000000102880                C3Di_FrameBufBind
 .text.C3D_GetTexEnv
                0x00000000001029ec       0x34 G:/devkitPro/libctru/lib\libcitro3d.a(texenv.o)
                0x00000000001029ec                C3D_GetTexEnv
 .text.C3Di_TexEnvBind
                0x0000000000102a20       0x24 G:/devkitPro/libctru/lib\libcitro3d.a(texenv.o)
                0x0000000000102a20                C3Di_TexEnvBind
 .text.C3D_ProcTexInit
                0x0000000000102a44       0x70 G:/devkitPro/libctru/lib\libcitro3d.a(proctex.o)
                0x0000000000102a44                C3D_ProcTexInit
 .text.C3D_ProcTexBind
                0x0000000000102ab4       0x54 G:/devkitPro/libctru/lib\libcitro3d.a(proctex.o)
                0x0000000000102ab4                C3D_ProcTexBind
 .text.C3D_ProcTexLutBind
                0x0000000000102b08       0x5c G:/devkitPro/libctru/lib\libcitro3d.a(proctex.o)
                0x0000000000102b08                C3D_ProcTexLutBind
 .text.ProcTexLut_FromArray
                0x0000000000102b64       0xa4 G:/devkitPro/libctru/lib\libcitro3d.a(proctex.o)
                0x0000000000102b64                ProcTexLut_FromArray
 .text.C3Di_ProcTexUpdate
                0x0000000000102c08      0x17c G:/devkitPro/libctru/lib\libcitro3d.a(proctex.o)
                0x0000000000102c08                C3Di_ProcTexUpdate
 .text.C3Di_ProcTexDirty
                0x0000000000102d84       0x68 G:/devkitPro/libctru/lib\libcitro3d.a(proctex.o)
                0x0000000000102d84                C3Di_ProcTexDirty
 .text.BufInfo_Init
                0x0000000000102dec       0x24 G:/devkitPro/libctru/lib\libcitro3d.a(buffers.o)
                0x0000000000102dec                BufInfo_Init
 .text.BufInfo_Add
                0x0000000000102e10       0x80 G:/devkitPro/libctru/lib\libcitro3d.a(buffers.o)
                0x0000000000102e10                BufInfo_Add
 .text.C3D_SetBufInfo
                0x0000000000102e90       0x40 G:/devkitPro/libctru/lib\libcitro3d.a(buffers.o)
                0x0000000000102e90                C3D_SetBufInfo
 .text.C3Di_BufInfoBind
                0x0000000000102ed0       0x48 G:/devkitPro/libctru/lib\libcitro3d.a(buffers.o)
                0x0000000000102ed0                C3Di_BufInfoBind
 .text.C3D_DrawArrays
                0x0000000000102f18      0x148 G:/devkitPro/libctru/lib\libcitro3d.a(drawArrays.o)
                0x0000000000102f18                C3D_DrawArrays
 .text.C3D_DepthMap
                0x0000000000103060       0x40 G:/devkitPro/libctru/lib\libcitro3d.a(effect.o)
                0x0000000000103060                C3D_DepthMap
 .text.C3D_CullFace
                0x00000000001030a0       0x1c G:/devkitPro/libctru/lib\libcitro3d.a(effect.o)
                0x00000000001030a0                C3D_CullFace
 .text.C3D_StencilTest
                0x00000000001030bc       0x40 G:/devkitPro/libctru/lib\libcitro3d.a(effect.o)
                0x00000000001030bc                C3D_StencilTest
 .text.C3D_StencilOp
                0x00000000001030fc       0x24 G:/devkitPro/libctru/lib\libcitro3d.a(effect.o)
                0x00000000001030fc                C3D_StencilOp
 .text.C3D_BlendingColor
                0x0000000000103120       0x1c G:/devkitPro/libctru/lib\libcitro3d.a(effect.o)
                0x0000000000103120                C3D_BlendingColor
 .text.C3D_EarlyDepthTest
                0x000000000010313c       0x24 G:/devkitPro/libctru/lib\libcitro3d.a(effect.o)
                0x000000000010313c                C3D_EarlyDepthTest
 .text.C3D_DepthTest
                0x0000000000103160       0x2c G:/devkitPro/libctru/lib\libcitro3d.a(effect.o)
                0x0000000000103160                C3D_DepthTest
 .text.C3D_AlphaTest
                0x000000000010318c       0x2c G:/devkitPro/libctru/lib\libcitro3d.a(effect.o)
                0x000000000010318c                C3D_AlphaTest
 .text.C3D_AlphaBlend
                0x00000000001031b8       0x50 G:/devkitPro/libctru/lib\libcitro3d.a(effect.o)
                0x00000000001031b8                C3D_AlphaBlend
 .text.C3D_FragOpMode
                0x0000000000103208       0x30 G:/devkitPro/libctru/lib\libcitro3d.a(effect.o)
                0x0000000000103208                C3D_FragOpMode
 .text.C3D_FragOpShadow
                0x0000000000103238       0x44 G:/devkitPro/libctru/lib\libcitro3d.a(effect.o)
                0x0000000000103238                C3D_FragOpShadow
 .text.C3Di_EffectBind
                0x000000000010327c      0x1ac G:/devkitPro/libctru/lib\libcitro3d.a(effect.o)
                0x000000000010327c                C3Di_EffectBind
 .text.AttrInfo_Init
                0x0000000000103428       0x28 G:/devkitPro/libctru/lib\libcitro3d.a(attribs.o)
                0x0000000000103428                AttrInfo_Init
 .text.AttrInfo_AddLoader
                0x0000000000103450       0x98 G:/devkitPro/libctru/lib\libcitro3d.a(attribs.o)
                0x0000000000103450                AttrInfo_AddLoader
 .text.C3D_SetAttrInfo
                0x00000000001034e8       0x54 G:/devkitPro/libctru/lib\libcitro3d.a(attribs.o)
                0x00000000001034e8                C3D_SetAttrInfo
 .text.C3Di_AttrInfoBind
                0x000000000010353c       0x80 G:/devkitPro/libctru/lib\libcitro3d.a(attribs.o)
                0x000000000010353c                C3Di_AttrInfoBind
 .text.C3D_ImmSendAttrib
                0x00000000001035bc       0xa8 G:/devkitPro/libctru/lib\libcitro3d.a(immediate.o)
                0x00000000001035bc                C3D_ImmSendAttrib
 .text.C3D_UpdateUniforms
                0x0000000000103664      0x29c G:/devkitPro/libctru/lib\libcitro3d.a(uniforms.o)
                0x0000000000103664                C3D_UpdateUniforms
 .text.C3Di_DirtyUniforms
                0x0000000000103900       0xc0 G:/devkitPro/libctru/lib\libcitro3d.a(uniforms.o)
                0x0000000000103900                C3Di_DirtyUniforms
 .text.C3Di_LoadShaderUniforms
                0x00000000001039c0       0xd8 G:/devkitPro/libctru/lib\libcitro3d.a(uniforms.o)
                0x00000000001039c0                C3Di_LoadShaderUniforms
 .text.C3Di_ClearShaderUniforms
                0x0000000000103a98       0x28 G:/devkitPro/libctru/lib\libcitro3d.a(uniforms.o)
                0x0000000000103a98                C3Di_ClearShaderUniforms
 .text.Mtx_OrthoTilt
                0x0000000000103ac0       0xcc G:/devkitPro/libctru/lib\libcitro3d.a(mtx_orthotilt.o)
                0x0000000000103ac0                Mtx_OrthoTilt
 .text._ZL21addrMapNodeComparatorPK11rbtree_nodeS1_
                0x0000000000103b8c       0x24 G:/devkitPro/libctru/lib\libctru.a(vram.o)
 .text._ZL21addrMapNodeDestructorP11rbtree_node
                0x0000000000103bb0        0x4 G:/devkitPro/libctru/lib\libctru.a(vram.o)
 .text.vramMemAlign
                0x0000000000103bb4      0x114 G:/devkitPro/libctru/lib\libctru.a(vram.o)
                0x0000000000103bb4                vramMemAlign
 .text.vramAlloc
                0x0000000000103cc8        0x8 G:/devkitPro/libctru/lib\libctru.a(vram.o)
                0x0000000000103cc8                vramAlloc
 .text.vramFree
                0x0000000000103cd0       0x5c G:/devkitPro/libctru/lib\libctru.a(vram.o)
                0x0000000000103cd0                vramFree
 .text._ZL21addrMapNodeComparatorPK11rbtree_nodeS1_
                0x0000000000103d2c       0x24 G:/devkitPro/libctru/lib\libctru.a(linear.o)
 .text._ZL21addrMapNodeDestructorP11rbtree_node
                0x0000000000103d50        0x4 G:/devkitPro/libctru/lib\libctru.a(linear.o)
 .text.linearMemAlign
                0x0000000000103d54      0x120 G:/devkitPro/libctru/lib\libctru.a(linear.o)
                0x0000000000103d54                linearMemAlign
 .text.linearAlloc
                0x0000000000103e74        0x8 G:/devkitPro/libctru/lib\libctru.a(linear.o)
                0x0000000000103e74                linearAlloc
 .text.linearFree
                0x0000000000103e7c       0x5c G:/devkitPro/libctru/lib\libctru.a(linear.o)
                0x0000000000103e7c                linearFree
 .text._ZN7MemPool13CoalesceRightEP8MemBlock
                0x0000000000103ed8       0x84 G:/devkitPro/libctru/lib\libctru.a(mem_pool.o)
                0x0000000000103ed8                MemPool::CoalesceRight(MemBlock*)
 .text._ZN7MemPool8AllocateER8MemChunkmi
                0x0000000000103f5c      0x170 G:/devkitPro/libctru/lib\libctru.a(mem_pool.o)
                0x0000000000103f5c                MemPool::Allocate(MemChunk&, unsigned long, int)
 .text._ZN7MemPool10DeallocateERK8MemChunk
                0x00000000001040cc       0xfc G:/devkitPro/libctru/lib\libctru.a(mem_pool.o)
                0x00000000001040cc                MemPool::Deallocate(MemChunk const&)
 .text.osConvertVirtToPhys
                0x00000000001041c8       0x74 G:/devkitPro/libctru/lib\libctru.a(os.o)
                0x00000000001041c8                osConvertVirtToPhys
 .text.osGetTimeRef
                0x000000000010423c       0x54 G:/devkitPro/libctru/lib\libctru.a(os.o)
                0x000000000010423c                osGetTimeRef
 .text.osGetTime
                0x0000000000104290       0xe4 G:/devkitPro/libctru/lib\libctru.a(os.o)
                0x0000000000104290                osGetTime
 .text.__libctru_gtod
                0x0000000000104374       0x74 G:/devkitPro/libctru/lib\libctru.a(os.o)
                0x0000000000104374                __libctru_gtod
 .text.__ctru_speedup_config
                0x00000000001043e8       0x34 G:/devkitPro/libctru/lib\libctru.a(os.o)
                0x00000000001043e8                __ctru_speedup_config
 .text.fontEnsureMapped
                0x000000000010441c       0x9c G:/devkitPro/libctru/lib\libctru.a(font.o)
                0x000000000010441c                fontEnsureMapped
 .text.fontGlyphIndexFromCodePoint
                0x00000000001044b8       0xfc G:/devkitPro/libctru/lib\libctru.a(font.o)
                0x00000000001044b8                fontGlyphIndexFromCodePoint
 .text.fontGetCharWidthInfo
                0x00000000001045b4       0x6c G:/devkitPro/libctru/lib\libctru.a(font.o)
                0x00000000001045b4                fontGetCharWidthInfo
 .text.fontCalcGlyphPos
                0x0000000000104620      0x1c0 G:/devkitPro/libctru/lib\libctru.a(font.o)
                0x0000000000104620                fontCalcGlyphPos
 .text.gfxPresentFramebuffer
                0x00000000001047e0       0xd0 G:/devkitPro/libctru/lib\libctru.a(gfx.o)
 .text.gfxIsWide
                0x00000000001048b0       0x1c G:/devkitPro/libctru/lib\libctru.a(gfx.o)
                0x00000000001048b0                gfxIsWide
 .text.gfxSetScreenFormat
                0x00000000001048cc       0xec G:/devkitPro/libctru/lib\libctru.a(gfx.o)
                0x00000000001048cc                gfxSetScreenFormat
 .text.gfxInit  0x00000000001049b8      0x108 G:/devkitPro/libctru/lib\libctru.a(gfx.o)
                0x00000000001049b8                gfxInit
 .text.gfxInitDefault
                0x0000000000104ac0       0x10 G:/devkitPro/libctru/lib\libctru.a(gfx.o)
                0x0000000000104ac0                gfxInitDefault
 .text.gfxExit  0x0000000000104ad0       0xb4 G:/devkitPro/libctru/lib\libctru.a(gfx.o)
                0x0000000000104ad0                gfxExit
 .text.gfxFlushBuffers
                0x0000000000104b84      0x10c G:/devkitPro/libctru/lib\libctru.a(gfx.o)
                0x0000000000104b84                gfxFlushBuffers
 .text.gfxScreenSwapBuffers
                0x0000000000104c90       0x30 G:/devkitPro/libctru/lib\libctru.a(gfx.o)
                0x0000000000104c90                gfxScreenSwapBuffers
 .text.shaderInstanceInit
                0x0000000000104cc0      0x1e0 G:/devkitPro/libctru/lib\libctru.a(shaderProgram.o)
                0x0000000000104cc0                shaderInstanceInit
 .text.shaderInstanceGetUniformLocation
                0x0000000000104ea0       0x18 G:/devkitPro/libctru/lib\libctru.a(shaderProgram.o)
                0x0000000000104ea0                shaderInstanceGetUniformLocation
 .text.shaderProgramInit
                0x0000000000104eb8       0x1c G:/devkitPro/libctru/lib\libctru.a(shaderProgram.o)
                0x0000000000104eb8                shaderProgramInit
 .text.shaderProgramFree
                0x0000000000104ed4       0x64 G:/devkitPro/libctru/lib\libctru.a(shaderProgram.o)
                0x0000000000104ed4                shaderProgramFree
 .text.shaderProgramSetVsh
                0x0000000000104f38       0x80 G:/devkitPro/libctru/lib\libctru.a(shaderProgram.o)
                0x0000000000104f38                shaderProgramSetVsh
 .text.shaderProgramConfigure
                0x0000000000104fb8      0x8c0 G:/devkitPro/libctru/lib\libctru.a(shaderProgram.o)
                0x0000000000104fb8                shaderProgramConfigure
 .text.DVLE_GenerateOutmap.part.0
                0x0000000000105878      0x1f8 G:/devkitPro/libctru/lib\libctru.a(shbin.o)
 .text.DVLB_ParseFile
                0x0000000000105a70      0x1cc G:/devkitPro/libctru/lib\libctru.a(shbin.o)
                0x0000000000105a70                DVLB_ParseFile
 .text.DVLB_Free
                0x0000000000105c3c       0x38 G:/devkitPro/libctru/lib\libctru.a(shbin.o)
                0x0000000000105c3c                DVLB_Free
 .text.DVLE_GetUniformRegister
                0x0000000000105c74       0x74 G:/devkitPro/libctru/lib\libctru.a(shbin.o)
                0x0000000000105c74                DVLE_GetUniformRegister
 .text.GX_BindQueue
                0x0000000000105ce8       0x10 G:/devkitPro/libctru/lib\libctru.a(gx.o)
                0x0000000000105ce8                GX_BindQueue
 .text.gxCmdQueueDoCommands.part.0
                0x0000000000105cf8       0x68 G:/devkitPro/libctru/lib\libctru.a(gxqueue.o)
 .text.gxCmdQueueInterrupt
                0x0000000000105d60       0xc8 G:/devkitPro/libctru/lib\libctru.a(gxqueue.o)
                0x0000000000105d60                gxCmdQueueInterrupt
 .text.gxCmdQueueClear
                0x0000000000105e28       0x4c G:/devkitPro/libctru/lib\libctru.a(gxqueue.o)
                0x0000000000105e28                gxCmdQueueClear
 .text.gxCmdQueueRun
                0x0000000000105e74       0x80 G:/devkitPro/libctru/lib\libctru.a(gxqueue.o)
                0x0000000000105e74                gxCmdQueueRun
 .text.gxCmdQueueStop
                0x0000000000105ef4       0x60 G:/devkitPro/libctru/lib\libctru.a(gxqueue.o)
                0x0000000000105ef4                gxCmdQueueStop
 .text.gxCmdQueueWait
                0x0000000000105f54       0x74 G:/devkitPro/libctru/lib\libctru.a(gxqueue.o)
                0x0000000000105f54                gxCmdQueueWait
 .text.GPUCMD_Add
                0x0000000000105fc8      0x13c G:/devkitPro/libctru/lib\libctru.a(gpu.o)
                0x0000000000105fc8                GPUCMD_Add
 .text.f32tof16
                0x0000000000106104       0x40 G:/devkitPro/libctru/lib\libctru.a(gpu.o)
                0x0000000000106104                f32tof16
 .text.f32tof24
                0x0000000000106144       0x40 G:/devkitPro/libctru/lib\libctru.a(gpu.o)
                0x0000000000106144                f32tof24
 .text.gspHardwareInit
                0x0000000000106184      0xc58 G:/devkitPro/libctru/lib\libctru.a(gspgpu.o)
 .text.gspInit  0x0000000000106ddc      0x254 G:/devkitPro/libctru/lib\libctru.a(gspgpu.o)
                0x0000000000106ddc                gspInit
 .text.gspExit  0x0000000000107030       0xf0 G:/devkitPro/libctru/lib\libctru.a(gspgpu.o)
                0x0000000000107030                gspExit
 .text.gspHasGpuRight
                0x0000000000107120       0x10 G:/devkitPro/libctru/lib\libctru.a(gspgpu.o)
                0x0000000000107120                gspHasGpuRight
 .text.gspPresentBuffer
                0x0000000000107130       0x98 G:/devkitPro/libctru/lib\libctru.a(gspgpu.o)
                0x0000000000107130                gspPresentBuffer
 .text.gspSetEventCallback
                0x00000000001071c8       0x30 G:/devkitPro/libctru/lib\libctru.a(gspgpu.o)
                0x00000000001071c8                gspSetEventCallback
 .text.gspWaitForEvent
                0x00000000001071f8       0x50 G:/devkitPro/libctru/lib\libctru.a(gspgpu.o)
                0x00000000001071f8                gspWaitForEvent
 .text.gspWaitForAnyEvent
                0x0000000000107248       0x4c G:/devkitPro/libctru/lib\libctru.a(gspgpu.o)
                0x0000000000107248                gspWaitForAnyEvent
 .text.gspEventThreadMain
                0x0000000000107294      0x160 G:/devkitPro/libctru/lib\libctru.a(gspgpu.o)
 .text.gspSubmitGxCommand
                0x00000000001073f4      0x130 G:/devkitPro/libctru/lib\libctru.a(gspgpu.o)
                0x00000000001073f4                gspSubmitGxCommand
 .text.GSPGPU_FlushDataCache
                0x0000000000107524       0x50 G:/devkitPro/libctru/lib\libctru.a(gspgpu.o)
                0x0000000000107524                GSPGPU_FlushDataCache
 .text.GSPGPU_SetLcdForceBlack
                0x0000000000107574       0x34 G:/devkitPro/libctru/lib\libctru.a(gspgpu.o)
                0x0000000000107574                GSPGPU_SetLcdForceBlack
 .text.GSPGPU_AcquireRight
                0x00000000001075a8       0x68 G:/devkitPro/libctru/lib\libctru.a(gspgpu.o)
                0x00000000001075a8                GSPGPU_AcquireRight
 .text.GSPGPU_ReleaseRight
                0x0000000000107610       0x48 G:/devkitPro/libctru/lib\libctru.a(gspgpu.o)
                0x0000000000107610                GSPGPU_ReleaseRight
 .text.GSPGPU_ImportDisplayCaptureInfo
                0x0000000000107658       0x7c G:/devkitPro/libctru/lib\libctru.a(gspgpu.o)
                0x0000000000107658                GSPGPU_ImportDisplayCaptureInfo
 .text.GSPGPU_SaveVramSysArea
                0x00000000001076d4       0x2c G:/devkitPro/libctru/lib\libctru.a(gspgpu.o)
                0x00000000001076d4                GSPGPU_SaveVramSysArea
 .text.GSPGPU_RestoreVramSysArea
                0x0000000000107700       0x2c G:/devkitPro/libctru/lib\libctru.a(gspgpu.o)
                0x0000000000107700                GSPGPU_RestoreVramSysArea
 .text.aptConvertScreenForCapture
                0x000000000010772c      0x1b0 G:/devkitPro/libctru/lib\libctru.a(apt.o)
 .text.aptDspSleep
                0x00000000001078dc        0x8 G:/devkitPro/libctru/lib\libctru.a(apt.o)
                0x00000000001078dc                aptDspSleep
 .text.aptDspWakeup
                0x00000000001078e4        0x4 G:/devkitPro/libctru/lib\libctru.a(apt.o)
                0x00000000001078e4                aptDspWakeup
 .text.aptDspCancel
                0x00000000001078e8        0x4 G:/devkitPro/libctru/lib\libctru.a(apt.o)
                0x00000000001078e8                aptDspCancel
 .text.aptSendCommand
                0x00000000001078ec      0x15c G:/devkitPro/libctru/lib\libctru.a(apt.o)
                0x00000000001078ec                aptSendCommand
 .text.aptExitProcess
                0x0000000000107a48       0x38 G:/devkitPro/libctru/lib\libctru.a(apt.o)
 .text.aptExit  0x0000000000107a80      0x2f0 G:/devkitPro/libctru/lib\libctru.a(apt.o)
                0x0000000000107a80                aptExit
 .text.aptHandleSleep
                0x0000000000107d70       0xd8 G:/devkitPro/libctru/lib\libctru.a(apt.o)
                0x0000000000107d70                aptHandleSleep
 .text.aptHook  0x0000000000107e48       0x30 G:/devkitPro/libctru/lib\libctru.a(apt.o)
                0x0000000000107e48                aptHook
 .text.aptUnhook
                0x0000000000107e78       0x30 G:/devkitPro/libctru/lib\libctru.a(apt.o)
                0x0000000000107e78                aptUnhook
 .text.APT_SleepIfShellClosed
                0x0000000000107ea8       0x84 G:/devkitPro/libctru/lib\libctru.a(apt.o)
                0x0000000000107ea8                APT_SleepIfShellClosed
 .text.aptSetSleepAllowed
                0x0000000000107f2c       0x84 G:/devkitPro/libctru/lib\libctru.a(apt.o)
                0x0000000000107f2c                aptSetSleepAllowed
 .text.APT_UnlockTransition
                0x0000000000107fb0       0x84 G:/devkitPro/libctru/lib\libctru.a(apt.o)
                0x0000000000107fb0                APT_UnlockTransition
 *fill*         0x0000000000108034        0x4 
 .text.aptEventHandler
                0x0000000000108038      0x484 G:/devkitPro/libctru/lib\libctru.a(apt.o)
 .text.APT_ReceiveParameter
                0x00000000001084bc       0xb0 G:/devkitPro/libctru/lib\libctru.a(apt.o)
                0x00000000001084bc                APT_ReceiveParameter
 .text.aptReceiveParameter.constprop.0
                0x000000000010856c       0xb0 G:/devkitPro/libctru/lib\libctru.a(apt.o)
 *fill*         0x000000000010861c        0x4 
 .text.aptScreenTransfer
                0x0000000000108620      0x2bc G:/devkitPro/libctru/lib\libctru.a(apt.o)
 .text.aptWaitForWakeUp.isra.0
                0x00000000001088dc      0x2d0 G:/devkitPro/libctru/lib\libctru.a(apt.o)
 .text.aptJumpToHomeMenu
                0x0000000000108bac       0xf8 G:/devkitPro/libctru/lib\libctru.a(apt.o)
                0x0000000000108bac                aptJumpToHomeMenu
 .text.aptMainLoop
                0x0000000000108ca4       0x4c G:/devkitPro/libctru/lib\libctru.a(apt.o)
                0x0000000000108ca4                aptMainLoop
 .text.aptInit  0x0000000000108cf0      0x234 G:/devkitPro/libctru/lib\libctru.a(apt.o)
                0x0000000000108cf0                aptInit
 .text.APT_CheckNew3DS
                0x0000000000108f24       0x7c G:/devkitPro/libctru/lib\libctru.a(apt.o)
                0x0000000000108f24                APT_CheckNew3DS
 .text.APT_GetSharedFont
                0x0000000000108fa0       0x48 G:/devkitPro/libctru/lib\libctru.a(apt.o)
                0x0000000000108fa0                APT_GetSharedFont
 .text.hidShouldUseIrrst
                0x0000000000108fe8       0x24 G:/devkitPro/libctru/lib\libctru.a(hid.o)
                0x0000000000108fe8                hidShouldUseIrrst
 .text.hidInit  0x000000000010900c      0x18c G:/devkitPro/libctru/lib\libctru.a(hid.o)
                0x000000000010900c                hidInit
 .text.hidExit  0x0000000000109198       0xe8 G:/devkitPro/libctru/lib\libctru.a(hid.o)
                0x0000000000109198                hidExit
 .text.hidKeysDown
                0x0000000000109280       0x10 G:/devkitPro/libctru/lib\libctru.a(hid.o)
                0x0000000000109280                hidKeysDown
 .text.ptmSysmInit
                0x0000000000109290       0x74 G:/devkitPro/libctru/lib\libctru.a(ptmsysm.o)
                0x0000000000109290                ptmSysmInit
 .text.ptmSysmExit
                0x0000000000109304       0x3c G:/devkitPro/libctru/lib\libctru.a(ptmsysm.o)
                0x0000000000109304                ptmSysmExit
 .text.PTMSYSM_ConfigureNew3DSCPU
                0x0000000000109340       0x34 G:/devkitPro/libctru/lib\libctru.a(ptmsysm.o)
                0x0000000000109340                PTMSYSM_ConfigureNew3DSCPU
 .text.httpcInit
                0x0000000000109374      0x19c G:/devkitPro/libctru/lib\libctru.a(httpc.o)
                0x0000000000109374                httpcInit
 .text.httpcOpenContext
                0x0000000000109510      0x150 G:/devkitPro/libctru/lib\libctru.a(httpc.o)
                0x0000000000109510                httpcOpenContext
 .text.httpcDownloadData
                0x0000000000109660      0x12c G:/devkitPro/libctru/lib\libctru.a(httpc.o)
                0x0000000000109660                httpcDownloadData
 .text.httpcBeginRequest
                0x000000000010978c       0x30 G:/devkitPro/libctru/lib\libctru.a(httpc.o)
                0x000000000010978c                httpcBeginRequest
 .text.httpcGetDownloadSizeState
                0x00000000001097bc       0x54 G:/devkitPro/libctru/lib\libctru.a(httpc.o)
                0x00000000001097bc                httpcGetDownloadSizeState
 .text.httpcGetResponseStatusCode
                0x0000000000109810       0x3c G:/devkitPro/libctru/lib\libctru.a(httpc.o)
                0x0000000000109810                httpcGetResponseStatusCode
 .text.fsInit   0x000000000010984c       0xc8 G:/devkitPro/libctru/lib\libctru.a(fs.o)
                0x000000000010984c                fsInit
 .text.fsExit   0x0000000000109914       0x3c G:/devkitPro/libctru/lib\libctru.a(fs.o)
                0x0000000000109914                fsExit
 .text.fsExemptFromSession
                0x0000000000109950       0x60 G:/devkitPro/libctru/lib\libctru.a(fs.o)
                0x0000000000109950                fsExemptFromSession
 .text.fsUnexemptFromSession
                0x00000000001099b0       0x50 G:/devkitPro/libctru/lib\libctru.a(fs.o)
                0x00000000001099b0                fsUnexemptFromSession
 .text.FSUSER_OpenFile
                0x0000000000109a00       0xcc G:/devkitPro/libctru/lib\libctru.a(fs.o)
                0x0000000000109a00                FSUSER_OpenFile
 .text.FSUSER_DeleteFile
                0x0000000000109acc       0xbc G:/devkitPro/libctru/lib\libctru.a(fs.o)
                0x0000000000109acc                FSUSER_DeleteFile
 .text.FSUSER_RenameFile
                0x0000000000109b88       0xf8 G:/devkitPro/libctru/lib\libctru.a(fs.o)
                0x0000000000109b88                FSUSER_RenameFile
 .text.FSUSER_DeleteDirectory
                0x0000000000109c80       0xbc G:/devkitPro/libctru/lib\libctru.a(fs.o)
                0x0000000000109c80                FSUSER_DeleteDirectory
 .text.FSUSER_CreateFile
                0x0000000000109d3c       0xd4 G:/devkitPro/libctru/lib\libctru.a(fs.o)
                0x0000000000109d3c                FSUSER_CreateFile
 .text.FSUSER_CreateDirectory
                0x0000000000109e10       0xc4 G:/devkitPro/libctru/lib\libctru.a(fs.o)
                0x0000000000109e10                FSUSER_CreateDirectory
 .text.FSUSER_RenameDirectory
                0x0000000000109ed4       0xf8 G:/devkitPro/libctru/lib\libctru.a(fs.o)
                0x0000000000109ed4                FSUSER_RenameDirectory
 .text.FSUSER_OpenDirectory
                0x0000000000109fcc       0xb4 G:/devkitPro/libctru/lib\libctru.a(fs.o)
                0x0000000000109fcc                FSUSER_OpenDirectory
 .text.FSUSER_OpenArchive
                0x000000000010a080       0x94 G:/devkitPro/libctru/lib\libctru.a(fs.o)
                0x000000000010a080                FSUSER_OpenArchive
 .text.FSUSER_CloseArchive
                0x000000000010a114       0x8c G:/devkitPro/libctru/lib\libctru.a(fs.o)
                0x000000000010a114                FSUSER_CloseArchive
 .text.FSUSER_GetSdmcArchiveResource
                0x000000000010a1a0       0x74 G:/devkitPro/libctru/lib\libctru.a(fs.o)
                0x000000000010a1a0                FSUSER_GetSdmcArchiveResource
 .text.FSUSER_IsSdmcWritable
                0x000000000010a214       0x64 G:/devkitPro/libctru/lib\libctru.a(fs.o)
                0x000000000010a214                FSUSER_IsSdmcWritable
 .text.FSFILE_Read
                0x000000000010a278       0x58 G:/devkitPro/libctru/lib\libctru.a(fs.o)
                0x000000000010a278                FSFILE_Read
 .text.FSFILE_Write
                0x000000000010a2d0       0x60 G:/devkitPro/libctru/lib\libctru.a(fs.o)
                0x000000000010a2d0                FSFILE_Write
 .text.FSFILE_GetSize
                0x000000000010a330       0x38 G:/devkitPro/libctru/lib\libctru.a(fs.o)
                0x000000000010a330                FSFILE_GetSize
 .text.FSFILE_SetSize
                0x000000000010a368       0x28 G:/devkitPro/libctru/lib\libctru.a(fs.o)
                0x000000000010a368                FSFILE_SetSize
 .text.FSFILE_Close
                0x000000000010a390       0x3c G:/devkitPro/libctru/lib\libctru.a(fs.o)
                0x000000000010a390                FSFILE_Close
 .text.FSFILE_Flush
                0x000000000010a3cc       0x24 G:/devkitPro/libctru/lib\libctru.a(fs.o)
                0x000000000010a3cc                FSFILE_Flush
 .text.FSDIR_Read
                0x000000000010a3f0       0x50 G:/devkitPro/libctru/lib\libctru.a(fs.o)
                0x000000000010a3f0                FSDIR_Read
 .text.FSDIR_Close
                0x000000000010a440       0x3c G:/devkitPro/libctru/lib\libctru.a(fs.o)
                0x000000000010a440                FSDIR_Close
 .text.rbtree_init
                0x000000000010a47c       0x10 G:/devkitPro/libctru/lib\libctru.a(rbtree_init.o)
                0x000000000010a47c                rbtree_init
 .text.do_insert
                0x000000000010a48c      0x1a0 G:/devkitPro/libctru/lib\libctru.a(rbtree_insert.o)
 .text.rbtree_insert
                0x000000000010a62c        0x8 G:/devkitPro/libctru/lib\libctru.a(rbtree_insert.o)
                0x000000000010a62c                rbtree_insert
 .text.rbtree_rotate
                0x000000000010a634       0x90 G:/devkitPro/libctru/lib\libctru.a(rbtree_rotate.o)
                0x000000000010a634                rbtree_rotate
 .text.rbtree_remove
                0x000000000010a6c4      0x338 G:/devkitPro/libctru/lib\libctru.a(rbtree_remove.o)
                0x000000000010a6c4                rbtree_remove
 .text.rbtree_find
                0x000000000010a9fc       0x74 G:/devkitPro/libctru/lib\libctru.a(rbtree_find.o)
                0x000000000010a9fc                rbtree_find
 .text.utf16_to_utf8
                0x000000000010aa70       0xe8 G:/devkitPro/libctru/lib\libctru.a(utf16_to_utf8.o)
                0x000000000010aa70                utf16_to_utf8
 .text.decode_utf16
                0x000000000010ab58       0x64 G:/devkitPro/libctru/lib\libctru.a(decode_utf16.o)
                0x000000000010ab58                decode_utf16
 .text.decode_utf8
                0x000000000010abbc      0x13c G:/devkitPro/libctru/lib\libctru.a(decode_utf8.o)
                0x000000000010abbc                decode_utf8
 .text.utf8_to_utf16
                0x000000000010acf8       0xc0 G:/devkitPro/libctru/lib\libctru.a(utf8_to_utf16.o)
                0x000000000010acf8                utf8_to_utf16
 .text.__system_allocateHeaps
                0x000000000010adb8      0x1e0 G:/devkitPro/libctru/lib\libctru.a(allocateHeaps.o)
                0x000000000010adb8                __system_allocateHeaps
 .text.__libctru_init
                0x000000000010af98       0x38 G:/devkitPro/libctru/lib\libctru.a(ctru_init.o)
                0x000000000010af98                __libctru_init
 .text.__system_initArgv
                0x000000000010afd0       0xf0 G:/devkitPro/libctru/lib\libctru.a(initArgv.o)
                0x000000000010afd0                __system_initArgv
 .text.svcControlMemory
                0x000000000010b0c0       0x20 G:/devkitPro/libctru/lib\libctru.a(svc.o)
                0x000000000010b0c0                svcControlMemory
 .text.svcQueryMemory
                0x000000000010b0e0       0x30 G:/devkitPro/libctru/lib\libctru.a(svc.o)
                0x000000000010b0e0                svcQueryMemory
 .text.svcExitProcess
                0x000000000010b110        0x8 G:/devkitPro/libctru/lib\libctru.a(svc.o)
                0x000000000010b110                svcExitProcess
 .text.svcCreateThread
                0x000000000010b118       0x20 G:/devkitPro/libctru/lib\libctru.a(svc.o)
                0x000000000010b118                svcCreateThread
 .text.svcExitThread
                0x000000000010b138        0x8 G:/devkitPro/libctru/lib\libctru.a(svc.o)
                0x000000000010b138                svcExitThread
 .text.svcSleepThread
                0x000000000010b140        0x8 G:/devkitPro/libctru/lib\libctru.a(svc.o)
                0x000000000010b140                svcSleepThread
 .text.svcReleaseMutex
                0x000000000010b148        0x8 G:/devkitPro/libctru/lib\libctru.a(svc.o)
                0x000000000010b148                svcReleaseMutex
 .text.svcCreateEvent
                0x000000000010b150       0x14 G:/devkitPro/libctru/lib\libctru.a(svc.o)
                0x000000000010b150                svcCreateEvent
 .text.svcSignalEvent
                0x000000000010b164        0x8 G:/devkitPro/libctru/lib\libctru.a(svc.o)
                0x000000000010b164                svcSignalEvent
 .text.svcClearEvent
                0x000000000010b16c        0x8 G:/devkitPro/libctru/lib\libctru.a(svc.o)
                0x000000000010b16c                svcClearEvent
 .text.svcCreateMemoryBlock
                0x000000000010b174       0x18 G:/devkitPro/libctru/lib\libctru.a(svc.o)
                0x000000000010b174                svcCreateMemoryBlock
 .text.svcMapMemoryBlock
                0x000000000010b18c        0x8 G:/devkitPro/libctru/lib\libctru.a(svc.o)
                0x000000000010b18c                svcMapMemoryBlock
 .text.svcUnmapMemoryBlock
                0x000000000010b194        0x8 G:/devkitPro/libctru/lib\libctru.a(svc.o)
                0x000000000010b194                svcUnmapMemoryBlock
 .text.svcCreateAddressArbiter
                0x000000000010b19c       0x14 G:/devkitPro/libctru/lib\libctru.a(svc.o)
                0x000000000010b19c                svcCreateAddressArbiter
 .text.svcArbitrateAddressNoTimeout
                0x000000000010b1b0        0x8 G:/devkitPro/libctru/lib\libctru.a(svc.o)
                0x000000000010b1b0                svcArbitrateAddressNoTimeout
 .text.svcCloseHandle
                0x000000000010b1b8        0x8 G:/devkitPro/libctru/lib\libctru.a(svc.o)
                0x000000000010b1b8                svcCloseHandle
 .text.svcWaitSynchronization
                0x000000000010b1c0        0x8 G:/devkitPro/libctru/lib\libctru.a(svc.o)
                0x000000000010b1c0                svcWaitSynchronization
 .text.svcWaitSynchronizationN
                0x000000000010b1c8       0x28 G:/devkitPro/libctru/lib\libctru.a(svc.o)
                0x000000000010b1c8                svcWaitSynchronizationN
 .text.svcDuplicateHandle
                0x000000000010b1f0       0x14 G:/devkitPro/libctru/lib\libctru.a(svc.o)
                0x000000000010b1f0                svcDuplicateHandle
 .text.svcGetSystemTick
                0x000000000010b204        0x8 G:/devkitPro/libctru/lib\libctru.a(svc.o)
                0x000000000010b204                svcGetSystemTick
 .text.svcConnectToPort
                0x000000000010b20c       0x14 G:/devkitPro/libctru/lib\libctru.a(svc.o)
                0x000000000010b20c                svcConnectToPort
 .text.svcSendSyncRequest
                0x000000000010b220        0x8 G:/devkitPro/libctru/lib\libctru.a(svc.o)
                0x000000000010b220                svcSendSyncRequest
 .text.svcGetResourceLimit
                0x000000000010b228       0x14 G:/devkitPro/libctru/lib\libctru.a(svc.o)
                0x000000000010b228                svcGetResourceLimit
 .text.svcGetResourceLimitLimitValues
                0x000000000010b23c        0x8 G:/devkitPro/libctru/lib\libctru.a(svc.o)
                0x000000000010b23c                svcGetResourceLimitLimitValues
 .text.svcGetResourceLimitCurrentValues
                0x000000000010b244        0x8 G:/devkitPro/libctru/lib\libctru.a(svc.o)
                0x000000000010b244                svcGetResourceLimitCurrentValues
 .text.svcBreak
                0x000000000010b24c        0x8 G:/devkitPro/libctru/lib\libctru.a(svc.o)
                0x000000000010b24c                svcBreak
 .text.initSystem
                0x000000000010b254       0x50 G:/devkitPro/libctru/lib\libctru.a(stack_adjust.o)
                0x000000000010b254                initSystem
 .text.__ctru_exit
                0x000000000010b2a4       0x18 G:/devkitPro/libctru/lib\libctru.a(stack_adjust.o)
                0x000000000010b2a4                __ctru_exit
 .text.__aeabi_read_tp
                0x000000000010b2bc        0xc G:/devkitPro/libctru/lib\libctru.a(readtp.o)
                0x000000000010b2bc                __aeabi_read_tp
 .text.__sync_init
                0x000000000010b2c8        0xc G:/devkitPro/libctru/lib\libctru.a(synchronization.o)
                0x000000000010b2c8                __sync_init
 .text.__sync_fini
                0x000000000010b2d4       0x18 G:/devkitPro/libctru/lib\libctru.a(synchronization.o)
                0x000000000010b2d4                __sync_fini
 .text.syncArbitrateAddress
                0x000000000010b2ec       0x2c G:/devkitPro/libctru/lib\libctru.a(synchronization.o)
                0x000000000010b2ec                syncArbitrateAddress
 .text.LightLock_Init
                0x000000000010b318       0x1c G:/devkitPro/libctru/lib\libctru.a(synchronization.o)
                0x000000000010b318                LightLock_Init
 .text.LightLock_Lock
                0x000000000010b334       0x94 G:/devkitPro/libctru/lib\libctru.a(synchronization.o)
                0x000000000010b334                LightLock_Lock
 .text.LightLock_TryLock
                0x000000000010b3c8       0x44 G:/devkitPro/libctru/lib\libctru.a(synchronization.o)
                0x000000000010b3c8                LightLock_TryLock
 .text.LightLock_Unlock
                0x000000000010b40c       0x40 G:/devkitPro/libctru/lib\libctru.a(synchronization.o)
                0x000000000010b40c                LightLock_Unlock
 .text.RecursiveLock_Init
                0x000000000010b44c       0x24 G:/devkitPro/libctru/lib\libctru.a(synchronization.o)
                0x000000000010b44c                RecursiveLock_Init
 .text.RecursiveLock_Lock
                0x000000000010b470       0x30 G:/devkitPro/libctru/lib\libctru.a(synchronization.o)
                0x000000000010b470                RecursiveLock_Lock
 .text.RecursiveLock_TryLock
                0x000000000010b4a0       0x78 G:/devkitPro/libctru/lib\libctru.a(synchronization.o)
                0x000000000010b4a0                RecursiveLock_TryLock
 .text.RecursiveLock_Unlock
                0x000000000010b518       0x54 G:/devkitPro/libctru/lib\libctru.a(synchronization.o)
                0x000000000010b518                RecursiveLock_Unlock
 .text.LightEvent_Init
                0x000000000010b56c       0x40 G:/devkitPro/libctru/lib\libctru.a(synchronization.o)
                0x000000000010b56c                LightEvent_Init
 .text.LightEvent_Clear
                0x000000000010b5ac       0xa4 G:/devkitPro/libctru/lib\libctru.a(synchronization.o)
                0x000000000010b5ac                LightEvent_Clear
 .text.LightEvent_Signal
                0x000000000010b650       0xc8 G:/devkitPro/libctru/lib\libctru.a(synchronization.o)
                0x000000000010b650                LightEvent_Signal
 .text.LightEvent_TryWait
                0x000000000010b718       0x58 G:/devkitPro/libctru/lib\libctru.a(synchronization.o)
                0x000000000010b718                LightEvent_TryWait
 .text.LightEvent_Wait
                0x000000000010b770       0xb0 G:/devkitPro/libctru/lib\libctru.a(synchronization.o)
                0x000000000010b770                LightEvent_Wait
 .text.envGetHandle
                0x000000000010b820       0x84 G:/devkitPro/libctru/lib\libctru.a(env.o)
                0x000000000010b820                envGetHandle
 .text.envDestroyHandles
                0x000000000010b8a4       0x50 G:/devkitPro/libctru/lib\libctru.a(env.o)
                0x000000000010b8a4                envDestroyHandles
 .text.srvInit  0x000000000010b8f4      0x124 G:/devkitPro/libctru/lib\libctru.a(srv.o)
                0x000000000010b8f4                srvInit
 .text.srvExit  0x000000000010ba18       0x58 G:/devkitPro/libctru/lib\libctru.a(srv.o)
                0x000000000010ba18                srvExit
 .text.srvGetServiceHandleDirect
                0x000000000010ba70       0x80 G:/devkitPro/libctru/lib\libctru.a(srv.o)
                0x000000000010ba70                srvGetServiceHandleDirect
 .text.srvGetServiceHandle
                0x000000000010baf0       0x48 G:/devkitPro/libctru/lib\libctru.a(srv.o)
                0x000000000010baf0                srvGetServiceHandle
 .text.srvPublishToSubscriber
                0x000000000010bb38       0x38 G:/devkitPro/libctru/lib\libctru.a(srv.o)
                0x000000000010bb38                srvPublishToSubscriber
 .text.threadCreate
                0x000000000010bb70      0x188 G:/devkitPro/libctru/lib\libctru.a(thread.o)
                0x000000000010bb70                threadCreate
 .text.threadFree
                0x000000000010bcf8       0x2c G:/devkitPro/libctru/lib\libctru.a(thread.o)
                0x000000000010bcf8                threadFree
 .text.threadJoin
                0x000000000010bd24       0x24 G:/devkitPro/libctru/lib\libctru.a(thread.o)
                0x000000000010bd24                threadJoin
 .text.threadGetCurrent
                0x000000000010bd48       0x30 G:/devkitPro/libctru/lib\libctru.a(thread.o)
                0x000000000010bd48                threadGetCurrent
 .text.threadExit
                0x000000000010bd78       0x40 G:/devkitPro/libctru/lib\libctru.a(thread.o)
                0x000000000010bd78                threadExit
 .text._thread_begin
                0x000000000010bdb8       0x44 G:/devkitPro/libctru/lib\libctru.a(thread.o)
 .text.mappableFindAddressWithin
                0x000000000010bdfc       0x94 G:/devkitPro/libctru/lib\libctru.a(mappable.o)
 .text.mappableInit
                0x000000000010be90       0x28 G:/devkitPro/libctru/lib\libctru.a(mappable.o)
                0x000000000010be90                mappableInit
 .text.mappableAlloc
                0x000000000010beb8       0x80 G:/devkitPro/libctru/lib\libctru.a(mappable.o)
                0x000000000010beb8                mappableAlloc
 .text.mappableFree
                0x000000000010bf38        0x4 G:/devkitPro/libctru/lib\libctru.a(mappable.o)
                0x000000000010bf38                mappableFree
 .text.irrstInit
                0x000000000010bf3c      0x160 G:/devkitPro/libctru/lib\libctru.a(irrst.o)
                0x000000000010bf3c                irrstInit
 .text.irrstExit
                0x000000000010c09c       0xcc G:/devkitPro/libctru/lib\libctru.a(irrst.o)
                0x000000000010c09c                irrstExit
 .text.srvPmGetSessionHandle
                0x000000000010c168        0xc G:/devkitPro/libctru/lib\libctru.a(srvpm.o)
                0x000000000010c168                srvPmGetSessionHandle
 .text.rbtree_node_next
                0x000000000010c174       0x50 G:/devkitPro/libctru/lib\libctru.a(rbtree_iterator.o)
                0x000000000010c174                rbtree_node_next
 .text.encode_utf16
                0x000000000010c1c4       0x60 G:/devkitPro/libctru/lib\libctru.a(encode_utf16.o)
                0x000000000010c1c4                encode_utf16
 .text.encode_utf8
                0x000000000010c224       0xfc G:/devkitPro/libctru/lib\libctru.a(encode_utf8.o)
                0x000000000010c224                encode_utf8
 .text.__appInit
                0x000000000010c320       0x30 G:/devkitPro/libctru/lib\libctru.a(appInit.o)
                0x000000000010c320                __appInit
 .text.__libctru_nanosleep
                0x000000000010c350       0x30 G:/devkitPro/libctru/lib\libctru.a(syscalls.o)
 .text.__libctru_get_reent
                0x000000000010c380       0x30 G:/devkitPro/libctru/lib\libctru.a(syscalls.o)
 .text.__system_initSyscalls
                0x000000000010c3b0       0xf8 G:/devkitPro/libctru/lib\libctru.a(syscalls.o)
                0x000000000010c3b0                __system_initSyscalls
 .text.__appExit
                0x000000000010c4a8       0x30 G:/devkitPro/libctru/lib\libctru.a(appExit.o)
                0x000000000010c4a8                __appExit
 .text.__libctru_exit
                0x000000000010c4d8       0x90 G:/devkitPro/libctru/lib\libctru.a(ctru_exit.o)
                0x000000000010c4d8                __libctru_exit
 .text.archive_link
                0x000000000010c568       0x14 G:/devkitPro/libctru/lib\libctru.a(archive_dev.o)
 .text.archive_dirreset
                0x000000000010c57c       0x14 G:/devkitPro/libctru/lib\libctru.a(archive_dev.o)
 .text.archive_chmod
                0x000000000010c590       0x14 G:/devkitPro/libctru/lib\libctru.a(archive_dev.o)
 .text.error_cmp
                0x000000000010c5a4       0x24 G:/devkitPro/libctru/lib\libctru.a(archive_dev.o)
 .text.archive_translate_error
                0x000000000010c5c8       0x50 G:/devkitPro/libctru/lib\libctru.a(archive_dev.o)
 .text.archive_seek
                0x000000000010c618       0xd4 G:/devkitPro/libctru/lib\libctru.a(archive_dev.o)
 .text._archiveInit.part.0
                0x000000000010c6ec       0x7c G:/devkitPro/libctru/lib\libctru.a(archive_dev.o)
 .text.archiveFindDevice.part.0
                0x000000000010c768       0x8c G:/devkitPro/libctru/lib\libctru.a(archive_dev.o)
 .text.archive_utf16path
                0x000000000010c7f4      0x294 G:/devkitPro/libctru/lib\libctru.a(archive_dev.o)
 .text._archiveUnmountDeviceStruct.part.0
                0x000000000010ca88       0xa0 G:/devkitPro/libctru/lib\libctru.a(archive_dev.o)
 .text.archive_fchmod
                0x000000000010cb28       0x14 G:/devkitPro/libctru/lib\libctru.a(archive_dev.o)
 .text.archive_statvfs
                0x000000000010cb3c       0x14 G:/devkitPro/libctru/lib\libctru.a(archive_dev.o)
 .text._archiveMountDevice
                0x000000000010cb50      0x158 G:/devkitPro/libctru/lib\libctru.a(archive_dev.o)
 .text.archive_diropen
                0x000000000010cca8       0xe8 G:/devkitPro/libctru/lib\libctru.a(archive_dev.o)
 .text.archive_fstat
                0x000000000010cd90       0xa4 G:/devkitPro/libctru/lib\libctru.a(archive_dev.o)
 .text.archive_close
                0x000000000010ce34       0x6c G:/devkitPro/libctru/lib\libctru.a(archive_dev.o)
 .text.archive_fsync
                0x000000000010cea0       0x6c G:/devkitPro/libctru/lib\libctru.a(archive_dev.o)
 .text.archive_dirclose
                0x000000000010cf0c       0x70 G:/devkitPro/libctru/lib\libctru.a(archive_dev.o)
 .text.sdmc_statvfs
                0x000000000010cf7c       0xe8 G:/devkitPro/libctru/lib\libctru.a(archive_dev.o)
 .text.archive_ftruncate
                0x000000000010d064       0x80 G:/devkitPro/libctru/lib\libctru.a(archive_dev.o)
 .text.archive_chdir
                0x000000000010d0e4       0xfc G:/devkitPro/libctru/lib\libctru.a(archive_dev.o)
 .text.archive_read
                0x000000000010d1e0       0xb0 G:/devkitPro/libctru/lib\libctru.a(archive_dev.o)
 .text.archive_unlink
                0x000000000010d290       0xac G:/devkitPro/libctru/lib\libctru.a(archive_dev.o)
 .text.archive_rmdir
                0x000000000010d33c       0xc8 G:/devkitPro/libctru/lib\libctru.a(archive_dev.o)
 .text.archive_mkdir
                0x000000000010d404       0xec G:/devkitPro/libctru/lib\libctru.a(archive_dev.o)
 .text.archive_stat
                0x000000000010d4f0      0x1a8 G:/devkitPro/libctru/lib\libctru.a(archive_dev.o)
 .text.archive_rename
                0x000000000010d698      0x184 G:/devkitPro/libctru/lib\libctru.a(archive_dev.o)
 .text.archive_dirnext
                0x000000000010d81c      0x168 G:/devkitPro/libctru/lib\libctru.a(archive_dev.o)
 .text.archive_write
                0x000000000010d984      0x12c G:/devkitPro/libctru/lib\libctru.a(archive_dev.o)
 .text.archive_open
                0x000000000010dab0      0x1f0 G:/devkitPro/libctru/lib\libctru.a(archive_dev.o)
 .text.archiveMountSdmc
                0x000000000010dca0      0x1a4 G:/devkitPro/libctru/lib\libctru.a(archive_dev.o)
                0x000000000010dca0                archiveMountSdmc
 .text.archiveUnmountAll
                0x000000000010de44       0x54 G:/devkitPro/libctru/lib\libctru.a(archive_dev.o)
                0x000000000010de44                archiveUnmountAll
 .text.__udivmoddi4
                0x000000000010de98      0x120 g:/devkitpro/devkitarm/bin/../lib/gcc/arm-none-eabi/11.1.0/armv6k/fpu\libgcc.a(_udivmoddi4.o)
                0x000000000010de98                __udivmoddi4
 .text.bsearch  0x000000000010dfb8       0x78 g:/devkitpro/devkitarm/bin/../lib/gcc/arm-none-eabi/11.1.0/../../../../arm-none-eabi/lib/armv6k/fpu\libg.a(lib_a-bsearch.o)
                0x000000000010dfb8                bsearch
 .text.calloc   0x000000000010e030       0x28 g:/devkitpro/devkitarm/bin/../lib/gcc/arm-none-eabi/11.1.0/../../../../arm-none-eabi/lib/armv6k/fpu\libg.a(lib_a-calloc.o)
                0x000000000010e030                calloc
 .text._calloc_r
                0x000000000010e058       0xbc g:/devkitpro/devkitarm/bin/../lib/gcc/arm-none-eabi/11.1.0/../../../../arm-none-eabi/lib/armv6k/fpu\libg.a(lib_a-callocr.o)
                0x000000000010e058                _calloc_r
 .text.__errno  0x000000000010e114        0xc g:/devkitpro/devkitarm/bin/../lib/gcc/arm-none-eabi/11.1.0/../../../../arm-none-eabi/lib/armv6k/fpu\libg.a(lib_a-errno.o)
                0x000000000010e114                __errno
 .text.exit     0x000000000010e120       0x34 g:/devkitpro/devkitarm/bin/../lib/gcc/arm-none-eabi/11.1.0/../../../../arm-none-eabi/lib/armv6k/fpu\libg.a(lib_a-exit.o)
                0x000000000010e120                exit
 .text._fclose_r
                0x000000000010e154      0x160 g:/devkitpro/devkitarm/bin/../lib/gcc/arm-none-eabi/11.1.0/../../../../arm-none-eabi/lib/armv6k/fpu\libg.a(lib_a-fclose.o)
                0x000000000010e154                _fclose_r
 .text.fclose   0x000000000010e2b4       0x20 g:/devkitpro/devkitarm/bin/../lib/gcc/arm-none-eabi/11.1.0/../../../../arm-none-eabi/lib/armv6k/fpu\libg.a(lib_a-fclose.o)
                0x000000000010e2b4                fclose
 .text.__sflush_r
                0x000000000010e2d4      0x258 g:/devkitpro/devkitarm/bin/../lib/gcc/arm-none-eabi/11.1.0/../../../../arm-none-eabi/lib/armv6k/fpu\libg.a(lib_a-fflush.o)
                0x000000000010e2d4                __sflush_r
 .text._fflush_r
                0x000000000010e52c       0x94 g:/devkitpro/devkitarm/bin/../lib/gcc/arm-none-eabi/11.1.0/../../../../arm-none-eabi/lib/armv6k/fpu\libg.a(lib_a-fflush.o)
                0x000000000010e52c                _fflush_r
 .text.fflush   0x000000000010e5c0       0x38 g:/devkitpro/devkitarm/bin/../lib/gcc/arm-none-eabi/11.1.0/../../../../arm-none-eabi/lib/armv6k/fpu\libg.a(lib_a-fflush.o)
                0x000000000010e5c0                fflush
 .text._cleanup_r
                0x000000000010e5f8        0xc g:/devkitpro/devkitarm/bin/../lib/gcc/arm-none-eabi/11.1.0/../../../../arm-none-eabi/lib/armv6k/fpu\libg.a(lib_a-findfp.o)
                0x000000000010e5f8                _cleanup_r
 .text.__sinit  0x000000000010e604      0x184 g:/devkitpro/devkitarm/bin/../lib/gcc/arm-none-eabi/11.1.0/../../../../arm-none-eabi/lib/armv6k/fpu\libg.a(lib_a-findfp.o)
                0x000000000010e604                __sinit
 .text.__sfp    0x000000000010e788      0x134 g:/devkitpro/devkitarm/bin/../lib/gcc/arm-none-eabi/11.1.0/../../../../arm-none-eabi/lib/armv6k/fpu\libg.a(lib_a-findfp.o)
                0x000000000010e788                __sfp
 .text.__sfp_lock_acquire
                0x000000000010e8bc        0xc g:/devkitpro/devkitarm/bin/../lib/gcc/arm-none-eabi/11.1.0/../../../../arm-none-eabi/lib/armv6k/fpu\libg.a(lib_a-findfp.o)
                0x000000000010e8bc                __sfp_lock_acquire
 .text.__sfp_lock_release
                0x000000000010e8c8        0xc g:/devkitpro/devkitarm/bin/../lib/gcc/arm-none-eabi/11.1.0/../../../../arm-none-eabi/lib/armv6k/fpu\libg.a(lib_a-findfp.o)
                0x000000000010e8c8                __sfp_lock_release
 .text.__libc_fini_array
                0x000000000010e8d4       0x3c g:/devkitpro/devkitarm/bin/../lib/gcc/arm-none-eabi/11.1.0/../../../../arm-none-eabi/lib/armv6k/fpu\libg.a(lib_a-fini.o)
                0x000000000010e8d4                __libc_fini_array
 .text._fopen_r
                0x000000000010e910      0x140 g:/devkitpro/devkitarm/bin/../lib/gcc/arm-none-eabi/11.1.0/../../../../arm-none-eabi/lib/armv6k/fpu\libg.a(lib_a-fopen.o)
                0x000000000010e910                _fopen_r
 .text.fopen    0x000000000010ea50       0x28 g:/devkitpro/devkitarm/bin/../lib/gcc/arm-none-eabi/11.1.0/../../../../arm-none-eabi/lib/armv6k/fpu\libg.a(lib_a-fopen.o)
                0x000000000010ea50                fopen
 .text._malloc_trim_r
                0x000000000010ea78       0xf8 g:/devkitpro/devkitarm/bin/../lib/gcc/arm-none-eabi/11.1.0/../../../../arm-none-eabi/lib/armv6k/fpu\libg.a(lib_a-freer.o)
                0x000000000010ea78                _malloc_trim_r
 .text._free_r  0x000000000010eb70      0x2e4 g:/devkitpro/devkitarm/bin/../lib/gcc/arm-none-eabi/11.1.0/../../../../arm-none-eabi/lib/armv6k/fpu\libg.a(lib_a-freer.o)
                0x000000000010eb70                _free_r
 .text._fseek_r
                0x000000000010ee54       0x1c g:/devkitpro/devkitarm/bin/../lib/gcc/arm-none-eabi/11.1.0/../../../../arm-none-eabi/lib/armv6k/fpu\libg.a(lib_a-fseek.o)
                0x000000000010ee54                _fseek_r
 .text._fseeko_r
                0x000000000010ee70      0x598 g:/devkitpro/devkitarm/bin/../lib/gcc/arm-none-eabi/11.1.0/../../../../arm-none-eabi/lib/armv6k/fpu\libg.a(lib_a-fseeko.o)
                0x000000000010ee70                _fseeko_r
 .text._fwalk   0x000000000010f408       0x68 g:/devkitpro/devkitarm/bin/../lib/gcc/arm-none-eabi/11.1.0/../../../../arm-none-eabi/lib/armv6k/fpu\libg.a(lib_a-fwalk.o)
                0x000000000010f408                _fwalk
 .text._fwalk_reent
                0x000000000010f470       0x70 g:/devkitpro/devkitarm/bin/../lib/gcc/arm-none-eabi/11.1.0/../../../../arm-none-eabi/lib/armv6k/fpu\libg.a(lib_a-fwalk.o)
                0x000000000010f470                _fwalk_reent
 .text._fwrite_r
                0x000000000010f4e0       0xf8 g:/devkitpro/devkitarm/bin/../lib/gcc/arm-none-eabi/11.1.0/../../../../arm-none-eabi/lib/armv6k/fpu\libg.a(lib_a-fwrite.o)
                0x000000000010f4e0                _fwrite_r
 .text.fwrite   0x000000000010f5d8       0x38 g:/devkitpro/devkitarm/bin/../lib/gcc/arm-none-eabi/11.1.0/../../../../arm-none-eabi/lib/armv6k/fpu\libg.a(lib_a-fwrite.o)
                0x000000000010f5d8                fwrite
 .text.__libc_init_array
                0x000000000010f610       0x7c g:/devkitpro/devkitarm/bin/../lib/gcc/arm-none-eabi/11.1.0/../../../../arm-none-eabi/lib/armv6k/fpu\libg.a(lib_a-init.o)
                0x000000000010f610                __libc_init_array
 .text.__smakebuf_r
                0x000000000010f68c      0x138 g:/devkitpro/devkitarm/bin/../lib/gcc/arm-none-eabi/11.1.0/../../../../arm-none-eabi/lib/armv6k/fpu\libg.a(lib_a-makebuf.o)
                0x000000000010f68c                __smakebuf_r
 .text.memalign
                0x000000000010f7c4       0x28 g:/devkitpro/devkitarm/bin/../lib/gcc/arm-none-eabi/11.1.0/../../../../arm-none-eabi/lib/armv6k/fpu\libg.a(lib_a-malign.o)
                0x000000000010f7c4                memalign
 .text._memalign_r
                0x000000000010f7ec      0x150 g:/devkitpro/devkitarm/bin/../lib/gcc/arm-none-eabi/11.1.0/../../../../arm-none-eabi/lib/armv6k/fpu\libg.a(lib_a-malignr.o)
                0x000000000010f7ec                _memalign_r
 .text.malloc   0x000000000010f93c       0x20 g:/devkitpro/devkitarm/bin/../lib/gcc/arm-none-eabi/11.1.0/../../../../arm-none-eabi/lib/armv6k/fpu\libg.a(lib_a-malloc.o)
                0x000000000010f93c                malloc
 .text.free     0x000000000010f95c       0x20 g:/devkitpro/devkitarm/bin/../lib/gcc/arm-none-eabi/11.1.0/../../../../arm-none-eabi/lib/armv6k/fpu\libg.a(lib_a-malloc.o)
                0x000000000010f95c                free
 .text._malloc_r
                0x000000000010f97c      0x7e0 g:/devkitpro/devkitarm/bin/../lib/gcc/arm-none-eabi/11.1.0/../../../../arm-none-eabi/lib/armv6k/fpu\libg.a(lib_a-mallocr.o)
                0x000000000010f97c                _malloc_r
 .text.memcpy   0x000000000011015c      0x11c g:/devkitpro/devkitarm/bin/../lib/gcc/arm-none-eabi/11.1.0/../../../../arm-none-eabi/lib/armv6k/fpu\libg.a(lib_a-memcpy-stub.o)
                0x000000000011015c                memcpy
 .text.memset   0x0000000000110278      0x118 g:/devkitpro/devkitarm/bin/../lib/gcc/arm-none-eabi/11.1.0/../../../../arm-none-eabi/lib/armv6k/fpu\libg.a(lib_a-memset.o)
                0x0000000000110278                memset
 .text.__malloc_lock
                0x0000000000110390        0xc g:/devkitpro/devkitarm/bin/../lib/gcc/arm-none-eabi/11.1.0/../../../../arm-none-eabi/lib/armv6k/fpu\libg.a(lib_a-mlock.o)
                0x0000000000110390                __malloc_lock
 .text.__malloc_unlock
                0x000000000011039c        0xc g:/devkitpro/devkitarm/bin/../lib/gcc/arm-none-eabi/11.1.0/../../../../arm-none-eabi/lib/armv6k/fpu\libg.a(lib_a-mlock.o)
                0x000000000011039c                __malloc_unlock
 .text.qsort    0x00000000001103a8      0x958 g:/devkitpro/devkitarm/bin/../lib/gcc/arm-none-eabi/11.1.0/../../../../arm-none-eabi/lib/armv6k/fpu\libg.a(lib_a-qsort.o)
                0x00000000001103a8                qsort
 .text._realloc_r
                0x0000000000110d00      0x558 g:/devkitpro/devkitarm/bin/../lib/gcc/arm-none-eabi/11.1.0/../../../../arm-none-eabi/lib/armv6k/fpu\libg.a(lib_a-reallocr.o)
                0x0000000000110d00                _realloc_r
 .text.lflush   0x0000000000111258       0x1c g:/devkitpro/devkitarm/bin/../lib/gcc/arm-none-eabi/11.1.0/../../../../arm-none-eabi/lib/armv6k/fpu\libg.a(lib_a-refill.o)
 .text.__srefill_r
                0x0000000000111274      0x1ac g:/devkitpro/devkitarm/bin/../lib/gcc/arm-none-eabi/11.1.0/../../../../arm-none-eabi/lib/armv6k/fpu\libg.a(lib_a-refill.o)
                0x0000000000111274                __srefill_r
 .text.__sread  0x0000000000111420       0x44 g:/devkitpro/devkitarm/bin/../lib/gcc/arm-none-eabi/11.1.0/../../../../arm-none-eabi/lib/armv6k/fpu\libg.a(lib_a-stdio.o)
                0x0000000000111420                __sread
 .text.__swrite
                0x0000000000111464       0x68 g:/devkitpro/devkitarm/bin/../lib/gcc/arm-none-eabi/11.1.0/../../../../arm-none-eabi/lib/armv6k/fpu\libg.a(lib_a-stdio.o)
                0x0000000000111464                __swrite
 .text.__sseek  0x00000000001114cc       0x48 g:/devkitpro/devkitarm/bin/../lib/gcc/arm-none-eabi/11.1.0/../../../../arm-none-eabi/lib/armv6k/fpu\libg.a(lib_a-stdio.o)
                0x00000000001114cc                __sseek
 .text.__sclose
                0x0000000000111514        0x8 g:/devkitpro/devkitarm/bin/../lib/gcc/arm-none-eabi/11.1.0/../../../../arm-none-eabi/lib/armv6k/fpu\libg.a(lib_a-stdio.o)
                0x0000000000111514                __sclose
 .text.strchr   0x000000000011151c      0x12c g:/devkitpro/devkitarm/bin/../lib/gcc/arm-none-eabi/11.1.0/../../../../arm-none-eabi/lib/armv6k/fpu\libg.a(lib_a-strchr.o)
                0x000000000011151c                strchr
 .text.strlen   0x0000000000111648       0x5c g:/devkitpro/devkitarm/bin/../lib/gcc/arm-none-eabi/11.1.0/../../../../arm-none-eabi/lib/armv6k/fpu\libg.a(lib_a-strlen-stub.o)
                0x0000000000111648                strlen
 .text.strncat  0x00000000001116a4       0xec g:/devkitpro/devkitarm/bin/../lib/gcc/arm-none-eabi/11.1.0/../../../../arm-none-eabi/lib/armv6k/fpu\libg.a(lib_a-strncat.o)
                0x00000000001116a4                strncat
 .text.strncmp  0x0000000000111790       0xdc g:/devkitpro/devkitarm/bin/../lib/gcc/arm-none-eabi/11.1.0/../../../../arm-none-eabi/lib/armv6k/fpu\libg.a(lib_a-strncmp.o)
                0x0000000000111790                strncmp
 .text.strncpy  0x000000000011186c       0xc0 g:/devkitpro/devkitarm/bin/../lib/gcc/arm-none-eabi/11.1.0/../../../../arm-none-eabi/lib/armv6k/fpu\libg.a(lib_a-strncpy.o)
                0x000000000011186c                strncpy
 .text.strnlen  0x000000000011192c       0x48 g:/devkitpro/devkitarm/bin/../lib/gcc/arm-none-eabi/11.1.0/../../../../arm-none-eabi/lib/armv6k/fpu\libg.a(lib_a-strnlen.o)
                0x000000000011192c                strnlen
 .text.__call_exitprocs
                0x0000000000111974      0x114 g:/devkitpro/devkitarm/bin/../lib/gcc/arm-none-eabi/11.1.0/../../../../arm-none-eabi/lib/armv6k/fpu\libg.a(lib_a-__call_atexit.o)
                0x0000000000111974                __call_exitprocs
 .text.__sflags
                0x0000000000111a88       0xcc g:/devkitpro/devkitarm/bin/../lib/gcc/arm-none-eabi/11.1.0/../../../../arm-none-eabi/lib/armv6k/fpu\libg.a(lib_a-flags.o)
                0x0000000000111a88                __sflags
 .text.__sfvwrite_r
                0x0000000000111b54      0x4c0 g:/devkitpro/devkitarm/bin/../lib/gcc/arm-none-eabi/11.1.0/../../../../arm-none-eabi/lib/armv6k/fpu\libg.a(lib_a-fvwrite.o)
                0x0000000000111b54                __sfvwrite_r
 .text.memchr   0x0000000000112014       0xe0 g:/devkitpro/devkitarm/bin/../lib/gcc/arm-none-eabi/11.1.0/../../../../arm-none-eabi/lib/armv6k/fpu\libg.a(lib_a-memchr-stub.o)
                0x0000000000112014                memchr
 .text.memmove  0x00000000001120f4      0x154 g:/devkitpro/devkitarm/bin/../lib/gcc/arm-none-eabi/11.1.0/../../../../arm-none-eabi/lib/armv6k/fpu\libg.a(lib_a-memmove.o)
                0x00000000001120f4                memmove
 .text.__swsetup_r
                0x0000000000112248      0x154 g:/devkitpro/devkitarm/bin/../lib/gcc/arm-none-eabi/11.1.0/../../../../arm-none-eabi/lib/armv6k/fpu\libg.a(lib_a-wsetup.o)
                0x0000000000112248                __swsetup_r
 .text.null_write
                0x000000000011239c        0x8 g:/devkitpro/devkitarm/bin/../lib/gcc/arm-none-eabi/11.1.0/../../../../arm-none-eabi/lib/armv6k/fpu\libsysbase.a(iosupport.o)
 .text.setDefaultDevice
                0x00000000001123a4       0x18 g:/devkitpro/devkitarm/bin/../lib/gcc/arm-none-eabi/11.1.0/../../../../arm-none-eabi/lib/armv6k/fpu\libsysbase.a(iosupport.o)
                0x00000000001123a4                setDefaultDevice
 .text.FindDevice
                0x00000000001123bc       0xc8 g:/devkitpro/devkitarm/bin/../lib/gcc/arm-none-eabi/11.1.0/../../../../arm-none-eabi/lib/armv6k/fpu\libsysbase.a(iosupport.o)
                0x00000000001123bc                FindDevice
 .text.RemoveDevice
                0x0000000000112484       0x28 g:/devkitpro/devkitarm/bin/../lib/gcc/arm-none-eabi/11.1.0/../../../../arm-none-eabi/lib/armv6k/fpu\libsysbase.a(iosupport.o)
                0x0000000000112484                RemoveDevice
 .text.AddDevice
                0x00000000001124ac       0x9c g:/devkitpro/devkitarm/bin/../lib/gcc/arm-none-eabi/11.1.0/../../../../arm-none-eabi/lib/armv6k/fpu\libsysbase.a(iosupport.o)
                0x00000000001124ac                AddDevice
 .text.GetDeviceOpTab
                0x0000000000112548       0x20 g:/devkitpro/devkitarm/bin/../lib/gcc/arm-none-eabi/11.1.0/../../../../arm-none-eabi/lib/armv6k/fpu\libsysbase.a(iosupport.o)
                0x0000000000112548                GetDeviceOpTab
 .text._fstat_r
                0x0000000000112568       0x78 g:/devkitpro/devkitarm/bin/../lib/gcc/arm-none-eabi/11.1.0/../../../../arm-none-eabi/lib/armv6k/fpu\libsysbase.a(fstat.o)
                0x0000000000112568                _fstat_r
 .text._isatty_r
                0x00000000001125e0        0x8 g:/devkitpro/devkitarm/bin/../lib/gcc/arm-none-eabi/11.1.0/../../../../arm-none-eabi/lib/armv6k/fpu\libsysbase.a(isatty.o)
                0x00000000001125e0                _isatty_r
 .text._lseek_r
                0x00000000001125e8       0x84 g:/devkitpro/devkitarm/bin/../lib/gcc/arm-none-eabi/11.1.0/../../../../arm-none-eabi/lib/armv6k/fpu\libsysbase.a(lseek.o)
                0x00000000001125e8                _lseek_r
 .text._open_r  0x000000000011266c       0xc8 g:/devkitpro/devkitarm/bin/../lib/gcc/arm-none-eabi/11.1.0/../../../../arm-none-eabi/lib/armv6k/fpu\libsysbase.a(open.o)
                0x000000000011266c                _open_r
 .text._read_r  0x0000000000112734       0x80 g:/devkitpro/devkitarm/bin/../lib/gcc/arm-none-eabi/11.1.0/../../../../arm-none-eabi/lib/armv6k/fpu\libsysbase.a(read.o)
                0x0000000000112734                _read_r
 .text._sbrk_r  0x00000000001127b4       0x78 g:/devkitpro/devkitarm/bin/../lib/gcc/arm-none-eabi/11.1.0/../../../../arm-none-eabi/lib/armv6k/fpu\libsysbase.a(sbrk.o)
                0x00000000001127b4                _sbrk_r
 .text._write_r
                0x000000000011282c       0x80 g:/devkitpro/devkitarm/bin/../lib/gcc/arm-none-eabi/11.1.0/../../../../arm-none-eabi/lib/armv6k/fpu\libsysbase.a(write.o)
                0x000000000011282c                _write_r
 .text._exit    0x00000000001128ac       0x24 g:/devkitpro/devkitarm/bin/../lib/gcc/arm-none-eabi/11.1.0/../../../../arm-none-eabi/lib/armv6k/fpu\libsysbase.a(_exit.o)
                0x00000000001128ac                _exit
 .text._concatenate_path
                0x00000000001128d0      0x1b8 g:/devkitpro/devkitarm/bin/../lib/gcc/arm-none-eabi/11.1.0/../../../../arm-none-eabi/lib/armv6k/fpu\libsysbase.a(chdir.o)
                0x00000000001128d0                _concatenate_path
 .text.chdir    0x0000000000112a88      0x160 g:/devkitpro/devkitarm/bin/../lib/gcc/arm-none-eabi/11.1.0/../../../../arm-none-eabi/lib/armv6k/fpu\libsysbase.a(chdir.o)
                0x0000000000112a88                chdir
 .text.mkdir    0x0000000000112be8       0x60 g:/devkitpro/devkitarm/bin/../lib/gcc/arm-none-eabi/11.1.0/../../../../arm-none-eabi/lib/armv6k/fpu\libsysbase.a(mkdir.o)
                0x0000000000112be8                mkdir
 .text.__flockfile
                0x0000000000112c48        0x8 g:/devkitpro/devkitarm/bin/../lib/gcc/arm-none-eabi/11.1.0/../../../../arm-none-eabi/lib/armv6k/fpu\libsysbase.a(flock.o)
                0x0000000000112c48                __flockfile
 .text.__funlockfile
                0x0000000000112c50        0x8 g:/devkitpro/devkitarm/bin/../lib/gcc/arm-none-eabi/11.1.0/../../../../arm-none-eabi/lib/armv6k/fpu\libsysbase.a(flock.o)
                0x0000000000112c50                __funlockfile
 .text.__libc_lock_acquire
                0x0000000000112c58       0x18 g:/devkitpro/devkitarm/bin/../lib/gcc/arm-none-eabi/11.1.0/../../../../arm-none-eabi/lib/armv6k/fpu\libsysbase.a(syscall_support.o)
                0x0000000000112c58                __libc_lock_acquire
 .text.__libc_lock_release
                0x0000000000112c70       0x18 g:/devkitpro/devkitarm/bin/../lib/gcc/arm-none-eabi/11.1.0/../../../../arm-none-eabi/lib/armv6k/fpu\libsysbase.a(syscall_support.o)
                0x0000000000112c70                __libc_lock_release
 .text.__libc_lock_init_recursive
                0x0000000000112c88       0x18 g:/devkitpro/devkitarm/bin/../lib/gcc/arm-none-eabi/11.1.0/../../../../arm-none-eabi/lib/armv6k/fpu\libsysbase.a(syscall_support.o)
                0x0000000000112c88                __libc_lock_init_recursive
 .text.__libc_lock_acquire_recursive
                0x0000000000112ca0       0x18 g:/devkitpro/devkitarm/bin/../lib/gcc/arm-none-eabi/11.1.0/../../../../arm-none-eabi/lib/armv6k/fpu\libsysbase.a(syscall_support.o)
                0x0000000000112ca0                __libc_lock_acquire_recursive
 .text.__libc_lock_release_recursive
                0x0000000000112cb8       0x18 g:/devkitpro/devkitarm/bin/../lib/gcc/arm-none-eabi/11.1.0/../../../../arm-none-eabi/lib/armv6k/fpu\libsysbase.a(syscall_support.o)
                0x0000000000112cb8                __libc_lock_release_recursive
 .text.__libc_lock_close_recursive
                0x0000000000112cd0       0x18 g:/devkitpro/devkitarm/bin/../lib/gcc/arm-none-eabi/11.1.0/../../../../arm-none-eabi/lib/armv6k/fpu\libsysbase.a(syscall_support.o)
                0x0000000000112cd0                __libc_lock_close_recursive
 .text.__release_handle
                0x0000000000112ce8       0x8c g:/devkitpro/devkitarm/bin/../lib/gcc/arm-none-eabi/11.1.0/../../../../arm-none-eabi/lib/armv6k/fpu\libsysbase.a(handle_manager.o)
                0x0000000000112ce8                __release_handle
 .text.__alloc_handle
                0x0000000000112d74       0xb4 g:/devkitpro/devkitarm/bin/../lib/gcc/arm-none-eabi/11.1.0/../../../../arm-none-eabi/lib/armv6k/fpu\libsysbase.a(handle_manager.o)
                0x0000000000112d74                __alloc_handle
 .text.__get_handle
                0x0000000000112e28       0x3c g:/devkitpro/devkitarm/bin/../lib/gcc/arm-none-eabi/11.1.0/../../../../arm-none-eabi/lib/armv6k/fpu\libsysbase.a(handle_manager.o)
                0x0000000000112e28                __get_handle
 .text._close_r
                0x0000000000112e64       0xf4 g:/devkitpro/devkitarm/bin/../lib/gcc/arm-none-eabi/11.1.0/../../../../arm-none-eabi/lib/armv6k/fpu\libsysbase.a(handle_manager.o)
                0x0000000000112e64                _close_r
 .text.__getreent
                0x0000000000112f58       0x28 g:/devkitpro/devkitarm/bin/../lib/gcc/arm-none-eabi/11.1.0/../../../../arm-none-eabi/lib/armv6k/fpu\libsysbase.a(getreent.o)
                0x0000000000112f58                __getreent
 .text.strrchr  0x0000000000112f80       0x44 g:/devkitpro/devkitarm/bin/../lib/gcc/arm-none-eabi/11.1.0/../../../../arm-none-eabi/lib/armv6k/fpu\libg.a(lib_a-strrchr.o)
                0x0000000000112f80                strrchr
 *(.glue_7)
 .glue_7        0x0000000000112fc4        0x0 linker stubs
 *(.glue_7t)
 .glue_7t       0x0000000000112fc4        0x0 linker stubs
 *(.stub)
 *(.gnu.warning)
 *(.gnu.linkonce.t*)
                0x0000000000112fc4                . = ALIGN (0x4)
 *(.fini)
 .fini          0x0000000000112fc4        0xc g:/devkitpro/devkitarm/bin/../lib/gcc/arm-none-eabi/11.1.0/armv6k/fpu/crti.o
                0x0000000000112fc4                _fini
 .fini          0x0000000000112fd0        0xc g:/devkitpro/devkitarm/bin/../lib/gcc/arm-none-eabi/11.1.0/armv6k/fpu/crtn.o
                0x0000000000112fdc                . = ALIGN (0x4)

.vfp11_veneer   0x0000000000112fdc        0x0
 .vfp11_veneer  0x0000000000112fdc        0x0 linker stubs

.v4_bx          0x0000000000112fdc        0x0
 .v4_bx         0x0000000000112fdc        0x0 linker stubs

.iplt           0x0000000000112fdc        0x0
 .iplt          0x0000000000112fdc        0x0 g:/devkitpro/devkitarm/bin/../lib/gcc/arm-none-eabi/11.1.0/../../../../arm-none-eabi/lib/armv6k/fpu/3dsx_crt0.o
                0x0000000000113000                . = ALIGN (0x1000)

.rodata         0x0000000000113000      0x6c0
 *(.rodata)
 .rodata        0x0000000000113000        0x3 G:/devkitPro/libctru/lib\libctru.a(apt.o)
 *fill*         0x0000000000113003        0x1 
 .rodata        0x0000000000113004        0xc G:/devkitPro/libctru/lib\libctru.a(archive_dev.o)
 *(.roda)
 *(.rodata.*)
 .rodata.str1.4
                0x0000000000113010      0x1a0 app.o
 .rodata.str1.4
                0x00000000001131b0       0x9e gui.o
 *fill*         0x000000000011324e        0x2 
 .rodata.C2D_Init.str1.4
                0x0000000000113250       0x10 G:/devkitPro/libctru/lib\libcitro2d.a(base.o)
 .rodata.render2d_shbin
                0x0000000000113260      0x190 G:/devkitPro/libctru/lib\libcitro2d.a(render2d.shbin.o)
                0x0000000000113260                render2d_shbin
                0x00000000001133ec                render2d_shbin_end
                0x00000000001133ec                render2d_shbin_size
 .rodata.colorFmtSizes
                0x00000000001133f0        0x5 G:/devkitPro/libctru/lib\libcitro3d.a(framebuffer.o)
 *fill*         0x00000000001133f5        0x3 
 .rodata.depthFmtSizes
                0x00000000001133f8        0x4 G:/devkitPro/libctru/lib\libcitro3d.a(framebuffer.o)
 .rodata.CSWTCH.9
                0x00000000001133fc       0x10 G:/devkitPro/libctru/lib\libcitro3d.a(proctex.o)
 .rodata.gspInit.str1.4
                0x000000000011340c        0x9 G:/devkitPro/libctru/lib\libctru.a(gspgpu.o)
 *fill*         0x0000000000113415        0x3 
 .rodata.aptSendCommand.str1.4
                0x0000000000113418       0x16 G:/devkitPro/libctru/lib\libctru.a(apt.o)
 *fill*         0x000000000011342e        0x2 
 .rodata.morton_x.3
                0x0000000000113430        0x8 G:/devkitPro/libctru/lib\libctru.a(apt.o)
 .rodata.morton_y.2
                0x0000000000113438        0x8 G:/devkitPro/libctru/lib\libctru.a(apt.o)
 .rodata.s_sleepWakeEvents.4
                0x0000000000113440        0x8 G:/devkitPro/libctru/lib\libctru.a(apt.o)
 .rodata.hidInit.str1.4
                0x0000000000113448       0x15 G:/devkitPro/libctru/lib\libctru.a(hid.o)
 *fill*         0x000000000011345d        0x3 
 .rodata.ptmSysmInit.str1.4
                0x0000000000113460        0x9 G:/devkitPro/libctru/lib\libctru.a(ptmsysm.o)
 *fill*         0x0000000000113469        0x3 
 .rodata.httpcInit.str1.4
                0x000000000011346c        0x7 G:/devkitPro/libctru/lib\libctru.a(httpc.o)
 *fill*         0x0000000000113473        0x1 
 .rodata.fsInit.str1.4
                0x0000000000113474        0x8 G:/devkitPro/libctru/lib\libctru.a(fs.o)
 .rodata.srvInit.str1.4
                0x000000000011347c        0x5 G:/devkitPro/libctru/lib\libctru.a(srv.o)
 *fill*         0x0000000000113481        0x3 
 .rodata.irrstInit.str1.4
                0x0000000000113484        0x7 G:/devkitPro/libctru/lib\libctru.a(irrst.o)
 *fill*         0x000000000011348b        0x1 
 .rodata.str1.4
                0x000000000011348c        0x8 G:/devkitPro/libctru/lib\libctru.a(archive_dev.o)
                                          0xc (size before relaxing)
 .rodata._archiveUnmountDeviceStruct.part.0.str1.4
                0x0000000000113494        0x2 G:/devkitPro/libctru/lib\libctru.a(archive_dev.o)
 *fill*         0x0000000000113496        0x2 
 .rodata._archiveMountDevice.str1.4
                0x0000000000113498        0x8 G:/devkitPro/libctru/lib\libctru.a(archive_dev.o)
 .rodata.archiveMountSdmc.str1.4
                0x00000000001134a0        0x5 G:/devkitPro/libctru/lib\libctru.a(archive_dev.o)
 *fill*         0x00000000001134a5        0x3 
 .rodata.archive_devoptab
                0x00000000001134a8       0x70 G:/devkitPro/libctru/lib\libctru.a(archive_dev.o)
 .rodata.error_table
                0x0000000000113518       0x30 G:/devkitPro/libctru/lib\libctru.a(archive_dev.o)
 .rodata._global_impure_ptr
                0x0000000000113548        0x4 g:/devkitpro/devkitarm/bin/../lib/gcc/arm-none-eabi/11.1.0/../../../../arm-none-eabi/lib/armv6k/fpu\libg.a(lib_a-impure.o)
                0x0000000000113548                _global_impure_ptr
 .rodata._ctype_
                0x000000000011354c      0x101 g:/devkitpro/devkitarm/bin/../lib/gcc/arm-none-eabi/11.1.0/../../../../arm-none-eabi/lib/armv6k/fpu\libg.a(lib_a-ctype_.o)
                0x000000000011354c                _ctype_
 .rodata.AddDevice.str1.4
                0x000000000011364d        0x8 g:/devkitpro/devkitarm/bin/../lib/gcc/arm-none-eabi/11.1.0/../../../../arm-none-eabi/lib/armv6k/fpu\libsysbase.a(iosupport.o)
 *fill*         0x000000000011364d        0x3 
 .rodata.dotab_stdnull
                0x0000000000113650       0x70 g:/devkitpro/devkitarm/bin/../lib/gcc/arm-none-eabi/11.1.0/../../../../arm-none-eabi/lib/armv6k/fpu\libsysbase.a(iosupport.o)
                0x0000000000113650                dotab_stdnull
 *all.rodata*(*)
 *(.gnu.linkonce.r*)
                0x00000000001136c0                . = ALIGN (0x4)

.eh_frame       0x00000000001136c0        0x0
 .eh_frame      0x00000000001136c0        0x0 g:/devkitpro/devkitarm/bin/../lib/gcc/arm-none-eabi/11.1.0/armv6k/fpu/crtbegin.o

.rel.dyn        0x00000000001136c0        0x0
 .rel.iplt      0x00000000001136c0        0x0 g:/devkitpro/devkitarm/bin/../lib/gcc/arm-none-eabi/11.1.0/../../../../arm-none-eabi/lib/armv6k/fpu/3dsx_crt0.o
 .rel.got       0x00000000001136c0        0x0 g:/devkitpro/devkitarm/bin/../lib/gcc/arm-none-eabi/11.1.0/../../../../arm-none-eabi/lib/armv6k/fpu/3dsx_crt0.o

.ARM.extab
 *(.ARM.extab* .gnu.linkonce.armextab.*)
                0x00000000001136c0                __exidx_start = .

ARM.exidx
 *(.ARM.exidx* .gnu.linkonce.armexidx.*)
                0x00000000001136c0                __exidx_end = .
                0x0000000000114000                . = ALIGN (0x1000)

.data           0x0000000000114000     0x1d80
 *(.data)
 .data          0x0000000000114000        0xc app.o
                0x0000000000114000                mode
                0x0000000000114004                searchTerm
                0x0000000000114008                newsContent
 *(.data.*)
 .data.framerate
                0x000000000011400c        0x4 G:/devkitPro/libctru/lib\libcitro3d.a(renderqueue.o)
 .data.framerateCounter
                0x0000000000114010        0x8 G:/devkitPro/libctru/lib\libcitro3d.a(renderqueue.o)
 .data.queueLock
                0x0000000000114018        0x4 G:/devkitPro/libctru/lib\libctru.a(gxqueue.o)
 .data.__stacksize__
                0x000000000011401c        0x4 G:/devkitPro/libctru/lib\libctru.a(stack_adjust.o)
                0x000000000011401c                __stacksize__
 .data.__sfp_recursive_mutex
                0x0000000000114020        0xc g:/devkitpro/devkitarm/bin/../lib/gcc/arm-none-eabi/11.1.0/../../../../arm-none-eabi/lib/armv6k/fpu\libg.a(lib_a-findfp.o)
 .data.__sinit_recursive_mutex
                0x000000000011402c        0xc g:/devkitpro/devkitarm/bin/../lib/gcc/arm-none-eabi/11.1.0/../../../../arm-none-eabi/lib/armv6k/fpu\libg.a(lib_a-findfp.o)
 .data._impure_ptr
                0x0000000000114038        0x4 g:/devkitpro/devkitarm/bin/../lib/gcc/arm-none-eabi/11.1.0/../../../../arm-none-eabi/lib/armv6k/fpu\libg.a(lib_a-impure.o)
                0x0000000000114038                _impure_ptr
 *fill*         0x000000000011403c        0x4 
 .data.impure_data
                0x0000000000114040      0x460 g:/devkitpro/devkitarm/bin/../lib/gcc/arm-none-eabi/11.1.0/../../../../arm-none-eabi/lib/armv6k/fpu\libg.a(lib_a-impure.o)
 .data.__malloc_av_
                0x00000000001144a0      0x408 g:/devkitpro/devkitarm/bin/../lib/gcc/arm-none-eabi/11.1.0/../../../../arm-none-eabi/lib/armv6k/fpu\libg.a(lib_a-mallocr.o)
                0x00000000001144a0                __malloc_av_
 .data.__malloc_sbrk_base
                0x00000000001148a8        0x4 g:/devkitpro/devkitarm/bin/../lib/gcc/arm-none-eabi/11.1.0/../../../../arm-none-eabi/lib/armv6k/fpu\libg.a(lib_a-mallocr.o)
                0x00000000001148a8                __malloc_sbrk_base
 .data.__malloc_trim_threshold
                0x00000000001148ac        0x4 g:/devkitpro/devkitarm/bin/../lib/gcc/arm-none-eabi/11.1.0/../../../../arm-none-eabi/lib/armv6k/fpu\libg.a(lib_a-mallocr.o)
                0x00000000001148ac                __malloc_trim_threshold
 .data.__malloc_recursive_mutex
                0x00000000001148b0        0xc g:/devkitpro/devkitarm/bin/../lib/gcc/arm-none-eabi/11.1.0/../../../../arm-none-eabi/lib/armv6k/fpu\libg.a(lib_a-mlock.o)
 .data.__atexit_recursive_mutex
                0x00000000001148bc        0xc g:/devkitpro/devkitarm/bin/../lib/gcc/arm-none-eabi/11.1.0/../../../../arm-none-eabi/lib/armv6k/fpu\libg.a(lib_a-__call_atexit.o)
                0x00000000001148bc                __atexit_recursive_mutex
 .data.defaultDevice
                0x00000000001148c8        0x4 g:/devkitpro/devkitarm/bin/../lib/gcc/arm-none-eabi/11.1.0/../../../../arm-none-eabi/lib/armv6k/fpu\libsysbase.a(iosupport.o)
 .data.devoptab_list
                0x00000000001148cc       0x8c g:/devkitpro/devkitarm/bin/../lib/gcc/arm-none-eabi/11.1.0/../../../../arm-none-eabi/lib/armv6k/fpu\libsysbase.a(iosupport.o)
                0x00000000001148cc                devoptab_list
 .data._current_working_directory
                0x0000000000114958      0x400 g:/devkitpro/devkitarm/bin/../lib/gcc/arm-none-eabi/11.1.0/../../../../arm-none-eabi/lib/armv6k/fpu\libsysbase.a(chdir.o)
 .data.__hndl_lock
                0x0000000000114d58        0x4 g:/devkitpro/devkitarm/bin/../lib/gcc/arm-none-eabi/11.1.0/../../../../arm-none-eabi/lib/armv6k/fpu\libsysbase.a(handle_manager.o)
 .data.__stderr_handle
                0x0000000000114d5c        0xc g:/devkitpro/devkitarm/bin/../lib/gcc/arm-none-eabi/11.1.0/../../../../arm-none-eabi/lib/armv6k/fpu\libsysbase.a(handle_manager.o)
 .data.__stdin_handle
                0x0000000000114d68        0xc g:/devkitpro/devkitarm/bin/../lib/gcc/arm-none-eabi/11.1.0/../../../../arm-none-eabi/lib/armv6k/fpu\libsysbase.a(handle_manager.o)
 .data.__stdout_handle
                0x0000000000114d74        0xc g:/devkitpro/devkitarm/bin/../lib/gcc/arm-none-eabi/11.1.0/../../../../arm-none-eabi/lib/armv6k/fpu\libsysbase.a(handle_manager.o)
 .data.handles  0x0000000000114d80     0x1000 g:/devkitpro/devkitarm/bin/../lib/gcc/arm-none-eabi/11.1.0/../../../../arm-none-eabi/lib/armv6k/fpu\libsysbase.a(handle_manager.o)
 *(.gnu.linkonce.d*)
                0x0000000000115d80                . = ALIGN (0x4)

.igot.plt       0x0000000000115d80        0x0
 .igot.plt      0x0000000000115d80        0x0 g:/devkitpro/devkitarm/bin/../lib/gcc/arm-none-eabi/11.1.0/../../../../arm-none-eabi/lib/armv6k/fpu/3dsx_crt0.o

.got            0x0000000000115d80        0x8
 .got           0x0000000000115d80        0x8 g:/devkitpro/devkitarm/bin/../lib/gcc/arm-none-eabi/11.1.0/../../../../arm-none-eabi/lib/armv6k/fpu/3dsx_crt0.o

.got.plt        0x0000000000115d88        0xc
 .got.plt       0x0000000000115d88        0xc g:/devkitpro/devkitarm/bin/../lib/gcc/arm-none-eabi/11.1.0/../../../../arm-none-eabi/lib/armv6k/fpu/3dsx_crt0.o
                0x0000000000115d88                _GLOBAL_OFFSET_TABLE_

.tdata          0x0000000000115d94        0x0
                0x0000000000115d94                __tdata_lma = .
 *(.tdata)
 *(.tdata.*)
 *(.gnu.linkonce.td.*)
                0x0000000000115d94                . = ALIGN (0x4)
                0x0000000000115d94                __tdata_lma_end = .

.tbss           0x0000000000115d94      0xc08
 *(.tbss)
 *(.tbss.*)
 .tbss.__ctru_dev_path_buf
                0x0000000000115d94      0x401 G:/devkitPro/libctru/lib\libctru.a(path_buf.o)
                0x0000000000115d94                __ctru_dev_path_buf
 *fill*         0x0000000000116195        0x3 
 .tbss.__ctru_dev_utf16_buf
                0x0000000000116198      0x802 G:/devkitPro/libctru/lib\libctru.a(path_buf.o)
                0x0000000000116198                __ctru_dev_utf16_buf
 *(.gnu.linkonce.tb.*)
 *(.tcommon)
                0x000000000011699c                . = ALIGN (0x4)
 *fill*         0x000000000011699a        0x2 

.preinit_array  0x0000000000115d94        0x0
                0x0000000000115d94                PROVIDE (__preinit_array_start = .)
 *(.preinit_array)
                0x0000000000115d94                PROVIDE (__preinit_array_end = .)

.init_array     0x0000000000115d94        0x4
                0x0000000000115d94                PROVIDE (__init_array_start = .)
 *(SORT_BY_NAME(.init_array.*))
 *(.init_array)
 .init_array    0x0000000000115d94        0x4 g:/devkitpro/devkitarm/bin/../lib/gcc/arm-none-eabi/11.1.0/armv6k/fpu/crtbegin.o
                0x0000000000115d98                PROVIDE (__init_array_end = .)

.fini_array     0x0000000000115d98        0x4
                0x0000000000115d98                PROVIDE (__fini_array_start = .)
 *(.fini_array)
 .fini_array    0x0000000000115d98        0x4 g:/devkitpro/devkitarm/bin/../lib/gcc/arm-none-eabi/11.1.0/armv6k/fpu/crtbegin.o
 *(SORT_BY_NAME(.fini_array.*))
                0x0000000000115d9c                PROVIDE (__fini_array_end = .)

.ctors
 *crtbegin.o(.ctors)
 *(EXCLUDE_FILE(*crtend.o) .ctors)
 *(SORT_BY_NAME(.ctors.*))
 *(.ctors)

.dtors
 *crtbegin.o(.dtors)